Archive member included to satisfy reference by file (symbol)

c:/siliconlabs/simplicitystudio/v4/developer/toolchains/gnu_arm/7.2_2017q4/bin/../lib/gcc/arm-none-eabi/7.2.1/thumb/v7e-m/fpv4-sp/softfp\libgcc.a(_aeabi_uldivmod.o)
                              ./emlib/em_usart.o (__aeabi_uldivmod)
c:/siliconlabs/simplicitystudio/v4/developer/toolchains/gnu_arm/7.2_2017q4/bin/../lib/gcc/arm-none-eabi/7.2.1/thumb/v7e-m/fpv4-sp/softfp\libgcc.a(_udivmoddi4.o)
                              c:/siliconlabs/simplicitystudio/v4/developer/toolchains/gnu_arm/7.2_2017q4/bin/../lib/gcc/arm-none-eabi/7.2.1/thumb/v7e-m/fpv4-sp/softfp\libgcc.a(_aeabi_uldivmod.o) (__udivmoddi4)
c:/siliconlabs/simplicitystudio/v4/developer/toolchains/gnu_arm/7.2_2017q4/bin/../lib/gcc/arm-none-eabi/7.2.1/thumb/v7e-m/fpv4-sp/softfp\libgcc.a(_dvmd_tls.o)
                              c:/siliconlabs/simplicitystudio/v4/developer/toolchains/gnu_arm/7.2_2017q4/bin/../lib/gcc/arm-none-eabi/7.2.1/thumb/v7e-m/fpv4-sp/softfp\libgcc.a(_aeabi_uldivmod.o) (__aeabi_ldiv0)
c:/siliconlabs/simplicitystudio/v4/developer/toolchains/gnu_arm/7.2_2017q4/bin/../lib/gcc/arm-none-eabi/7.2.1/../../../../arm-none-eabi/lib/thumb/v7e-m/fpv4-sp/softfp\libc_nano.a(lib_a-exit.o)
                              c:/siliconlabs/simplicitystudio/v4/developer/toolchains/gnu_arm/7.2_2017q4/bin/../lib/gcc/arm-none-eabi/7.2.1/../../../../arm-none-eabi/lib/thumb/v7e-m/fpv4-sp/softfp/crt0.o (exit)
c:/siliconlabs/simplicitystudio/v4/developer/toolchains/gnu_arm/7.2_2017q4/bin/../lib/gcc/arm-none-eabi/7.2.1/../../../../arm-none-eabi/lib/thumb/v7e-m/fpv4-sp/softfp\libc_nano.a(lib_a-impure.o)
                              c:/siliconlabs/simplicitystudio/v4/developer/toolchains/gnu_arm/7.2_2017q4/bin/../lib/gcc/arm-none-eabi/7.2.1/../../../../arm-none-eabi/lib/thumb/v7e-m/fpv4-sp/softfp\libc_nano.a(lib_a-exit.o) (_global_impure_ptr)
c:/siliconlabs/simplicitystudio/v4/developer/toolchains/gnu_arm/7.2_2017q4/bin/../lib/gcc/arm-none-eabi/7.2.1/../../../../arm-none-eabi/lib/thumb/v7e-m/fpv4-sp/softfp\libc_nano.a(lib_a-init.o)
                              c:/siliconlabs/simplicitystudio/v4/developer/toolchains/gnu_arm/7.2_2017q4/bin/../lib/gcc/arm-none-eabi/7.2.1/../../../../arm-none-eabi/lib/thumb/v7e-m/fpv4-sp/softfp/crt0.o (__libc_init_array)
c:/siliconlabs/simplicitystudio/v4/developer/toolchains/gnu_arm/7.2_2017q4/bin/../lib/gcc/arm-none-eabi/7.2.1/../../../../arm-none-eabi/lib/thumb/v7e-m/fpv4-sp/softfp\libc_nano.a(lib_a-memcpy-stub.o)
                              ./emlib/em_crypto.o (memcpy)
c:/siliconlabs/simplicitystudio/v4/developer/toolchains/gnu_arm/7.2_2017q4/bin/../lib/gcc/arm-none-eabi/7.2.1/../../../../arm-none-eabi/lib/thumb/v7e-m/fpv4-sp/softfp\libc_nano.a(lib_a-memset.o)
                              c:/siliconlabs/simplicitystudio/v4/developer/toolchains/gnu_arm/7.2_2017q4/bin/../lib/gcc/arm-none-eabi/7.2.1/../../../../arm-none-eabi/lib/thumb/v7e-m/fpv4-sp/softfp/crt0.o (memset)
c:/siliconlabs/simplicitystudio/v4/developer/toolchains/gnu_arm/7.2_2017q4/bin/../lib/gcc/arm-none-eabi/7.2.1/../../../../arm-none-eabi/lib/thumb/v7e-m/fpv4-sp/softfp\libnosys.a(_exit.o)
                              c:/siliconlabs/simplicitystudio/v4/developer/toolchains/gnu_arm/7.2_2017q4/bin/../lib/gcc/arm-none-eabi/7.2.1/../../../../arm-none-eabi/lib/thumb/v7e-m/fpv4-sp/softfp\libc_nano.a(lib_a-exit.o) (_exit)

Discarded input sections

 .text          0x00000000        0x0 c:/siliconlabs/simplicitystudio/v4/developer/toolchains/gnu_arm/7.2_2017q4/bin/../lib/gcc/arm-none-eabi/7.2.1/thumb/v7e-m/fpv4-sp/softfp/crti.o
 .data          0x00000000        0x0 c:/siliconlabs/simplicitystudio/v4/developer/toolchains/gnu_arm/7.2_2017q4/bin/../lib/gcc/arm-none-eabi/7.2.1/thumb/v7e-m/fpv4-sp/softfp/crti.o
 .bss           0x00000000        0x0 c:/siliconlabs/simplicitystudio/v4/developer/toolchains/gnu_arm/7.2_2017q4/bin/../lib/gcc/arm-none-eabi/7.2.1/thumb/v7e-m/fpv4-sp/softfp/crti.o
 .data          0x00000000        0x4 c:/siliconlabs/simplicitystudio/v4/developer/toolchains/gnu_arm/7.2_2017q4/bin/../lib/gcc/arm-none-eabi/7.2.1/thumb/v7e-m/fpv4-sp/softfp/crtbegin.o
 .data          0x00000000        0x0 c:/siliconlabs/simplicitystudio/v4/developer/toolchains/gnu_arm/7.2_2017q4/bin/../lib/gcc/arm-none-eabi/7.2.1/../../../../arm-none-eabi/lib/thumb/v7e-m/fpv4-sp/softfp/crt0.o
 .bss           0x00000000        0x0 c:/siliconlabs/simplicitystudio/v4/developer/toolchains/gnu_arm/7.2_2017q4/bin/../lib/gcc/arm-none-eabi/7.2.1/../../../../arm-none-eabi/lib/thumb/v7e-m/fpv4-sp/softfp/crt0.o
 .ARM.extab     0x00000000        0x0 c:/siliconlabs/simplicitystudio/v4/developer/toolchains/gnu_arm/7.2_2017q4/bin/../lib/gcc/arm-none-eabi/7.2.1/../../../../arm-none-eabi/lib/thumb/v7e-m/fpv4-sp/softfp/crt0.o
 .data          0x00000000        0x0 ./CMSIS/EFM32PG12B/startup_gcc_efm32pg12b.o
 .bss           0x00000000        0x0 ./CMSIS/EFM32PG12B/startup_gcc_efm32pg12b.o
[...]
Memory Configuration

Name             Origin             Length             Attributes
FLASH            0x00000000         0x00100000         xr
RAM              0x20000000         0x00040000         xrw
*default*        0x00000000         0xffffffff

Linker script and memory map

LOAD c:/siliconlabs/simplicitystudio/v4/developer/toolchains/gnu_arm/7.2_2017q4/bin/../lib/gcc/arm-none-eabi/7.2.1/thumb/v7e-m/fpv4-sp/softfp/crti.o
LOAD c:/siliconlabs/simplicitystudio/v4/developer/toolchains/gnu_arm/7.2_2017q4/bin/../lib/gcc/arm-none-eabi/7.2.1/thumb/v7e-m/fpv4-sp/softfp/crtbegin.o
LOAD c:/siliconlabs/simplicitystudio/v4/developer/toolchains/gnu_arm/7.2_2017q4/bin/../lib/gcc/arm-none-eabi/7.2.1/../../../../arm-none-eabi/lib/thumb/v7e-m/fpv4-sp/softfp/crt0.o
LOAD ./CMSIS/EFM32PG12B/startup_gcc_efm32pg12b.o
LOAD ./CMSIS/EFM32PG12B/system_efm32pg12b.o
LOAD ./emlib/em_acmp.o
LOAD ./emlib/em_adc.o
LOAD ./emlib/em_aes.o
LOAD ./emlib/em_assert.o
LOAD ./emlib/em_burtc.o
LOAD ./emlib/em_can.o
LOAD ./emlib/em_cmu.o
LOAD ./emlib/em_core.o
LOAD ./emlib/em_cryotimer.o
LOAD ./emlib/em_crypto.o
LOAD ./emlib/em_csen.o
LOAD ./emlib/em_dac.o
LOAD ./emlib/em_dbg.o
LOAD ./emlib/em_dma.o
LOAD ./emlib/em_ebi.o
LOAD ./emlib/em_emu.o
LOAD ./emlib/em_eusart.o
LOAD ./emlib/em_gpcrc.o
LOAD ./emlib/em_gpio.o
LOAD ./emlib/em_i2c.o
LOAD ./emlib/em_iadc.o
LOAD ./emlib/em_idac.o
LOAD ./emlib/em_int.o
LOAD ./emlib/em_lcd.o
LOAD ./emlib/em_ldma.o
LOAD ./emlib/em_lesense.o
LOAD ./emlib/em_letimer.o
LOAD ./emlib/em_leuart.o
LOAD ./emlib/em_mpu.o
LOAD ./emlib/em_msc.o
LOAD ./emlib/em_opamp.o
LOAD ./emlib/em_pcnt.o
LOAD ./emlib/em_pdm.o
LOAD ./emlib/em_prs.o
LOAD ./emlib/em_qspi.o
LOAD ./emlib/em_rmu.o
LOAD ./emlib/em_rtc.o
LOAD ./emlib/em_rtcc.o
LOAD ./emlib/em_se.o
LOAD ./emlib/em_system.o
LOAD ./emlib/em_timer.o
LOAD ./emlib/em_usart.o
LOAD ./emlib/em_vcmp.o
LOAD ./emlib/em_vdac.o
LOAD ./emlib/em_wdog.o
LOAD ./src/Source_Files/app.o
LOAD ./src/Source_Files/cmu.o
LOAD ./src/Source_Files/gpio.o
LOAD ./src/Source_Files/letimer.o
LOAD ./src/Source_Files/scheduler.o
LOAD ./src/Source_Files/sleep_routines.o
LOAD ./src/main.o
START GROUP
LOAD c:/siliconlabs/simplicitystudio/v4/developer/toolchains/gnu_arm/7.2_2017q4/bin/../lib/gcc/arm-none-eabi/7.2.1/thumb/v7e-m/fpv4-sp/softfp\libgcc.a
LOAD c:/siliconlabs/simplicitystudio/v4/developer/toolchains/gnu_arm/7.2_2017q4/bin/../lib/gcc/arm-none-eabi/7.2.1/../../../../arm-none-eabi/lib/thumb/v7e-m/fpv4-sp/softfp\libc_nano.a
LOAD c:/siliconlabs/simplicitystudio/v4/developer/toolchains/gnu_arm/7.2_2017q4/bin/../lib/gcc/arm-none-eabi/7.2.1/../../../../arm-none-eabi/lib/thumb/v7e-m/fpv4-sp/softfp\libnosys.a
END GROUP
START GROUP
LOAD c:/siliconlabs/simplicitystudio/v4/developer/toolchains/gnu_arm/7.2_2017q4/bin/../lib/gcc/arm-none-eabi/7.2.1/thumb/v7e-m/fpv4-sp/softfp\libgcc.a
LOAD c:/siliconlabs/simplicitystudio/v4/developer/toolchains/gnu_arm/7.2_2017q4/bin/../lib/gcc/arm-none-eabi/7.2.1/../../../../arm-none-eabi/lib/thumb/v7e-m/fpv4-sp/softfp\libg_nano.a
LOAD c:/siliconlabs/simplicitystudio/v4/developer/toolchains/gnu_arm/7.2_2017q4/bin/../lib/gcc/arm-none-eabi/7.2.1/../../../../arm-none-eabi/lib/thumb/v7e-m/fpv4-sp/softfp\libc_nano.a
END GROUP
START GROUP
LOAD c:/siliconlabs/simplicitystudio/v4/developer/toolchains/gnu_arm/7.2_2017q4/bin/../lib/gcc/arm-none-eabi/7.2.1/thumb/v7e-m/fpv4-sp/softfp\libgcc.a
LOAD c:/siliconlabs/simplicitystudio/v4/developer/toolchains/gnu_arm/7.2_2017q4/bin/../lib/gcc/arm-none-eabi/7.2.1/../../../../arm-none-eabi/lib/thumb/v7e-m/fpv4-sp/softfp\libc_nano.a
END GROUP
LOAD c:/siliconlabs/simplicitystudio/v4/developer/toolchains/gnu_arm/7.2_2017q4/bin/../lib/gcc/arm-none-eabi/7.2.1/thumb/v7e-m/fpv4-sp/softfp/crtend.o
LOAD c:/siliconlabs/simplicitystudio/v4/developer/toolchains/gnu_arm/7.2_2017q4/bin/../lib/gcc/arm-none-eabi/7.2.1/thumb/v7e-m/fpv4-sp/softfp/crtn.o

.text           0x00000000     0x36e4
 *(.vectors)
 .vectors       0x00000000      0x10c ./CMSIS/EFM32PG12B/startup_gcc_efm32pg12b.o
                0x00000000                __Vectors
                0x0000010c                __Vectors_End = .
                0x0000010c                __Vectors_Size = (__Vectors_End - __Vectors)
                0x0000010c                __end__ = .
 *(.text*)
 .text          0x0000010c       0x40 c:/siliconlabs/simplicitystudio/v4/developer/toolchains/gnu_arm/7.2_2017q4/bin/../lib/gcc/arm-none-eabi/7.2.1/thumb/v7e-m/fpv4-sp/softfp/crtbegin.o
 .text          0x0000014c       0x74 c:/siliconlabs/simplicitystudio/v4/developer/toolchains/gnu_arm/7.2_2017q4/bin/../lib/gcc/arm-none-eabi/7.2.1/../../../../arm-none-eabi/lib/thumb/v7e-m/fpv4-sp/softfp/crt0.o
                0x0000014c                _start
                0x0000014c                _mainCRTStartup
 .text          0x000001c0       0x30 ./CMSIS/EFM32PG12B/startup_gcc_efm32pg12b.o
                0x000001c0                Reset_Handler
                0x000001ec                USART0_TX_IRQHandler
                0x000001ec                I2C0_IRQHandler
                0x000001ec                HardFault_Handler
                0x000001ec                SysTick_Handler
                0x000001ec                USART1_RX_IRQHandler
                0x000001ec                PendSV_Handler
                0x000001ec                NMI_Handler
                0x000001ec                I2C1_IRQHandler
                0x000001ec                WTIMER0_IRQHandler
                0x000001ec                CRYPTO0_IRQHandler
                0x000001ec                WDOG0_IRQHandler
                0x000001ec                USART1_TX_IRQHandler
                0x000001ec                SMU_IRQHandler
                0x000001ec                MSC_IRQHandler
                0x000001ec                ADC0_IRQHandler
                0x000001ec                UsageFault_Handler
                0x000001ec                WDOG1_IRQHandler
                0x000001ec                LEUART0_IRQHandler
                0x000001ec                FPUEH_IRQHandler
                0x000001ec                WTIMER1_IRQHandler
                0x000001ec                GPIO_EVEN_IRQHandler
                0x000001ec                VDAC0_IRQHandler
                0x000001ec                LDMA_IRQHandler
                0x000001ec                CSEN_IRQHandler
                0x000001ec                CRYPTO1_IRQHandler
                0x000001ec                TIMER0_IRQHandler
                0x000001ec                DebugMon_Handler
                0x000001ec                PCNT2_IRQHandler
                0x000001ec                TIMER1_IRQHandler
                0x000001ec                TRNG0_IRQHandler
                0x000001ec                USART2_RX_IRQHandler
                0x000001ec                Default_Handler
                0x000001ec                EMU_IRQHandler
                0x000001ec                CRYOTIMER_IRQHandler
                0x000001ec                PCNT0_IRQHandler
                0x000001ec                sl_app_properties
                0x000001ec                PCNT1_IRQHandler
                0x000001ec                ACMP0_IRQHandler
                0x000001ec                USART0_RX_IRQHandler
                0x000001ec                MemManage_Handler
                0x000001ec                SVC_Handler
                0x000001ec                USART3_RX_IRQHandler
                0x000001ec                RTCC_IRQHandler
                0x000001ec                CMU_IRQHandler
                0x000001ec                LESENSE_IRQHandler
                0x000001ec                GPIO_ODD_IRQHandler
                0x000001ec                USART3_TX_IRQHandler
                0x000001ec                BusFault_Handler
                0x000001ec                USART2_TX_IRQHandler
                0x000001ec                IDAC0_IRQHandler
 .text.SystemCoreClockGet
                0x000001f0       0x40 ./CMSIS/EFM32PG12B/system_efm32pg12b.o
                0x000001f0                SystemCoreClockGet
 .text.SystemMaxCoreClockGet
                0x00000230       0x14 ./CMSIS/EFM32PG12B/system_efm32pg12b.o
                0x00000230                SystemMaxCoreClockGet
 .text.SystemHFClockGet
                0x00000244       0x88 ./CMSIS/EFM32PG12B/system_efm32pg12b.o
                0x00000244                SystemHFClockGet
 .text.SystemHFXOClockGet
                0x000002cc       0x18 ./CMSIS/EFM32PG12B/system_efm32pg12b.o
                0x000002cc                SystemHFXOClockGet
 .text.SystemInit
                0x000002e4       0x2c ./CMSIS/EFM32PG12B/system_efm32pg12b.o
                0x000002e4                SystemInit
 .text.assertEFM
                0x00000310        0xc ./emlib/em_assert.o
                0x00000310                assertEFM
 .text.BUS_RegBitWrite
                0x0000031c       0x2e ./emlib/em_cmu.o
 .text.BUS_RegBitRead
                0x0000034a       0x2a ./emlib/em_cmu.o
 .text.EMU_LDOStatusGet
                0x00000374       0x24 ./emlib/em_cmu.o
 .text.EMU_VScaleWait
                0x00000398       0x30 ./emlib/em_cmu.o
 .text.EMU_VScaleGet
                0x000003c8       0x1c ./emlib/em_cmu.o
 .text.setHfLeConfig
                0x000003e4       0x64 ./emlib/em_cmu.o
 .text.flashWaitStateControl
                0x00000448       0x98 ./emlib/em_cmu.o
 .text.flashWaitStateMax
                0x000004e0       0x44 ./emlib/em_cmu.o
 .text.CMU_UpdateWaitStates
                0x00000524       0x40 ./emlib/em_cmu.o
                0x00000524                CMU_UpdateWaitStates
 .text.getRegIshUpperVal
                0x00000564       0x36 ./emlib/em_cmu.o
 *fill*         0x0000059a        0x2 
 .text.getHfxoTuningMode
                0x0000059c       0x1c ./emlib/em_cmu.o
 .text.setHfxoTuningMode
                0x000005b8       0x2c ./emlib/em_cmu.o
 .text.syncReg  0x000005e4       0x38 ./emlib/em_cmu.o
 .text.hfperClkSafePrescaler
                0x0000061c        0xe ./emlib/em_cmu.o
 .text.hfperClkOptimizedPrescaler
                0x0000062a        0xe ./emlib/em_cmu.o
 .text.CMU_ClockEnable
                0x00000638       0xd8 ./emlib/em_cmu.o
                0x00000638                CMU_ClockEnable
 .text.CMU_ClockSelectGet
                0x00000710      0x1c8 ./emlib/em_cmu.o
                0x00000710                CMU_ClockSelectGet
 .text.CMU_ClockSelectSet
                0x000008d8      0x348 ./emlib/em_cmu.o
                0x000008d8                CMU_ClockSelectSet
 .text.CMU_HFRCODevinfoGet
                0x00000c20       0xdc ./emlib/em_cmu.o
 .text.CMU_HFRCOBandGet
                0x00000cfc       0x18 ./emlib/em_cmu.o
                0x00000cfc                CMU_HFRCOBandGet
 .text.CMU_HFRCOBandSet
                0x00000d14      0x178 ./emlib/em_cmu.o
                0x00000d14                CMU_HFRCOBandSet
 .text.CMU_HFXOInit
                0x00000e8c      0x104 ./emlib/em_cmu.o
                0x00000e8c                CMU_HFXOInit
 .text.CMU_OscillatorEnable
                0x00000f90      0x1bc ./emlib/em_cmu.o
                0x00000f90                CMU_OscillatorEnable
 .text.CMU_OscillatorTuningGet
                0x0000114c       0x7c ./emlib/em_cmu.o
                0x0000114c                CMU_OscillatorTuningGet
 .text.CMU_OscillatorTuningSet
                0x000011c8      0x154 ./emlib/em_cmu.o
                0x000011c8                CMU_OscillatorTuningSet
 .text.CMU_OscillatorTuningWait
                0x0000131c       0xb4 ./emlib/em_cmu.o
                0x0000131c                CMU_OscillatorTuningWait
 .text.CMU_OscillatorTuningOptimize
                0x000013d0       0x64 ./emlib/em_cmu.o
                0x000013d0                CMU_OscillatorTuningOptimize
 .text.CORE_EnterCritical
                0x00001434       0x20 ./emlib/em_core.o
                0x00001434                CORE_EnterCritical
 .text.CORE_ExitCritical
                0x00001454       0x1c ./emlib/em_core.o
                0x00001454                CORE_ExitCritical
 .text.SystemCoreClockUpdate
                0x00001470        0xc ./emlib/em_emu.o
 .text.BUS_RegBitWrite
                0x0000147c       0x2e ./emlib/em_emu.o
 .text.BUS_RegBitRead
                0x000014aa       0x2a ./emlib/em_emu.o
 .text.EMU_LDOStatusGet
                0x000014d4       0x24 ./emlib/em_emu.o
 .text.EMU_VScaleWait
                0x000014f8       0x30 ./emlib/em_emu.o
 .text.EMU_VScaleGet
                0x00001528       0x1c ./emlib/em_emu.o
 .text.EMU_IntClear
                0x00001544       0x20 ./emlib/em_emu.o
 .text.EMU_IntGet
                0x00001564       0x18 ./emlib/em_emu.o
 .text.EMU_PowerLock
                0x0000157c       0x18 ./emlib/em_emu.o
 .text.EMU_PowerUnlock
                0x00001594       0x1c ./emlib/em_emu.o
 .text.CMU_Lock
                0x000015b0       0x1c ./emlib/em_emu.o
 .text.CMU_Unlock
                0x000015cc       0x1c ./emlib/em_emu.o
 .text.vScaleEM01Cmd
                0x000015e8       0x22 ./emlib/em_emu.o
 *fill*         0x0000160a        0x2 
 .text.emState  0x0000160c      0x158 ./emlib/em_emu.o
 .text.vScaleDownEM23Setup
                0x00001764       0x64 ./emlib/em_emu.o
 .text.vScaleAfterWakeup
                0x000017c8       0x48 ./emlib/em_emu.o
 .text.EMU_EM23PresleepHook
                0x00001810        0xe ./emlib/em_emu.o
                0x00001810                EMU_EM23PresleepHook
 .text.EMU_EM23PostsleepHook
                0x0000181e        0xe ./emlib/em_emu.o
                0x0000181e                EMU_EM23PostsleepHook
 .text.EMU_EnterEM2
                0x0000182c       0x90 ./emlib/em_emu.o
                0x0000182c                EMU_EnterEM2
 .text.EMU_EnterEM3
                0x000018bc       0xb8 ./emlib/em_emu.o
                0x000018bc                EMU_EnterEM3
 .text.EMU_VScaleEM01ByClock
                0x00001974       0x84 ./emlib/em_emu.o
                0x00001974                EMU_VScaleEM01ByClock
 .text.EMU_VScaleEM01
                0x000019f8       0xb4 ./emlib/em_emu.o
                0x000019f8                EMU_VScaleEM01
 .text.EMU_EM23Init
                0x00001aac       0x50 ./emlib/em_emu.o
                0x00001aac                EMU_EM23Init
 .text.dcdcConstCalibrationLoad
                0x00001afc       0x10 ./emlib/em_emu.o
 .text.dcdcValidatedConfigSet
                0x00001b0c       0x40 ./emlib/em_emu.o
 .text.currentLimitersUpdate
                0x00001b4c      0x124 ./emlib/em_emu.o
 .text.userCurrentLimitsSet
                0x00001c70       0x30 ./emlib/em_emu.o
 .text.compCtrlSet
                0x00001ca0       0x4c ./emlib/em_emu.o
 .text.lpCmpHystCalibrationLoad
                0x00001cec       0xec ./emlib/em_emu.o
 .text.lpGetDevinfoVrefLowHigh
                0x00001dd8      0x164 ./emlib/em_emu.o
 .text.EMU_DCDCModeSet
                0x00001f3c      0x10c ./emlib/em_emu.o
                0x00001f3c                EMU_DCDCModeSet
 .text.EMU_DCDCInit
                0x00002048      0x1c8 ./emlib/em_emu.o
                0x00002048                EMU_DCDCInit
 .text.EMU_DCDCOutputVoltageSet
                0x00002210      0x2d8 ./emlib/em_emu.o
                0x00002210                EMU_DCDCOutputVoltageSet
 .text.EMU_DCDCOptimizeSlice
                0x000024e8       0xe8 ./emlib/em_emu.o
                0x000024e8                EMU_DCDCOptimizeSlice
 .text.EMU_DCDCLnRcoBandSet
                0x000025d0       0x64 ./emlib/em_emu.o
                0x000025d0                EMU_DCDCLnRcoBandSet
 .text.BUS_RegMaskedSet
                0x00002634       0x24 ./emlib/em_gpio.o
 .text.BUS_RegMaskedClear
                0x00002658       0x24 ./emlib/em_gpio.o
 .text.BUS_RegMaskedWrite
                0x0000267c       0x24 ./emlib/em_gpio.o
 .text.GPIO_PinOutClear
                0x000026a0       0xd0 ./emlib/em_gpio.o
 .text.GPIO_PinOutSet
                0x00002770       0xd0 ./emlib/em_gpio.o
 .text.GPIO_DriveStrengthSet
                0x00002840       0x8c ./emlib/em_gpio.o
                0x00002840                GPIO_DriveStrengthSet
 .text.GPIO_PinModeSet
                0x000028cc      0x18c ./emlib/em_gpio.o
                0x000028cc                GPIO_PinModeSet
 .text.regSync  0x00002a58       0x24 ./emlib/em_letimer.o
 .text.LETIMER_Enable
                0x00002a7c       0x4c ./emlib/em_letimer.o
                0x00002a7c                LETIMER_Enable
 .text.LETIMER_Init
                0x00002ac8      0x110 ./emlib/em_letimer.o
                0x00002ac8                LETIMER_Init
 .text.app_peripheral_setup
                0x00002bd8       0x30 ./src/Source_Files/app.o
                0x00002bd8                app_peripheral_setup
 .text.app_letimer_pwm_open
                0x00002c08       0x6c ./src/Source_Files/app.o
 .text.scheduled_letimer0_uf_cb
                0x00002c74       0x58 ./src/Source_Files/app.o
                0x00002c74                scheduled_letimer0_uf_cb
 .text.scheduled_letimer0_comp0_cb
                0x00002ccc       0x1c ./src/Source_Files/app.o
                0x00002ccc                scheduled_letimer0_comp0_cb
 .text.scheduled_letimer0_comp1_cb
                0x00002ce8       0x1c ./src/Source_Files/app.o
                0x00002ce8                scheduled_letimer0_comp1_cb
 .text.cmu_open
                0x00002d04       0x40 ./src/Source_Files/cmu.o
                0x00002d04                cmu_open
 .text.gpio_open
                0x00002d44       0x3c ./src/Source_Files/gpio.o
                0x00002d44                gpio_open
 .text.__NVIC_EnableIRQ
                0x00002d80       0x3c ./src/Source_Files/letimer.o
 .text.letimer_pwm_open
                0x00002dbc      0x1b4 ./src/Source_Files/letimer.o
                0x00002dbc                letimer_pwm_open
 .text.letimer_start
                0x00002f70       0x64 ./src/Source_Files/letimer.o
                0x00002f70                letimer_start
 .text.LETIMER0_IRQHandler
                0x00002fd4       0xac ./src/Source_Files/letimer.o
                0x00002fd4                LETIMER0_IRQHandler
 .text.scheduler_open
                0x00003080       0x18 ./src/Source_Files/scheduler.o
                0x00003080                scheduler_open
 .text.add_scheduled_event
                0x00003098       0x2c ./src/Source_Files/scheduler.o
                0x00003098                add_scheduled_event
 .text.remove_scheduled_event
                0x000030c4       0x30 ./src/Source_Files/scheduler.o
                0x000030c4                remove_scheduled_event
 .text.get_scheduled_events
                0x000030f4       0x18 ./src/Source_Files/scheduler.o
                0x000030f4                get_scheduled_events
 .text.EMU_EnterEM1
                0x0000310c       0x20 ./src/Source_Files/sleep_routines.o
 .text.sleep_open
                0x0000312c       0x30 ./src/Source_Files/sleep_routines.o
                0x0000312c                sleep_open
 .text.sleep_block_mode
                0x0000315c       0x34 ./src/Source_Files/sleep_routines.o
                0x0000315c                sleep_block_mode
 .text.sleep_unblock_mode
                0x00003190       0x6c ./src/Source_Files/sleep_routines.o
                0x00003190                sleep_unblock_mode
 .text.enter_sleep
                0x000031fc       0x64 ./src/Source_Files/sleep_routines.o
                0x000031fc                enter_sleep
 .text.current_block_energy_mode
                0x00003260       0x3c ./src/Source_Files/sleep_routines.o
                0x00003260                current_block_energy_mode
 .text.SYSTEM_GetProdRev
                0x0000329c       0x1c ./src/main.o
 .text.CHIP_Init
                0x000032b8       0x84 ./src/main.o
 .text.main     0x0000333c       0xc4 ./src/main.o
                0x0000333c                main
 .text.exit     0x00003400       0x28 c:/siliconlabs/simplicitystudio/v4/developer/toolchains/gnu_arm/7.2_2017q4/bin/../lib/gcc/arm-none-eabi/7.2.1/../../../../arm-none-eabi/lib/thumb/v7e-m/fpv4-sp/softfp\libc_nano.a(lib_a-exit.o)
                0x00003400                exit
 .text.__libc_init_array
                0x00003428       0x48 c:/siliconlabs/simplicitystudio/v4/developer/toolchains/gnu_arm/7.2_2017q4/bin/../lib/gcc/arm-none-eabi/7.2.1/../../../../arm-none-eabi/lib/thumb/v7e-m/fpv4-sp/softfp\libc_nano.a(lib_a-init.o)
                0x00003428                __libc_init_array
 .text.memset   0x00003470       0x10 c:/siliconlabs/simplicitystudio/v4/developer/toolchains/gnu_arm/7.2_2017q4/bin/../lib/gcc/arm-none-eabi/7.2.1/../../../../arm-none-eabi/lib/thumb/v7e-m/fpv4-sp/softfp\libc_nano.a(lib_a-memset.o)
                0x00003470                memset
 .text._exit    0x00003480        0x4 c:/siliconlabs/simplicitystudio/v4/developer/toolchains/gnu_arm/7.2_2017q4/bin/../lib/gcc/arm-none-eabi/7.2.1/../../../../arm-none-eabi/lib/thumb/v7e-m/fpv4-sp/softfp\libnosys.a(_exit.o)
                0x00003480                _exit
 *(.init)
 .init          0x00003484        0x4 c:/siliconlabs/simplicitystudio/v4/developer/toolchains/gnu_arm/7.2_2017q4/bin/../lib/gcc/arm-none-eabi/7.2.1/thumb/v7e-m/fpv4-sp/softfp/crti.o
                0x00003484                _init
 .init          0x00003488        0x8 c:/siliconlabs/simplicitystudio/v4/developer/toolchains/gnu_arm/7.2_2017q4/bin/../lib/gcc/arm-none-eabi/7.2.1/thumb/v7e-m/fpv4-sp/softfp/crtn.o
 *(.fini)
 .fini          0x00003490        0x4 c:/siliconlabs/simplicitystudio/v4/developer/toolchains/gnu_arm/7.2_2017q4/bin/../lib/gcc/arm-none-eabi/7.2.1/thumb/v7e-m/fpv4-sp/softfp/crti.o
                0x00003490                _fini
 .fini          0x00003494        0x8 c:/siliconlabs/simplicitystudio/v4/developer/toolchains/gnu_arm/7.2_2017q4/bin/../lib/gcc/arm-none-eabi/7.2.1/thumb/v7e-m/fpv4-sp/softfp/crtn.o
 *fill*         0x0000349c        0x4 
 .fini.__stub   0x000034a0        0x8 linker stubs
 *crtbegin.o(.ctors)
 *crtbegin?.o(.ctors)
 *(EXCLUDE_FILE(*crtend.o *crtend?.o) .ctors)
 *(SORT_BY_NAME(.ctors.*))
 *(.ctors)
 *crtbegin.o(.dtors)
 *crtbegin?.o(.dtors)
 *(EXCLUDE_FILE(*crtend.o *crtend?.o) .dtors)
 *(SORT_BY_NAME(.dtors.*))
 *(.dtors)
 *(.rodata*)
 .rodata        0x000034a8       0xde ./emlib/em_cmu.o
 *fill*         0x00003586        0x2 
 .rodata.flashWsTable
                0x00003588       0x28 ./emlib/em_cmu.o
 .rodata        0x000035b0       0x12 ./emlib/em_emu.o
 *fill*         0x000035c2        0x2 
 .rodata        0x000035c4       0x77 ./emlib/em_gpio.o
 *fill*         0x0000363b        0x1 
 .rodata        0x0000363c       0x16 ./emlib/em_letimer.o
 *fill*         0x00003652        0x2 
 .rodata        0x00003654       0x1a ./src/Source_Files/app.o
 *fill*         0x0000366e        0x2 
 .rodata        0x00003670       0x1e ./src/Source_Files/letimer.o
 *fill*         0x0000368e        0x2 
 .rodata        0x00003690       0x25 ./src/Source_Files/sleep_routines.o
 *fill*         0x000036b5        0x3 
 .rodata        0x000036b8       0x22 ./src/main.o
 *fill*         0x000036da        0x2 
 .rodata._global_impure_ptr
                0x000036dc        0x4 c:/siliconlabs/simplicitystudio/v4/developer/toolchains/gnu_arm/7.2_2017q4/bin/../lib/gcc/arm-none-eabi/7.2.1/../../../../arm-none-eabi/lib/thumb/v7e-m/fpv4-sp/softfp\libc_nano.a(lib_a-impure.o)
                0x000036dc                _global_impure_ptr
 *(.eh_frame*)
 .eh_frame      0x000036e0        0x0 c:/siliconlabs/simplicitystudio/v4/developer/toolchains/gnu_arm/7.2_2017q4/bin/../lib/gcc/arm-none-eabi/7.2.1/thumb/v7e-m/fpv4-sp/softfp/crtbegin.o
 .eh_frame      0x000036e0        0x4 c:/siliconlabs/simplicitystudio/v4/developer/toolchains/gnu_arm/7.2_2017q4/bin/../lib/gcc/arm-none-eabi/7.2.1/thumb/v7e-m/fpv4-sp/softfp/crtend.o

.glue_7         0x000036e4        0x0
 .glue_7        0x000036e4        0x0 linker stubs

.glue_7t        0x000036e4        0x0
 .glue_7t       0x000036e4        0x0 linker stubs

.vfp11_veneer   0x000036e4        0x0
 .vfp11_veneer  0x000036e4        0x0 linker stubs

.v4_bx          0x000036e4        0x0
 .v4_bx         0x000036e4        0x0 linker stubs

.iplt           0x000036e4        0x0
 .iplt          0x000036e4        0x0 c:/siliconlabs/simplicitystudio/v4/developer/toolchains/gnu_arm/7.2_2017q4/bin/../lib/gcc/arm-none-eabi/7.2.1/thumb/v7e-m/fpv4-sp/softfp/crtbegin.o

.ARM.extab
 *(.ARM.extab* .gnu.linkonce.armextab.*)
                0x000036e4                __exidx_start = .

.ARM.exidx      0x000036e4        0x8
 *(.ARM.exidx* .gnu.linkonce.armexidx.*)
 .ARM.exidx     0x000036e4        0x8 c:/siliconlabs/simplicitystudio/v4/developer/toolchains/gnu_arm/7.2_2017q4/bin/../lib/gcc/arm-none-eabi/7.2.1/../../../../arm-none-eabi/lib/thumb/v7e-m/fpv4-sp/softfp/crt0.o
                0x000036ec                __exidx_end = .
                0x000036ec                __etext = .

.rel.dyn        0x000036ec        0x0
 .rel.iplt      0x000036ec        0x0 c:/siliconlabs/simplicitystudio/v4/developer/toolchains/gnu_arm/7.2_2017q4/bin/../lib/gcc/arm-none-eabi/7.2.1/thumb/v7e-m/fpv4-sp/softfp/crtbegin.o

.data           0x20000000       0xa0 load address 0x000036ec
                0x20000000                __data_start__ = .
 *(vtable)
 *(.data*)
 .data.SystemHFXOClock
                0x20000000        0x4 ./CMSIS/EFM32PG12B/system_efm32pg12b.o
 .data.SystemLFXOClock
                0x20000004        0x4 ./CMSIS/EFM32PG12B/system_efm32pg12b.o
 .data.SystemCoreClock
                0x20000008        0x4 ./CMSIS/EFM32PG12B/system_efm32pg12b.o
                0x20000008                SystemCoreClock
 .data.SystemHfrcoFreq
                0x2000000c        0x4 ./CMSIS/EFM32PG12B/system_efm32pg12b.o
                0x2000000c                SystemHfrcoFreq
 .data.impure_data
                0x20000010       0x60 c:/siliconlabs/simplicitystudio/v4/developer/toolchains/gnu_arm/7.2_2017q4/bin/../lib/gcc/arm-none-eabi/7.2.1/../../../../arm-none-eabi/lib/thumb/v7e-m/fpv4-sp/softfp\libc_nano.a(lib_a-impure.o)
                0x20000070                . = ALIGN (0x4)
                [!provide]                PROVIDE (__ram_func_section_start, .)
 *(.ram)
 .ram           0x20000070       0x28 ./emlib/em_emu.o
                [!provide]                PROVIDE (__ram_func_section_end, .)
                0x20000098                . = ALIGN (0x4)
                0x20000098                PROVIDE (__preinit_array_start, .)
 *(.preinit_array)
                0x20000098                PROVIDE (__preinit_array_end, .)
                0x20000098                . = ALIGN (0x4)
                0x20000098                PROVIDE (__init_array_start, .)
 *(SORT_BY_NAME(.init_array.*))
 *(.init_array)
 .init_array    0x20000098        0x4 c:/siliconlabs/simplicitystudio/v4/developer/toolchains/gnu_arm/7.2_2017q4/bin/../lib/gcc/arm-none-eabi/7.2.1/thumb/v7e-m/fpv4-sp/softfp/crtbegin.o
                0x2000009c                PROVIDE (__init_array_end, .)
                0x2000009c                . = ALIGN (0x4)
                [!provide]                PROVIDE (__fini_array_start, .)
 *(SORT_BY_NAME(.fini_array.*))
 *(.fini_array)
 .fini_array    0x2000009c        0x4 c:/siliconlabs/simplicitystudio/v4/developer/toolchains/gnu_arm/7.2_2017q4/bin/../lib/gcc/arm-none-eabi/7.2.1/thumb/v7e-m/fpv4-sp/softfp/crtbegin.o
                [!provide]                PROVIDE (__fini_array_end, .)
 *(.jcr*)
                0x200000a0                . = ALIGN (0x4)
                0x200000a0                __data_end__ = .

.igot.plt       0x200000a0        0x0 load address 0x0000378c
 .igot.plt      0x200000a0        0x0 c:/siliconlabs/simplicitystudio/v4/developer/toolchains/gnu_arm/7.2_2017q4/bin/../lib/gcc/arm-none-eabi/7.2.1/thumb/v7e-m/fpv4-sp/softfp/crtbegin.o

.bss            0x200000a0       0x58 load address 0x0000378c
                0x200000a0                . = ALIGN (0x4)
                0x200000a0                __bss_start__ = .
 *(.bss*)
 .bss           0x200000a0       0x1c c:/siliconlabs/simplicitystudio/v4/developer/toolchains/gnu_arm/7.2_2017q4/bin/../lib/gcc/arm-none-eabi/7.2.1/thumb/v7e-m/fpv4-sp/softfp/crtbegin.o
 .bss.dcdcMaxCurrent_mA
                0x200000bc        0x2 ./emlib/em_emu.o
 .bss.dcdcEm01LoadCurrent_mA
                0x200000be        0x2 ./emlib/em_emu.o
 .bss.dcdcReverseCurrentControl
                0x200000c0        0x2 ./emlib/em_emu.o
 *fill*         0x200000c2        0x2 
 .bss.vScaleEM01Config
                0x200000c4        0x1 ./emlib/em_emu.o
 *fill*         0x200000c5        0x3 
 .bss.cmuStatus.7817
                0x200000c8        0x4 ./emlib/em_emu.o
 .bss.hfClock.7818
                0x200000cc        0x1 ./emlib/em_emu.o
 .bss.vScaleStatus.7819
                0x200000cd        0x1 ./emlib/em_emu.o
 *fill*         0x200000ce        0x2 
 .bss.hfrcoCtrl.7820
                0x200000d0        0x4 ./emlib/em_emu.o
 .bss.scheduled_comp0_cb
                0x200000d4        0x4 ./src/Source_Files/letimer.o
 .bss.scheduled_comp1_cb
                0x200000d8        0x4 ./src/Source_Files/letimer.o
 .bss.scheduled_uf_cb
                0x200000dc        0x4 ./src/Source_Files/letimer.o
 .bss.event_scheduled
                0x200000e0        0x4 ./src/Source_Files/scheduler.o
 .bss.lowest_energy_mode
                0x200000e4       0x14 ./src/Source_Files/sleep_routines.o
 *(COMMON)
                0x200000f8                . = ALIGN (0x4)
                0x200000f8                __bss_end__ = .

.heap           0x200000f8      0xc00
                0x200000f8                __HeapBase = .
                0x200000f8                __end__ = .
                0x200000f8                end = __end__
                0x200000f8                _end = __end__
 *(.heap*)
 .heap          0x200000f8      0xc00 ./CMSIS/EFM32PG12B/startup_gcc_efm32pg12b.o
                0x20000cf8                __HeapLimit = .

.stack_dummy    0x200000f8      0x400
 *(.stack*)
 .stack         0x200000f8      0x400 ./CMSIS/EFM32PG12B/startup_gcc_efm32pg12b.o
                0x20040000                __StackTop = (ORIGIN (RAM) + LENGTH (RAM))
                0x2003fc00                __StackLimit = (__StackTop - SIZEOF (.stack_dummy))
                0x20040000                PROVIDE (__stack, __StackTop)
                0x00000001                ASSERT ((__StackLimit >= __HeapLimit), region RAM overflowed with stack)
                0x00000001                ASSERT ((LENGTH (FLASH) >= (__etext + SIZEOF (.data))), FLASH memory overflowed !)
OUTPUT(AB_Energy_Mode_Lab.axf elf32-littlearm)

.ARM.attributes
                0x00000000       0x2e
 .ARM.attributes
                0x00000000       0x22 c:/siliconlabs/simplicitystudio/v4/developer/toolchains/gnu_arm/7.2_2017q4/bin/../lib/gcc/arm-none-eabi/7.2.1/thumb/v7e-m/fpv4-sp/softfp/crti.o
 .ARM.attributes
                0x00000022       0x32 c:/siliconlabs/simplicitystudio/v4/developer/toolchains/gnu_arm/7.2_2017q4/bin/../lib/gcc/arm-none-eabi/7.2.1/thumb/v7e-m/fpv4-sp/softfp/crtbegin.o
 .ARM.attributes
                0x00000054       0x20 c:/siliconlabs/simplicitystudio/v4/developer/toolchains/gnu_arm/7.2_2017q4/bin/../lib/gcc/arm-none-eabi/7.2.1/../../../../arm-none-eabi/lib/thumb/v7e-m/fpv4-sp/softfp/crt0.o
 .ARM.attributes
                0x00000074       0x1f ./CMSIS/EFM32PG12B/startup_gcc_efm32pg12b.o
 .ARM.attributes
                0x00000093       0x37 ./CMSIS/EFM32PG12B/system_efm32pg12b.o
 .ARM.attributes
                0x000000ca       0x37 ./emlib/em_assert.o
 .ARM.attributes
                0x00000101       0x37 ./emlib/em_cmu.o
 .ARM.attributes
                0x00000138       0x37 ./emlib/em_core.o
 .ARM.attributes
                0x0000016f       0x37 ./emlib/em_emu.o
 .ARM.attributes
                0x000001a6       0x37 ./emlib/em_gpio.o
 .ARM.attributes
                0x000001dd       0x37 ./emlib/em_letimer.o
 .ARM.attributes
                0x00000214       0x37 ./src/Source_Files/app.o
 .ARM.attributes
                0x0000024b       0x37 ./src/Source_Files/cmu.o
 .ARM.attributes
                0x00000282       0x37 ./src/Source_Files/gpio.o
 .ARM.attributes
                0x000002b9       0x37 ./src/Source_Files/letimer.o
 .ARM.attributes
                0x000002f0       0x37 ./src/Source_Files/scheduler.o
 .ARM.attributes
                0x00000327       0x37 ./src/Source_Files/sleep_routines.o
 .ARM.attributes
                0x0000035e       0x37 ./src/main.o
 .ARM.attributes
                0x00000395       0x32 c:/siliconlabs/simplicitystudio/v4/developer/toolchains/gnu_arm/7.2_2017q4/bin/../lib/gcc/arm-none-eabi/7.2.1/../../../../arm-none-eabi/lib/thumb/v7e-m/fpv4-sp/softfp\libc_nano.a(lib_a-exit.o)
 .ARM.attributes
                0x000003c7       0x32 c:/siliconlabs/simplicitystudio/v4/developer/toolchains/gnu_arm/7.2_2017q4/bin/../lib/gcc/arm-none-eabi/7.2.1/../../../../arm-none-eabi/lib/thumb/v7e-m/fpv4-sp/softfp\libc_nano.a(lib_a-impure.o)
 .ARM.attributes
                0x000003f9       0x32 c:/siliconlabs/simplicitystudio/v4/developer/toolchains/gnu_arm/7.2_2017q4/bin/../lib/gcc/arm-none-eabi/7.2.1/../../../../arm-none-eabi/lib/thumb/v7e-m/fpv4-sp/softfp\libc_nano.a(lib_a-init.o)
 .ARM.attributes
                0x0000042b       0x32 c:/siliconlabs/simplicitystudio/v4/developer/toolchains/gnu_arm/7.2_2017q4/bin/../lib/gcc/arm-none-eabi/7.2.1/../../../../arm-none-eabi/lib/thumb/v7e-m/fpv4-sp/softfp\libc_nano.a(lib_a-memset.o)
 .ARM.attributes
                0x0000045d       0x32 c:/siliconlabs/simplicitystudio/v4/developer/toolchains/gnu_arm/7.2_2017q4/bin/../lib/gcc/arm-none-eabi/7.2.1/../../../../arm-none-eabi/lib/thumb/v7e-m/fpv4-sp/softfp\libnosys.a(_exit.o)
 .ARM.attributes
                0x0000048f       0x32 c:/siliconlabs/simplicitystudio/v4/developer/toolchains/gnu_arm/7.2_2017q4/bin/../lib/gcc/arm-none-eabi/7.2.1/thumb/v7e-m/fpv4-sp/softfp/crtend.o
 .ARM.attributes
                0x000004c1       0x22 c:/siliconlabs/simplicitystudio/v4/developer/toolchains/gnu_arm/7.2_2017q4/bin/../lib/gcc/arm-none-eabi/7.2.1/thumb/v7e-m/fpv4-sp/softfp/crtn.o

.comment        0x00000000       0x7e
 .comment       0x00000000       0x7e ./CMSIS/EFM32PG12B/system_efm32pg12b.o
                                 0x7f (size before relaxing)
 .comment       0x0000007e       0x7f ./emlib/em_assert.o
 .comment       0x0000007e       0x7f ./emlib/em_cmu.o
 .comment       0x0000007e       0x7f ./emlib/em_core.o
 .comment       0x0000007e       0x7f ./emlib/em_emu.o
 .comment       0x0000007e       0x7f ./emlib/em_gpio.o
 .comment       0x0000007e       0x7f ./emlib/em_letimer.o
 .comment       0x0000007e       0x7f ./src/Source_Files/app.o
 .comment       0x0000007e       0x7f ./src/Source_Files/cmu.o
 .comment       0x0000007e       0x7f ./src/Source_Files/gpio.o
 .comment       0x0000007e       0x7f ./src/Source_Files/letimer.o
 .comment       0x0000007e       0x7f ./src/Source_Files/scheduler.o
 .comment       0x0000007e       0x7f ./src/Source_Files/sleep_routines.o
 .comment       0x0000007e       0x7f ./src/main.o

.debug_line     0x00000000     0x9877
 .debug_line    0x00000000       0x78 ./CMSIS/EFM32PG12B/startup_gcc_efm32pg12b.o
 .debug_line    0x00000078      0x8a6 ./CMSIS/EFM32PG12B/system_efm32pg12b.o
 .debug_line    0x0000091e      0x12f ./emlib/em_assert.o
 .debug_line    0x00000a4d     0x1469 ./emlib/em_cmu.o
 .debug_line    0x00001eb6      0xbec ./emlib/em_core.o
 .debug_line    0x00002aa2     0x144c ./emlib/em_emu.o
 .debug_line    0x00003eee      0xc7c ./emlib/em_gpio.o
 .debug_line    0x00004b6a      0xa55 ./emlib/em_letimer.o
 .debug_line    0x000055bf      0x9c7 ./src/Source_Files/app.o
 .debug_line    0x00005f86      0x8d7 ./src/Source_Files/cmu.o
 .debug_line    0x0000685d      0x8e9 ./src/Source_Files/gpio.o
 .debug_line    0x00007146      0xa00 ./src/Source_Files/letimer.o
 .debug_line    0x00007b46      0x924 ./src/Source_Files/scheduler.o
 .debug_line    0x0000846a      0x987 ./src/Source_Files/sleep_routines.o
 .debug_line    0x00008df1      0xa86 ./src/main.o

.debug_info     0x00000000     0xab3d
 .debug_info    0x00000000       0x26 ./CMSIS/EFM32PG12B/startup_gcc_efm32pg12b.o
 .debug_info    0x00000026      0x93f ./CMSIS/EFM32PG12B/system_efm32pg12b.o
 .debug_info    0x00000965       0x7e ./emlib/em_assert.o
 .debug_info    0x000009e3     0x24b2 ./emlib/em_cmu.o
 .debug_info    0x00002e95      0xdb3 ./emlib/em_core.o
 .debug_info    0x00003c48     0x25b5 ./emlib/em_emu.o
 .debug_info    0x000061fd      0xad0 ./emlib/em_gpio.o
 .debug_info    0x00006ccd      0x6ef ./emlib/em_letimer.o
 .debug_info    0x000073bc      0x42a ./src/Source_Files/app.o
 .debug_info    0x000077e6      0x37c ./src/Source_Files/cmu.o
 .debug_info    0x00007b62      0x3c1 ./src/Source_Files/gpio.o
 .debug_info    0x00007f23      0x9c8 ./src/Source_Files/letimer.o
 .debug_info    0x000088eb      0x1f1 ./src/Source_Files/scheduler.o
 .debug_info    0x00008adc      0x443 ./src/Source_Files/sleep_routines.o
 .debug_info    0x00008f1f     0x1c1e ./src/main.o

.debug_abbrev   0x00000000     0x1a19
 .debug_abbrev  0x00000000       0x14 ./CMSIS/EFM32PG12B/startup_gcc_efm32pg12b.o
 .debug_abbrev  0x00000014      0x1ed ./CMSIS/EFM32PG12B/system_efm32pg12b.o
 .debug_abbrev  0x00000201       0x68 ./emlib/em_assert.o
 .debug_abbrev  0x00000269      0x354 ./emlib/em_cmu.o
 .debug_abbrev  0x000005bd      0x28f ./emlib/em_core.o
 .debug_abbrev  0x0000084c      0x375 ./emlib/em_emu.o
 .debug_abbrev  0x00000bc1      0x233 ./emlib/em_gpio.o
 .debug_abbrev  0x00000df4      0x268 ./emlib/em_letimer.o
 .debug_abbrev  0x0000105c      0x147 ./src/Source_Files/app.o
 .debug_abbrev  0x000011a3       0xef ./src/Source_Files/cmu.o
 .debug_abbrev  0x00001292       0xef ./src/Source_Files/gpio.o
 .debug_abbrev  0x00001381      0x1d6 ./src/Source_Files/letimer.o
 .debug_abbrev  0x00001557      0x115 ./src/Source_Files/scheduler.o
 .debug_abbrev  0x0000166c      0x186 ./src/Source_Files/sleep_routines.o
 .debug_abbrev  0x000017f2      0x227 ./src/main.o

.debug_aranges  0x00000000      0x7b0
 .debug_aranges
                0x00000000       0x20 ./CMSIS/EFM32PG12B/startup_gcc_efm32pg12b.o
 .debug_aranges
                0x00000020       0x68 ./CMSIS/EFM32PG12B/system_efm32pg12b.o
 .debug_aranges
                0x00000088       0x20 ./emlib/em_assert.o
 .debug_aranges
                0x000000a8      0x1c8 ./emlib/em_cmu.o
 .debug_aranges
                0x00000270       0xe8 ./emlib/em_core.o
 .debug_aranges
                0x00000358      0x1e0 ./emlib/em_emu.o
 .debug_aranges
                0x00000538       0x88 ./emlib/em_gpio.o
 .debug_aranges
                0x000005c0       0x88 ./emlib/em_letimer.o
 .debug_aranges
                0x00000648       0x40 ./src/Source_Files/app.o
 .debug_aranges
                0x00000688       0x20 ./src/Source_Files/cmu.o
 .debug_aranges
                0x000006a8       0x20 ./src/Source_Files/gpio.o
 .debug_aranges
                0x000006c8       0x38 ./src/Source_Files/letimer.o
 .debug_aranges
                0x00000700       0x38 ./src/Source_Files/scheduler.o
 .debug_aranges
                0x00000738       0x48 ./src/Source_Files/sleep_routines.o
 .debug_aranges
                0x00000780       0x30 ./src/main.o

.debug_str      0x00000000   0x157f3e
 .debug_str     0x00000000       0x88 ./CMSIS/EFM32PG12B/startup_gcc_efm32pg12b.o
 .debug_str     0x00000088   0x14e258 ./CMSIS/EFM32PG12B/system_efm32pg12b.o
                             0x14f17b (size before relaxing)
 .debug_str     0x0014e2e0       0xb8 ./emlib/em_assert.o
                               0x2dcb (size before relaxing)
 .debug_str     0x0014e398     0x4e77 ./emlib/em_cmu.o
                             0x154028 (size before relaxing)
 .debug_str     0x0015320f      0xc1c ./emlib/em_core.o
                             0x14fc8f (size before relaxing)
 .debug_str     0x00153e2b     0x139d ./emlib/em_emu.o
                             0x154a97 (size before relaxing)
 .debug_str     0x001551c8      0x4c1 ./emlib/em_gpio.o
                             0x14fbe6 (size before relaxing)
 .debug_str     0x00155689      0x359 ./emlib/em_letimer.o
                             0x150863 (size before relaxing)
 .debug_str     0x001559e2      0x463 ./src/Source_Files/app.o
                             0x15141f (size before relaxing)
 .debug_str     0x00155e45       0x23 ./src/Source_Files/cmu.o
                             0x1508b6 (size before relaxing)
 .debug_str     0x00155e68       0x25 ./src/Source_Files/gpio.o
                             0x150b8b (size before relaxing)
 .debug_str     0x00155e8d       0xc2 ./src/Source_Files/letimer.o
                             0x1518b2 (size before relaxing)
 .debug_str     0x00155f4f       0x7f ./src/Source_Files/scheduler.o
                             0x14fa58 (size before relaxing)
 .debug_str     0x00155fce       0x9a ./src/Source_Files/sleep_routines.o
                             0x14fb13 (size before relaxing)
 .debug_str     0x00156068     0x1ed6 ./src/main.o
                             0x15591f (size before relaxing)

.debug_loc      0x00000000     0x3c8c
 .debug_loc     0x00000000      0x2e4 ./CMSIS/EFM32PG12B/system_efm32pg12b.o
 .debug_loc     0x000002e4       0x38 ./emlib/em_assert.o
 .debug_loc     0x0000031c     0x10a4 ./emlib/em_cmu.o
 .debug_loc     0x000013c0      0x844 ./emlib/em_core.o
 .debug_loc     0x00001c04     0x10b2 ./emlib/em_emu.o
 .debug_loc     0x00002cb6      0x49c ./emlib/em_gpio.o
 .debug_loc     0x00003152      0x4a8 ./emlib/em_letimer.o
 .debug_loc     0x000035fa      0x126 ./src/Source_Files/app.o
 .debug_loc     0x00003720       0x2c ./src/Source_Files/cmu.o
 .debug_loc     0x0000374c       0x2c ./src/Source_Files/gpio.o
 .debug_loc     0x00003778      0x14c ./src/Source_Files/letimer.o
 .debug_loc     0x000038c4      0x128 ./src/Source_Files/scheduler.o
 .debug_loc     0x000039ec      0x1d4 ./src/Source_Files/sleep_routines.o
 .debug_loc     0x00003bc0       0xcc ./src/main.o

.debug_ranges   0x00000000      0x6b0
 .debug_ranges  0x00000000       0x58 ./CMSIS/EFM32PG12B/system_efm32pg12b.o
 .debug_ranges  0x00000058       0x10 ./emlib/em_assert.o
 .debug_ranges  0x00000068      0x1b8 ./emlib/em_cmu.o
 .debug_ranges  0x00000220       0xd8 ./emlib/em_core.o
 .debug_ranges  0x000002f8      0x1d0 ./emlib/em_emu.o
 .debug_ranges  0x000004c8       0x78 ./emlib/em_gpio.o
 .debug_ranges  0x00000540       0x78 ./emlib/em_letimer.o
 .debug_ranges  0x000005b8       0x30 ./src/Source_Files/app.o
 .debug_ranges  0x000005e8       0x10 ./src/Source_Files/cmu.o
 .debug_ranges  0x000005f8       0x10 ./src/Source_Files/gpio.o
 .debug_ranges  0x00000608       0x28 ./src/Source_Files/letimer.o
 .debug_ranges  0x00000630       0x28 ./src/Source_Files/scheduler.o
 .debug_ranges  0x00000658       0x38 ./src/Source_Files/sleep_routines.o
 .debug_ranges  0x00000690       0x20 ./src/main.o

.debug_macro    0x00000000    0x3309b
 .debug_macro   0x00000000      0x282 ./CMSIS/EFM32PG12B/system_efm32pg12b.o
 .debug_macro   0x00000282      0xa4e ./CMSIS/EFM32PG12B/system_efm32pg12b.o
 .debug_macro   0x00000cd0       0x22 ./CMSIS/EFM32PG12B/system_efm32pg12b.o
 .debug_macro   0x00000cf2       0x4f ./CMSIS/EFM32PG12B/system_efm32pg12b.o
 .debug_macro   0x00000d41       0x51 ./CMSIS/EFM32PG12B/system_efm32pg12b.o
 .debug_macro   0x00000d92       0xef ./CMSIS/EFM32PG12B/system_efm32pg12b.o
 .debug_macro   0x00000e81       0x6a ./CMSIS/EFM32PG12B/system_efm32pg12b.o
 .debug_macro   0x00000eeb      0x1df ./CMSIS/EFM32PG12B/system_efm32pg12b.o
 .debug_macro   0x000010ca      0x4b1 ./CMSIS/EFM32PG12B/system_efm32pg12b.o
 .debug_macro   0x0000157b       0x1c ./CMSIS/EFM32PG12B/system_efm32pg12b.o
 .debug_macro   0x00001597       0x22 ./CMSIS/EFM32PG12B/system_efm32pg12b.o
 .debug_macro   0x000015b9       0xdf ./CMSIS/EFM32PG12B/system_efm32pg12b.o
 .debug_macro   0x00001698      0xff5 ./CMSIS/EFM32PG12B/system_efm32pg12b.o
 .debug_macro   0x0000268d       0xe2 ./CMSIS/EFM32PG12B/system_efm32pg12b.o
 .debug_macro   0x0000276f      0xe1c ./CMSIS/EFM32PG12B/system_efm32pg12b.o
 .debug_macro   0x0000358b     0x2275 ./CMSIS/EFM32PG12B/system_efm32pg12b.o
 .debug_macro   0x00005800      0x329 ./CMSIS/EFM32PG12B/system_efm32pg12b.o
 .debug_macro   0x00005b29     0x3119 ./CMSIS/EFM32PG12B/system_efm32pg12b.o
 .debug_macro   0x00008c42     0x1bba ./CMSIS/EFM32PG12B/system_efm32pg12b.o
 .debug_macro   0x0000a7fc     0x2674 ./CMSIS/EFM32PG12B/system_efm32pg12b.o
 .debug_macro   0x0000ce70     0x1b19 ./CMSIS/EFM32PG12B/system_efm32pg12b.o
 .debug_macro   0x0000e989      0xe2b ./CMSIS/EFM32PG12B/system_efm32pg12b.o
 .debug_macro   0x0000f7b4      0x344 ./CMSIS/EFM32PG12B/system_efm32pg12b.o
 .debug_macro   0x0000faf8      0x29d ./CMSIS/EFM32PG12B/system_efm32pg12b.o
 .debug_macro   0x0000fd95     0x2763 ./CMSIS/EFM32PG12B/system_efm32pg12b.o
 .debug_macro   0x000124f8     0x31cc ./CMSIS/EFM32PG12B/system_efm32pg12b.o
 .debug_macro   0x000156c4     0x136b ./CMSIS/EFM32PG12B/system_efm32pg12b.o
 .debug_macro   0x00016a2f      0xde2 ./CMSIS/EFM32PG12B/system_efm32pg12b.o
 .debug_macro   0x00017811      0x249 ./CMSIS/EFM32PG12B/system_efm32pg12b.o
 .debug_macro   0x00017a5a     0x1042 ./CMSIS/EFM32PG12B/system_efm32pg12b.o
 .debug_macro   0x00018a9c     0x1605 ./CMSIS/EFM32PG12B/system_efm32pg12b.o
 .debug_macro   0x0001a0a1     0x3cb7 ./CMSIS/EFM32PG12B/system_efm32pg12b.o
 .debug_macro   0x0001dd58     0x23fc ./CMSIS/EFM32PG12B/system_efm32pg12b.o
 .debug_macro   0x00020154      0x70c ./CMSIS/EFM32PG12B/system_efm32pg12b.o
 .debug_macro   0x00020860     0x26ef ./CMSIS/EFM32PG12B/system_efm32pg12b.o
 .debug_macro   0x00022f4f     0x1700 ./CMSIS/EFM32PG12B/system_efm32pg12b.o
 .debug_macro   0x0002464f     0x2efb ./CMSIS/EFM32PG12B/system_efm32pg12b.o
 .debug_macro   0x0002754a      0xfaf ./CMSIS/EFM32PG12B/system_efm32pg12b.o
 .debug_macro   0x000284f9      0x6c3 ./CMSIS/EFM32PG12B/system_efm32pg12b.o
 .debug_macro   0x00028bbc     0x1021 ./CMSIS/EFM32PG12B/system_efm32pg12b.o
 .debug_macro   0x00029bdd      0x888 ./CMSIS/EFM32PG12B/system_efm32pg12b.o
 .debug_macro   0x0002a465      0x4ff ./CMSIS/EFM32PG12B/system_efm32pg12b.o
 .debug_macro   0x0002a964     0x1be1 ./CMSIS/EFM32PG12B/system_efm32pg12b.o
 .debug_macro   0x0002c545       0x40 ./CMSIS/EFM32PG12B/system_efm32pg12b.o
 .debug_macro   0x0002c585      0x2ce ./CMSIS/EFM32PG12B/system_efm32pg12b.o
 .debug_macro   0x0002c853      0x381 ./CMSIS/EFM32PG12B/system_efm32pg12b.o
 .debug_macro   0x0002cbd4      0x190 ./CMSIS/EFM32PG12B/system_efm32pg12b.o
 .debug_macro   0x0002cd64     0x27bf ./CMSIS/EFM32PG12B/system_efm32pg12b.o
 .debug_macro   0x0002f523      0x303 ./CMSIS/EFM32PG12B/system_efm32pg12b.o
 .debug_macro   0x0002f826      0x303 ./CMSIS/EFM32PG12B/system_efm32pg12b.o
 .debug_macro   0x0002fb29       0x23 ./emlib/em_assert.o
 .debug_macro   0x0002fb4c      0x3a9 ./emlib/em_cmu.o
 .debug_macro   0x0002fef5       0x58 ./emlib/em_cmu.o
 .debug_macro   0x0002ff4d      0x34d ./emlib/em_cmu.o
 .debug_macro   0x0003029a       0x25 ./emlib/em_cmu.o
 .debug_macro   0x000302bf       0xee ./emlib/em_cmu.o
 .debug_macro   0x000303ad       0x87 ./emlib/em_cmu.o
 .debug_macro   0x00030434      0x2ae ./emlib/em_core.o
 .debug_macro   0x000306e2       0xba ./emlib/em_core.o
 .debug_macro   0x0003079c      0x3c3 ./emlib/em_emu.o
 .debug_macro   0x00030b5f       0x52 ./emlib/em_emu.o
 .debug_macro   0x00030bb1       0x55 ./emlib/em_emu.o
 .debug_macro   0x00030c06      0x353 ./emlib/em_emu.o
 .debug_macro   0x00030f59       0xd9 ./emlib/em_emu.o
 .debug_macro   0x00031032       0x81 ./emlib/em_emu.o
 .debug_macro   0x000310b3       0xc0 ./emlib/em_emu.o
 .debug_macro   0x00031173      0x295 ./emlib/em_gpio.o
 .debug_macro   0x00031408      0x2c1 ./emlib/em_letimer.o
 .debug_macro   0x000316c9      0x31b ./src/Source_Files/app.o
 .debug_macro   0x000319e4       0x5e ./src/Source_Files/app.o
 .debug_macro   0x00031a42       0x10 ./src/Source_Files/app.o
 .debug_macro   0x00031a52       0x2e ./src/Source_Files/app.o
 .debug_macro   0x00031a80       0x16 ./src/Source_Files/app.o
 .debug_macro   0x00031a96       0x10 ./src/Source_Files/app.o
 .debug_macro   0x00031aa6       0x22 ./src/Source_Files/app.o
 .debug_macro   0x00031ac8      0x2a9 ./src/Source_Files/cmu.o
 .debug_macro   0x00031d71      0x2b6 ./src/Source_Files/gpio.o
 .debug_macro   0x00032027      0x2fc ./src/Source_Files/letimer.o
 .debug_macro   0x00032323      0x2c5 ./src/Source_Files/scheduler.o
 .debug_macro   0x000325e8      0x2c4 ./src/Source_Files/sleep_routines.o
 .debug_macro   0x000328ac      0x437 ./src/main.o
 .debug_macro   0x00032ce3       0x16 ./src/main.o
 .debug_macro   0x00032cf9       0x97 ./src/main.o
 .debug_macro   0x00032d90       0xf6 ./src/main.o
 .debug_macro   0x00032e86       0x10 ./src/main.o
 .debug_macro   0x00032e96       0x10 ./src/main.o
 .debug_macro   0x00032ea6       0xb6 ./src/main.o
 .debug_macro   0x00032f5c       0x16 ./src/main.o
 .debug_macro   0x00032f72      0x129 ./src/main.o

.debug_frame    0x00000000     0x1d58
 .debug_frame   0x00000000      0x164 ./CMSIS/EFM32PG12B/system_efm32pg12b.o
 .debug_frame   0x00000164       0x2c ./emlib/em_assert.o
 .debug_frame   0x00000190      0x7b8 ./emlib/em_cmu.o
 .debug_frame   0x00000948      0x3c4 ./emlib/em_core.o
 .debug_frame   0x00000d0c      0x7e0 ./emlib/em_emu.o
 .debug_frame   0x000014ec      0x21c ./emlib/em_gpio.o
 .debug_frame   0x00001708      0x220 ./emlib/em_letimer.o
 .debug_frame   0x00001928       0xac ./src/Source_Files/app.o
 .debug_frame   0x000019d4       0x2c ./src/Source_Files/cmu.o
 .debug_frame   0x00001a00       0x2c ./src/Source_Files/gpio.o
 .debug_frame   0x00001a2c       0xa4 ./src/Source_Files/letimer.o
 .debug_frame   0x00001ad0       0x98 ./src/Source_Files/scheduler.o
 .debug_frame   0x00001b68       0xe4 ./src/Source_Files/sleep_routines.o
 .debug_frame   0x00001c4c       0x78 ./src/main.o
 .debug_frame   0x00001cc4       0x28 c:/siliconlabs/simplicitystudio/v4/developer/toolchains/gnu_arm/7.2_2017q4/bin/../lib/gcc/arm-none-eabi/7.2.1/../../../../arm-none-eabi/lib/thumb/v7e-m/fpv4-sp/softfp\libc_nano.a(lib_a-exit.o)
 .debug_frame   0x00001cec       0x2c c:/siliconlabs/simplicitystudio/v4/developer/toolchains/gnu_arm/7.2_2017q4/bin/../lib/gcc/arm-none-eabi/7.2.1/../../../../arm-none-eabi/lib/thumb/v7e-m/fpv4-sp/softfp\libc_nano.a(lib_a-init.o)
 .debug_frame   0x00001d18       0x20 c:/siliconlabs/simplicitystudio/v4/developer/toolchains/gnu_arm/7.2_2017q4/bin/../lib/gcc/arm-none-eabi/7.2.1/../../../../arm-none-eabi/lib/thumb/v7e-m/fpv4-sp/softfp\libc_nano.a(lib_a-memset.o)
 .debug_frame   0x00001d38       0x20 c:/siliconlabs/simplicitystudio/v4/developer/toolchains/gnu_arm/7.2_2017q4/bin/../lib/gcc/arm-none-eabi/7.2.1/../../../../arm-none-eabi/lib/thumb/v7e-m/fpv4-sp/softfp\libnosys.a(_exit.o)
