Archive member included to satisfy reference by file (symbol)

c:/siliconlabs/simplicitystudio/v4/developer/toolchains/gnu_arm/7.2_2017q4/bin/../lib/gcc/arm-none-eabi/7.2.1/thumb/v7e-m/fpv4-sp/softfp\libgcc.a(_arm_addsubdf3.o)
                              ./src/Source_Files/SI7021.o (__aeabi_dsub)
c:/siliconlabs/simplicitystudio/v4/developer/toolchains/gnu_arm/7.2_2017q4/bin/../lib/gcc/arm-none-eabi/7.2.1/thumb/v7e-m/fpv4-sp/softfp\libgcc.a(_arm_muldivdf3.o)
                              ./src/Source_Files/SI7021.o (__aeabi_dmul)
c:/siliconlabs/simplicitystudio/v4/developer/toolchains/gnu_arm/7.2_2017q4/bin/../lib/gcc/arm-none-eabi/7.2.1/thumb/v7e-m/fpv4-sp/softfp\libgcc.a(_arm_truncdfsf2.o)
                              ./src/Source_Files/SI7021.o (__aeabi_d2f)
c:/siliconlabs/simplicitystudio/v4/developer/toolchains/gnu_arm/7.2_2017q4/bin/../lib/gcc/arm-none-eabi/7.2.1/thumb/v7e-m/fpv4-sp/softfp\libgcc.a(_aeabi_ldivmod.o)
                              ./emlib/em_usart.o (__aeabi_ldivmod)
c:/siliconlabs/simplicitystudio/v4/developer/toolchains/gnu_arm/7.2_2017q4/bin/../lib/gcc/arm-none-eabi/7.2.1/thumb/v7e-m/fpv4-sp/softfp\libgcc.a(_aeabi_uldivmod.o)
                              ./emlib/em_usart.o (__aeabi_uldivmod)
c:/siliconlabs/simplicitystudio/v4/developer/toolchains/gnu_arm/7.2_2017q4/bin/../lib/gcc/arm-none-eabi/7.2.1/thumb/v7e-m/fpv4-sp/softfp\libgcc.a(_udivmoddi4.o)
                              c:/siliconlabs/simplicitystudio/v4/developer/toolchains/gnu_arm/7.2_2017q4/bin/../lib/gcc/arm-none-eabi/7.2.1/thumb/v7e-m/fpv4-sp/softfp\libgcc.a(_aeabi_ldivmod.o) (__udivmoddi4)
c:/siliconlabs/simplicitystudio/v4/developer/toolchains/gnu_arm/7.2_2017q4/bin/../lib/gcc/arm-none-eabi/7.2.1/thumb/v7e-m/fpv4-sp/softfp\libgcc.a(_dvmd_tls.o)
                              c:/siliconlabs/simplicitystudio/v4/developer/toolchains/gnu_arm/7.2_2017q4/bin/../lib/gcc/arm-none-eabi/7.2.1/thumb/v7e-m/fpv4-sp/softfp\libgcc.a(_aeabi_ldivmod.o) (__aeabi_ldiv0)
c:/siliconlabs/simplicitystudio/v4/developer/toolchains/gnu_arm/7.2_2017q4/bin/../lib/gcc/arm-none-eabi/7.2.1/../../../../arm-none-eabi/lib/thumb/v7e-m/fpv4-sp/softfp\libc_nano.a(lib_a-exit.o)
                              c:/siliconlabs/simplicitystudio/v4/developer/toolchains/gnu_arm/7.2_2017q4/bin/../lib/gcc/arm-none-eabi/7.2.1/../../../../arm-none-eabi/lib/thumb/v7e-m/fpv4-sp/softfp/crt0.o (exit)
c:/siliconlabs/simplicitystudio/v4/developer/toolchains/gnu_arm/7.2_2017q4/bin/../lib/gcc/arm-none-eabi/7.2.1/../../../../arm-none-eabi/lib/thumb/v7e-m/fpv4-sp/softfp\libc_nano.a(lib_a-impure.o)
                              c:/siliconlabs/simplicitystudio/v4/developer/toolchains/gnu_arm/7.2_2017q4/bin/../lib/gcc/arm-none-eabi/7.2.1/../../../../arm-none-eabi/lib/thumb/v7e-m/fpv4-sp/softfp\libc_nano.a(lib_a-exit.o) (_global_impure_ptr)
c:/siliconlabs/simplicitystudio/v4/developer/toolchains/gnu_arm/7.2_2017q4/bin/../lib/gcc/arm-none-eabi/7.2.1/../../../../arm-none-eabi/lib/thumb/v7e-m/fpv4-sp/softfp\libc_nano.a(lib_a-init.o)
                              c:/siliconlabs/simplicitystudio/v4/developer/toolchains/gnu_arm/7.2_2017q4/bin/../lib/gcc/arm-none-eabi/7.2.1/../../../../arm-none-eabi/lib/thumb/v7e-m/fpv4-sp/softfp/crt0.o (__libc_init_array)
c:/siliconlabs/simplicitystudio/v4/developer/toolchains/gnu_arm/7.2_2017q4/bin/../lib/gcc/arm-none-eabi/7.2.1/../../../../arm-none-eabi/lib/thumb/v7e-m/fpv4-sp/softfp\libc_nano.a(lib_a-memcpy-stub.o)
                              ./emlib/em_crypto.o (memcpy)
c:/siliconlabs/simplicitystudio/v4/developer/toolchains/gnu_arm/7.2_2017q4/bin/../lib/gcc/arm-none-eabi/7.2.1/../../../../arm-none-eabi/lib/thumb/v7e-m/fpv4-sp/softfp\libc_nano.a(lib_a-memset.o)
                              c:/siliconlabs/simplicitystudio/v4/developer/toolchains/gnu_arm/7.2_2017q4/bin/../lib/gcc/arm-none-eabi/7.2.1/../../../../arm-none-eabi/lib/thumb/v7e-m/fpv4-sp/softfp/crt0.o (memset)
c:/siliconlabs/simplicitystudio/v4/developer/toolchains/gnu_arm/7.2_2017q4/bin/../lib/gcc/arm-none-eabi/7.2.1/../../../../arm-none-eabi/lib/thumb/v7e-m/fpv4-sp/softfp\libc_nano.a(lib_a-nano-vfprintf_float.o)
                              (_printf_float)
c:/siliconlabs/simplicitystudio/v4/developer/toolchains/gnu_arm/7.2_2017q4/bin/../lib/gcc/arm-none-eabi/7.2.1/../../../../arm-none-eabi/lib/thumb/v7e-m/fpv4-sp/softfp\libc_nano.a(lib_a-nano-vfprintf_i.o)
                              c:/siliconlabs/simplicitystudio/v4/developer/toolchains/gnu_arm/7.2_2017q4/bin/../lib/gcc/arm-none-eabi/7.2.1/../../../../arm-none-eabi/lib/thumb/v7e-m/fpv4-sp/softfp\libc_nano.a(lib_a-nano-vfprintf_float.o) (_printf_common)
c:/siliconlabs/simplicitystudio/v4/developer/toolchains/gnu_arm/7.2_2017q4/bin/../lib/gcc/arm-none-eabi/7.2.1/../../../../arm-none-eabi/lib/thumb/v7e-m/fpv4-sp/softfp\libc_nano.a(lib_a-nano-vfscanf_float.o)
                              (_scanf_float)
[...]
Memory Configuration

Name             Origin             Length             Attributes
FLASH            0x00000000         0x00100000         xr
RAM              0x20000000         0x00040000         xrw
*default*        0x00000000         0xffffffff

Linker script and memory map

LOAD c:/siliconlabs/simplicitystudio/v4/developer/toolchains/gnu_arm/7.2_2017q4/bin/../lib/gcc/arm-none-eabi/7.2.1/thumb/v7e-m/fpv4-sp/softfp/crti.o
LOAD c:/siliconlabs/simplicitystudio/v4/developer/toolchains/gnu_arm/7.2_2017q4/bin/../lib/gcc/arm-none-eabi/7.2.1/thumb/v7e-m/fpv4-sp/softfp/crtbegin.o
LOAD c:/siliconlabs/simplicitystudio/v4/developer/toolchains/gnu_arm/7.2_2017q4/bin/../lib/gcc/arm-none-eabi/7.2.1/../../../../arm-none-eabi/lib/thumb/v7e-m/fpv4-sp/softfp/crt0.o
LOAD ./CMSIS/EFM32PG12B/startup_gcc_efm32pg12b.o
LOAD ./CMSIS/EFM32PG12B/system_efm32pg12b.o
LOAD ./emlib/em_acmp.o
LOAD ./emlib/em_adc.o
LOAD ./emlib/em_aes.o
LOAD ./emlib/em_assert.o
LOAD ./emlib/em_burtc.o
LOAD ./emlib/em_can.o
LOAD ./emlib/em_cmu.o
LOAD ./emlib/em_core.o
LOAD ./emlib/em_cryotimer.o
LOAD ./emlib/em_crypto.o
LOAD ./emlib/em_csen.o
LOAD ./emlib/em_dac.o
LOAD ./emlib/em_dbg.o
LOAD ./emlib/em_dma.o
LOAD ./emlib/em_ebi.o
LOAD ./emlib/em_emu.o
LOAD ./emlib/em_eusart.o
LOAD ./emlib/em_gpcrc.o
LOAD ./emlib/em_gpio.o
LOAD ./emlib/em_i2c.o
LOAD ./emlib/em_iadc.o
LOAD ./emlib/em_idac.o
LOAD ./emlib/em_int.o
LOAD ./emlib/em_lcd.o
LOAD ./emlib/em_ldma.o
LOAD ./emlib/em_lesense.o
LOAD ./emlib/em_letimer.o
LOAD ./emlib/em_leuart.o
LOAD ./emlib/em_mpu.o
LOAD ./emlib/em_msc.o
LOAD ./emlib/em_opamp.o
LOAD ./emlib/em_pcnt.o
LOAD ./emlib/em_pdm.o
LOAD ./emlib/em_prs.o
LOAD ./emlib/em_qspi.o
LOAD ./emlib/em_rmu.o
LOAD ./emlib/em_rtc.o
LOAD ./emlib/em_rtcc.o
LOAD ./emlib/em_se.o
LOAD ./emlib/em_system.o
LOAD ./emlib/em_timer.o
LOAD ./emlib/em_usart.o
LOAD ./emlib/em_vcmp.o
LOAD ./emlib/em_vdac.o
LOAD ./emlib/em_wdog.o
LOAD ./src/Source_Files/HW_delay.o
LOAD ./src/Source_Files/SI7021.o
LOAD ./src/Source_Files/app.o
LOAD ./src/Source_Files/ble.o
LOAD ./src/Source_Files/cmu.o
LOAD ./src/Source_Files/gpio.o
LOAD ./src/Source_Files/i2c.o
LOAD ./src/Source_Files/letimer.o
LOAD ./src/Source_Files/leuart.o
LOAD ./src/Source_Files/scheduler.o
LOAD ./src/Source_Files/sleep_routines.o
LOAD ./src/main.o
START GROUP
LOAD c:/siliconlabs/simplicitystudio/v4/developer/toolchains/gnu_arm/7.2_2017q4/bin/../lib/gcc/arm-none-eabi/7.2.1/thumb/v7e-m/fpv4-sp/softfp\libgcc.a
LOAD c:/siliconlabs/simplicitystudio/v4/developer/toolchains/gnu_arm/7.2_2017q4/bin/../lib/gcc/arm-none-eabi/7.2.1/../../../../arm-none-eabi/lib/thumb/v7e-m/fpv4-sp/softfp\libc_nano.a
LOAD c:/siliconlabs/simplicitystudio/v4/developer/toolchains/gnu_arm/7.2_2017q4/bin/../lib/gcc/arm-none-eabi/7.2.1/../../../../arm-none-eabi/lib/thumb/v7e-m/fpv4-sp/softfp\libnosys.a
END GROUP
START GROUP
LOAD c:/siliconlabs/simplicitystudio/v4/developer/toolchains/gnu_arm/7.2_2017q4/bin/../lib/gcc/arm-none-eabi/7.2.1/thumb/v7e-m/fpv4-sp/softfp\libgcc.a
LOAD c:/siliconlabs/simplicitystudio/v4/developer/toolchains/gnu_arm/7.2_2017q4/bin/../lib/gcc/arm-none-eabi/7.2.1/../../../../arm-none-eabi/lib/thumb/v7e-m/fpv4-sp/softfp\libg_nano.a
LOAD c:/siliconlabs/simplicitystudio/v4/developer/toolchains/gnu_arm/7.2_2017q4/bin/../lib/gcc/arm-none-eabi/7.2.1/../../../../arm-none-eabi/lib/thumb/v7e-m/fpv4-sp/softfp\libc_nano.a
END GROUP
START GROUP
LOAD c:/siliconlabs/simplicitystudio/v4/developer/toolchains/gnu_arm/7.2_2017q4/bin/../lib/gcc/arm-none-eabi/7.2.1/thumb/v7e-m/fpv4-sp/softfp\libgcc.a
LOAD c:/siliconlabs/simplicitystudio/v4/developer/toolchains/gnu_arm/7.2_2017q4/bin/../lib/gcc/arm-none-eabi/7.2.1/../../../../arm-none-eabi/lib/thumb/v7e-m/fpv4-sp/softfp\libc_nano.a
END GROUP
LOAD c:/siliconlabs/simplicitystudio/v4/developer/toolchains/gnu_arm/7.2_2017q4/bin/../lib/gcc/arm-none-eabi/7.2.1/thumb/v7e-m/fpv4-sp/softfp/crtend.o
LOAD c:/siliconlabs/simplicitystudio/v4/developer/toolchains/gnu_arm/7.2_2017q4/bin/../lib/gcc/arm-none-eabi/7.2.1/thumb/v7e-m/fpv4-sp/softfp/crtn.o

.text           0x00000000     0x7dbc
 *(.vectors)
 .vectors       0x00000000      0x10c ./CMSIS/EFM32PG12B/startup_gcc_efm32pg12b.o
                0x00000000                __Vectors
                0x0000010c                __Vectors_End = .
                0x0000010c                __Vectors_Size = (__Vectors_End - __Vectors)
                0x0000010c                __end__ = .
 *(.text*)
 .text          0x0000010c       0x40 c:/siliconlabs/simplicitystudio/v4/developer/toolchains/gnu_arm/7.2_2017q4/bin/../lib/gcc/arm-none-eabi/7.2.1/thumb/v7e-m/fpv4-sp/softfp/crtbegin.o
 .text          0x0000014c       0x74 c:/siliconlabs/simplicitystudio/v4/developer/toolchains/gnu_arm/7.2_2017q4/bin/../lib/gcc/arm-none-eabi/7.2.1/../../../../arm-none-eabi/lib/thumb/v7e-m/fpv4-sp/softfp/crt0.o
                0x0000014c                _start
                0x0000014c                _mainCRTStartup
 .text          0x000001c0       0x30 ./CMSIS/EFM32PG12B/startup_gcc_efm32pg12b.o
                0x000001c0                Reset_Handler
                0x000001ec                USART0_TX_IRQHandler
                0x000001ec                HardFault_Handler
                0x000001ec                SysTick_Handler
                0x000001ec                USART1_RX_IRQHandler
                0x000001ec                PendSV_Handler
                0x000001ec                NMI_Handler
                0x000001ec                WTIMER0_IRQHandler
                0x000001ec                CRYPTO0_IRQHandler
                0x000001ec                WDOG0_IRQHandler
                0x000001ec                USART1_TX_IRQHandler
                0x000001ec                SMU_IRQHandler
                0x000001ec                MSC_IRQHandler
                0x000001ec                ADC0_IRQHandler
                0x000001ec                UsageFault_Handler
                0x000001ec                WDOG1_IRQHandler
                0x000001ec                FPUEH_IRQHandler
                0x000001ec                WTIMER1_IRQHandler
                0x000001ec                GPIO_EVEN_IRQHandler
                0x000001ec                VDAC0_IRQHandler
                0x000001ec                LDMA_IRQHandler
                0x000001ec                CSEN_IRQHandler
                0x000001ec                CRYPTO1_IRQHandler
                0x000001ec                TIMER0_IRQHandler
                0x000001ec                DebugMon_Handler
                0x000001ec                PCNT2_IRQHandler
                0x000001ec                TIMER1_IRQHandler
                0x000001ec                TRNG0_IRQHandler
                0x000001ec                USART2_RX_IRQHandler
                0x000001ec                Default_Handler
                0x000001ec                EMU_IRQHandler
                0x000001ec                CRYOTIMER_IRQHandler
                0x000001ec                PCNT0_IRQHandler
                0x000001ec                sl_app_properties
                0x000001ec                PCNT1_IRQHandler
                0x000001ec                ACMP0_IRQHandler
                0x000001ec                USART0_RX_IRQHandler
                0x000001ec                MemManage_Handler
                0x000001ec                SVC_Handler
                0x000001ec                USART3_RX_IRQHandler
                0x000001ec                RTCC_IRQHandler
                0x000001ec                CMU_IRQHandler
                0x000001ec                LESENSE_IRQHandler
                0x000001ec                GPIO_ODD_IRQHandler
                0x000001ec                USART3_TX_IRQHandler
                0x000001ec                BusFault_Handler
                0x000001ec                USART2_TX_IRQHandler
                0x000001ec                IDAC0_IRQHandler
 .text.SystemMaxCoreClockGet
                0x000001f0        0x8 ./CMSIS/EFM32PG12B/system_efm32pg12b.o
                0x000001f0                SystemMaxCoreClockGet
 .text.SystemHFClockGet
                0x000001f8       0x58 ./CMSIS/EFM32PG12B/system_efm32pg12b.o
                0x000001f8                SystemHFClockGet
 .text.SystemCoreClockGet
                0x00000250       0x24 ./CMSIS/EFM32PG12B/system_efm32pg12b.o
                0x00000250                SystemCoreClockGet
 .text.SystemHFXOClockGet
                0x00000274        0xc ./CMSIS/EFM32PG12B/system_efm32pg12b.o
                0x00000274                SystemHFXOClockGet
 .text.SystemInit
                0x00000280       0x1c ./CMSIS/EFM32PG12B/system_efm32pg12b.o
                0x00000280                SystemInit
 .text.SystemLFRCOClockGet
                0x0000029c        0x8 ./CMSIS/EFM32PG12B/system_efm32pg12b.o
                0x0000029c                SystemLFRCOClockGet
 .text.SystemULFRCOClockGet
                0x000002a4        0x8 ./CMSIS/EFM32PG12B/system_efm32pg12b.o
                0x000002a4                SystemULFRCOClockGet
 .text.SystemLFXOClockGet
                0x000002ac        0xc ./CMSIS/EFM32PG12B/system_efm32pg12b.o
                0x000002ac                SystemLFXOClockGet
 .text.assertEFM
                0x000002b8        0x4 ./emlib/em_assert.o
                0x000002b8                assertEFM
 .text.CMU_HFRCODevinfoGet
                0x000002bc       0xb4 ./emlib/em_cmu.o
 .text.flashWaitStateControl
                0x00000370       0x64 ./emlib/em_cmu.o
 .text.flashWaitStateMax
                0x000003d4       0x24 ./emlib/em_cmu.o
 .text.CMU_UpdateWaitStates
                0x000003f8       0x1c ./emlib/em_cmu.o
                0x000003f8                CMU_UpdateWaitStates
 .text.CMU_ClockEnable
                0x00000414       0xc4 ./emlib/em_cmu.o
                0x00000414                CMU_ClockEnable
 .text.CMU_ClockPrescGet
                0x000004d8      0x128 ./emlib/em_cmu.o
                0x000004d8                CMU_ClockPrescGet
 .text.CMU_ClockSelectGet
                0x00000600       0xe0 ./emlib/em_cmu.o
                0x00000600                CMU_ClockSelectGet
 .text.lfClkGet
                0x000006e0       0xd0 ./emlib/em_cmu.o
 .text.CMU_ClockFreqGet
                0x000007b0      0x224 ./emlib/em_cmu.o
                0x000007b0                CMU_ClockFreqGet
 .text.CMU_HFRCOBandSet
                0x000009d4      0x1e8 ./emlib/em_cmu.o
                0x000009d4                CMU_HFRCOBandSet
 .text.CMU_OscillatorTuningSet
                0x00000bbc      0x100 ./emlib/em_cmu.o
                0x00000bbc                CMU_OscillatorTuningSet
 .text.CMU_OscillatorTuningWait
                0x00000cbc       0x68 ./emlib/em_cmu.o
                0x00000cbc                CMU_OscillatorTuningWait
 .text.CMU_OscillatorEnable
                0x00000d24      0x168 ./emlib/em_cmu.o
                0x00000d24                CMU_OscillatorEnable
 .text.CMU_ClockSelectSet
                0x00000e8c      0x2f0 ./emlib/em_cmu.o
                0x00000e8c                CMU_ClockSelectSet
 .text.CMU_HFXOInit
                0x0000117c       0xc4 ./emlib/em_cmu.o
                0x0000117c                CMU_HFXOInit
 .text.CORE_EnterCritical
                0x00001240        0x8 ./emlib/em_core.o
                0x00001240                CORE_EnterCritical
 .text.CORE_ExitCritical
                0x00001248        0x8 ./emlib/em_core.o
                0x00001248                CORE_ExitCritical
 .text.lpGetDevinfoVrefLowHigh
                0x00001250       0xf0 ./emlib/em_emu.o
 .text.vScaleAfterWakeup.part.2
                0x00001340       0x20 ./emlib/em_emu.o
 .text.lpCmpHystCalibrationLoad.isra.4
                0x00001360       0x80 ./emlib/em_emu.o
 .text.vScaleDownEM23Setup
                0x000013e0       0x48 ./emlib/em_emu.o
 .text.emState.constprop.8
                0x00001428       0x60 ./emlib/em_emu.o
 .text.emState.part.3
                0x00001488       0xe0 ./emlib/em_emu.o
 .text.EMU_EM23PresleepHook
                0x00001568        0x4 ./emlib/em_emu.o
                0x00001568                EMU_EM23PresleepHook
 .text.EMU_EM23PostsleepHook
                0x0000156c        0x4 ./emlib/em_emu.o
                0x0000156c                EMU_EM23PostsleepHook
 .text.EMU_EnterEM2
                0x00001570       0x78 ./emlib/em_emu.o
                0x00001570                EMU_EnterEM2
 .text.EMU_EnterEM3
                0x000015e8       0x9c ./emlib/em_emu.o
                0x000015e8                EMU_EnterEM3
 .text.EMU_VScaleEM01
                0x00001684       0xc4 ./emlib/em_emu.o
                0x00001684                EMU_VScaleEM01
 .text.EMU_VScaleEM01ByClock.part.6
                0x00001748       0x5c ./emlib/em_emu.o
 .text.EMU_VScaleEM01ByClock
                0x000017a4       0x14 ./emlib/em_emu.o
                0x000017a4                EMU_VScaleEM01ByClock
 .text.EMU_EM23Init
                0x000017b8       0x34 ./emlib/em_emu.o
                0x000017b8                EMU_EM23Init
 .text.EMU_DCDCModeSet
                0x000017ec       0x9c ./emlib/em_emu.o
                0x000017ec                EMU_DCDCModeSet
 .text.EMU_DCDCOutputVoltageSet
                0x00001888      0x1a8 ./emlib/em_emu.o
                0x00001888                EMU_DCDCOutputVoltageSet
 .text.EMU_DCDCOptimizeSlice
                0x00001a30      0x100 ./emlib/em_emu.o
                0x00001a30                EMU_DCDCOptimizeSlice
 .text.EMU_DCDCLnRcoBandSet
                0x00001b30       0x40 ./emlib/em_emu.o
                0x00001b30                EMU_DCDCLnRcoBandSet
 .text.EMU_DCDCInit
                0x00001b70      0x1d4 ./emlib/em_emu.o
                0x00001b70                EMU_DCDCInit
 .text.GPIO_DriveStrengthSet
                0x00001d44       0x50 ./emlib/em_gpio.o
                0x00001d44                GPIO_DriveStrengthSet
 .text.GPIO_PinModeSet
                0x00001d94      0x2e0 ./emlib/em_gpio.o
                0x00001d94                GPIO_PinModeSet
 .text.I2C_BusFreqSet
                0x00002074      0x10c ./emlib/em_i2c.o
                0x00002074                I2C_BusFreqSet
 .text.I2C_Enable
                0x00002180       0x30 ./emlib/em_i2c.o
                0x00002180                I2C_Enable
 .text.I2C_Init
                0x000021b0       0x58 ./emlib/em_i2c.o
                0x000021b0                I2C_Init
 .text.LETIMER_Enable
                0x00002208       0x34 ./emlib/em_letimer.o
                0x00002208                LETIMER_Enable
 .text.LETIMER_Init
                0x0000223c       0x98 ./emlib/em_letimer.o
                0x0000223c                LETIMER_Init
 .text.LEUART_BaudrateSet
                0x000022d4       0x80 ./emlib/em_leuart.o
                0x000022d4                LEUART_BaudrateSet
 .text.LEUART_Enable
                0x00002354       0x3c ./emlib/em_leuart.o
                0x00002354                LEUART_Enable
 .text.LEUART_Init
                0x00002390       0x60 ./emlib/em_leuart.o
                0x00002390                LEUART_Init
 .text.LEUART_Reset
                0x000023f0       0x44 ./emlib/em_leuart.o
                0x000023f0                LEUART_Reset
 .text.si7021_i2c_open
                0x00002434       0x40 ./src/Source_Files/SI7021.o
                0x00002434                si7021_i2c_open
 .text.si7021_i2c_read
                0x00002474       0x28 ./src/Source_Files/SI7021.o
                0x00002474                si7021_i2c_read
 *fill*         0x0000249c        0x4 
 .text.si7021_temp_convert
                0x000024a0       0x6c ./src/Source_Files/SI7021.o
                0x000024a0                si7021_temp_convert
 .text.app_peripheral_setup
                0x0000250c       0x80 ./src/Source_Files/app.o
                0x0000250c                app_peripheral_setup
 .text.scheduled_letimer0_uf_cb
                0x0000258c       0x28 ./src/Source_Files/app.o
                0x0000258c                scheduled_letimer0_uf_cb
 .text.scheduled_letimer0_comp0_cb
                0x000025b4       0x18 ./src/Source_Files/app.o
                0x000025b4                scheduled_letimer0_comp0_cb
 .text.scheduled_letimer0_comp1_cb
                0x000025cc       0x18 ./src/Source_Files/app.o
                0x000025cc                scheduled_letimer0_comp1_cb
 .text.scheduled_si7021_read_cb
                0x000025e4       0x6c ./src/Source_Files/app.o
                0x000025e4                scheduled_si7021_read_cb
 .text.scheduled_boot_up_cb
                0x00002650       0x24 ./src/Source_Files/app.o
                0x00002650                scheduled_boot_up_cb
 .text.scheduled_leuartTX_cb
                0x00002674        0x8 ./src/Source_Files/app.o
                0x00002674                scheduled_leuartTX_cb
 .text.ble_open
                0x0000267c       0x50 ./src/Source_Files/ble.o
                0x0000267c                ble_open
 .text.ble_write
                0x000026cc       0x1c ./src/Source_Files/ble.o
                0x000026cc                ble_write
 .text.cmu_open
                0x000026e8       0x4c ./src/Source_Files/cmu.o
                0x000026e8                cmu_open
 .text.gpio_open
                0x00002734       0x8c ./src/Source_Files/gpio.o
                0x00002734                gpio_open
 .text.i2c_rxdatavIRPT
                0x000027c0       0x88 ./src/Source_Files/i2c.o
 .text.i2c_ackIRPT
                0x00002848       0x84 ./src/Source_Files/i2c.o
 .text.i2c_nackIRPT
                0x000028cc       0x68 ./src/Source_Files/i2c.o
 .text.i2c_mstopIRPT
                0x00002934       0x84 ./src/Source_Files/i2c.o
 .text.i2c_open
                0x000029b8      0x114 ./src/Source_Files/i2c.o
                0x000029b8                i2c_open
 .text.i2c_start
                0x00002acc       0x54 ./src/Source_Files/i2c.o
                0x00002acc                i2c_start
 .text.I2C0_IRQHandler
                0x00002b20       0x5c ./src/Source_Files/i2c.o
                0x00002b20                I2C0_IRQHandler
 .text.I2C1_IRQHandler
                0x00002b7c       0x60 ./src/Source_Files/i2c.o
                0x00002b7c                I2C1_IRQHandler
 .text.letimer_start
                0x00002bdc       0x50 ./src/Source_Files/letimer.o
                0x00002bdc                letimer_start
 .text.letimer_pwm_open
                0x00002c2c      0x140 ./src/Source_Files/letimer.o
                0x00002c2c                letimer_pwm_open
 .text.LETIMER0_IRQHandler
                0x00002d6c       0x88 ./src/Source_Files/letimer.o
                0x00002d6c                LETIMER0_IRQHandler
 .text.leuart_open
                0x00002df4      0x100 ./src/Source_Files/leuart.o
                0x00002df4                leuart_open
 .text.LEUART0_IRQHandler
                0x00002ef4       0xf4 ./src/Source_Files/leuart.o
                0x00002ef4                LEUART0_IRQHandler
 .text.leuart_start
                0x00002fe8       0x4c ./src/Source_Files/leuart.o
                0x00002fe8                leuart_start
 .text.scheduler_open
                0x00003034        0xc ./src/Source_Files/scheduler.o
                0x00003034                scheduler_open
 .text.add_scheduled_event
                0x00003040       0x1c ./src/Source_Files/scheduler.o
                0x00003040                add_scheduled_event
 .text.remove_scheduled_event
                0x0000305c       0x20 ./src/Source_Files/scheduler.o
                0x0000305c                remove_scheduled_event
 .text.get_scheduled_events
                0x0000307c        0xc ./src/Source_Files/scheduler.o
                0x0000307c                get_scheduled_events
 .text.sleep_open
                0x00003088       0x14 ./src/Source_Files/sleep_routines.o
                0x00003088                sleep_open
 .text.sleep_block_mode
                0x0000309c       0x20 ./src/Source_Files/sleep_routines.o
                0x0000309c                sleep_block_mode
 .text.sleep_unblock_mode
                0x000030bc       0x50 ./src/Source_Files/sleep_routines.o
                0x000030bc                sleep_unblock_mode
 .text.enter_sleep
                0x0000310c       0x54 ./src/Source_Files/sleep_routines.o
                0x0000310c                enter_sleep
 .text.startup.main
                0x00003160      0x184 ./src/main.o
                0x00003160                main
 .text          0x000032e4      0x378 c:/siliconlabs/simplicitystudio/v4/developer/toolchains/gnu_arm/7.2_2017q4/bin/../lib/gcc/arm-none-eabi/7.2.1/thumb/v7e-m/fpv4-sp/softfp\libgcc.a(_arm_addsubdf3.o)
                0x000032e4                __aeabi_drsub
                0x000032ec                __aeabi_dsub
                0x000032ec                __subdf3
                0x000032f0                __aeabi_dadd
                0x000032f0                __adddf3
                0x00003568                __floatunsidf
                0x00003568                __aeabi_ui2d
                0x00003588                __floatsidf
                0x00003588                __aeabi_i2d
                0x000035ac                __aeabi_f2d
                0x000035ac                __extendsfdf2
                0x000035f0                __floatundidf
                0x000035f0                __aeabi_ul2d
                0x00003600                __floatdidf
                0x00003600                __aeabi_l2d
 .text          0x0000365c      0x424 c:/siliconlabs/simplicitystudio/v4/developer/toolchains/gnu_arm/7.2_2017q4/bin/../lib/gcc/arm-none-eabi/7.2.1/thumb/v7e-m/fpv4-sp/softfp\libgcc.a(_arm_muldivdf3.o)
                0x0000365c                __aeabi_dmul
                0x0000365c                __muldf3
                0x000038b0                __divdf3
                0x000038b0                __aeabi_ddiv
 .text          0x00003a80       0xa0 c:/siliconlabs/simplicitystudio/v4/developer/toolchains/gnu_arm/7.2_2017q4/bin/../lib/gcc/arm-none-eabi/7.2.1/thumb/v7e-m/fpv4-sp/softfp\libgcc.a(_arm_truncdfsf2.o)
                0x00003a80                __truncdfsf2
                0x00003a80                __aeabi_d2f
 .text.exit     0x00003b20       0x28 c:/siliconlabs/simplicitystudio/v4/developer/toolchains/gnu_arm/7.2_2017q4/bin/../lib/gcc/arm-none-eabi/7.2.1/../../../../arm-none-eabi/lib/thumb/v7e-m/fpv4-sp/softfp\libc_nano.a(lib_a-exit.o)
                0x00003b20                exit
 .text.__libc_init_array
                0x00003b48       0x48 c:/siliconlabs/simplicitystudio/v4/developer/toolchains/gnu_arm/7.2_2017q4/bin/../lib/gcc/arm-none-eabi/7.2.1/../../../../arm-none-eabi/lib/thumb/v7e-m/fpv4-sp/softfp\libc_nano.a(lib_a-init.o)
                0x00003b48                __libc_init_array
 .text.memcpy   0x00003b90       0x16 c:/siliconlabs/simplicitystudio/v4/developer/toolchains/gnu_arm/7.2_2017q4/bin/../lib/gcc/arm-none-eabi/7.2.1/../../../../arm-none-eabi/lib/thumb/v7e-m/fpv4-sp/softfp\libc_nano.a(lib_a-memcpy-stub.o)
                0x00003b90                memcpy
 .text.memset   0x00003ba6       0x10 c:/siliconlabs/simplicitystudio/v4/developer/toolchains/gnu_arm/7.2_2017q4/bin/../lib/gcc/arm-none-eabi/7.2.1/../../../../arm-none-eabi/lib/thumb/v7e-m/fpv4-sp/softfp\libc_nano.a(lib_a-memset.o)
                0x00003ba6                memset
 .text.__cvt    0x00003bb6       0xbc c:/siliconlabs/simplicitystudio/v4/developer/toolchains/gnu_arm/7.2_2017q4/bin/../lib/gcc/arm-none-eabi/7.2.1/../../../../arm-none-eabi/lib/thumb/v7e-m/fpv4-sp/softfp\libc_nano.a(lib_a-nano-vfprintf_float.o)
                0x00003bb6                __cvt
 .text.__exponent
                0x00003c72       0x66 c:/siliconlabs/simplicitystudio/v4/developer/toolchains/gnu_arm/7.2_2017q4/bin/../lib/gcc/arm-none-eabi/7.2.1/../../../../arm-none-eabi/lib/thumb/v7e-m/fpv4-sp/softfp\libc_nano.a(lib_a-nano-vfprintf_float.o)
                0x00003c72                __exponent
 .text._printf_float
                0x00003cd8      0x48c c:/siliconlabs/simplicitystudio/v4/developer/toolchains/gnu_arm/7.2_2017q4/bin/../lib/gcc/arm-none-eabi/7.2.1/../../../../arm-none-eabi/lib/thumb/v7e-m/fpv4-sp/softfp\libc_nano.a(lib_a-nano-vfprintf_float.o)
                0x00003cd8                _printf_float
 .text._printf_common
                0x00004164       0xea c:/siliconlabs/simplicitystudio/v4/developer/toolchains/gnu_arm/7.2_2017q4/bin/../lib/gcc/arm-none-eabi/7.2.1/../../../../arm-none-eabi/lib/thumb/v7e-m/fpv4-sp/softfp\libc_nano.a(lib_a-nano-vfprintf_i.o)
                0x00004164                _printf_common
 *fill*         0x0000424e        0x2 
 .text._printf_i
                0x00004250      0x224 c:/siliconlabs/simplicitystudio/v4/developer/toolchains/gnu_arm/7.2_2017q4/bin/../lib/gcc/arm-none-eabi/7.2.1/../../../../arm-none-eabi/lib/thumb/v7e-m/fpv4-sp/softfp\libc_nano.a(lib_a-nano-vfprintf_i.o)
                0x00004250                _printf_i
 .text._scanf_float
                0x00004474      0x3bc c:/siliconlabs/simplicitystudio/v4/developer/toolchains/gnu_arm/7.2_2017q4/bin/../lib/gcc/arm-none-eabi/7.2.1/../../../../arm-none-eabi/lib/thumb/v7e-m/fpv4-sp/softfp\libc_nano.a(lib_a-nano-vfscanf_float.o)
                0x00004474                _scanf_float
 .text.nanf     0x00004830        0x8 c:/siliconlabs/simplicitystudio/v4/developer/toolchains/gnu_arm/7.2_2017q4/bin/../lib/gcc/arm-none-eabi/7.2.1/../../../../arm-none-eabi/lib/thumb/v7e-m/fpv4-sp/softfp\libc_nano.a(lib_a-sf_nan.o)
                0x00004830                nanf
 .text.sprintf  0x00004838       0x40 c:/siliconlabs/simplicitystudio/v4/developer/toolchains/gnu_arm/7.2_2017q4/bin/../lib/gcc/arm-none-eabi/7.2.1/../../../../arm-none-eabi/lib/thumb/v7e-m/fpv4-sp/softfp\libc_nano.a(lib_a-sprintf.o)
                0x00004838                siprintf
                0x00004838                sprintf
 .text.strcpy   0x00004878       0x10 c:/siliconlabs/simplicitystudio/v4/developer/toolchains/gnu_arm/7.2_2017q4/bin/../lib/gcc/arm-none-eabi/7.2.1/../../../../arm-none-eabi/lib/thumb/v7e-m/fpv4-sp/softfp\libc_nano.a(lib_a-strcpy.o)
                0x00004878                strcpy
 .text          0x00004888       0x10 c:/siliconlabs/simplicitystudio/v4/developer/toolchains/gnu_arm/7.2_2017q4/bin/../lib/gcc/arm-none-eabi/7.2.1/../../../../arm-none-eabi/lib/thumb/v7e-m/fpv4-sp/softfp\libc_nano.a(lib_a-strlen.o)
                0x00004888                strlen
 .text.unlikely.sulp
                0x00004898       0x42 c:/siliconlabs/simplicitystudio/v4/developer/toolchains/gnu_arm/7.2_2017q4/bin/../lib/gcc/arm-none-eabi/7.2.1/../../../../arm-none-eabi/lib/thumb/v7e-m/fpv4-sp/softfp\libc_nano.a(lib_a-strtod.o)
 *fill*         0x000048da        0x6 
 .text._strtod_l
                0x000048e0      0xbe0 c:/siliconlabs/simplicitystudio/v4/developer/toolchains/gnu_arm/7.2_2017q4/bin/../lib/gcc/arm-none-eabi/7.2.1/../../../../arm-none-eabi/lib/thumb/v7e-m/fpv4-sp/softfp\libc_nano.a(lib_a-strtod.o)
                0x000048e0                _strtod_l
 .text._strtod_r
                0x000054c0       0x20 c:/siliconlabs/simplicitystudio/v4/developer/toolchains/gnu_arm/7.2_2017q4/bin/../lib/gcc/arm-none-eabi/7.2.1/../../../../arm-none-eabi/lib/thumb/v7e-m/fpv4-sp/softfp\libc_nano.a(lib_a-strtod.o)
                0x000054c0                _strtod_r
 .text._strtol_l.isra.0
                0x000054e0       0xf6 c:/siliconlabs/simplicitystudio/v4/developer/toolchains/gnu_arm/7.2_2017q4/bin/../lib/gcc/arm-none-eabi/7.2.1/../../../../arm-none-eabi/lib/thumb/v7e-m/fpv4-sp/softfp\libc_nano.a(lib_a-strtol.o)
 *fill*         0x000055d6        0x2 
 .text._strtol_r
                0x000055d8       0x24 c:/siliconlabs/simplicitystudio/v4/developer/toolchains/gnu_arm/7.2_2017q4/bin/../lib/gcc/arm-none-eabi/7.2.1/../../../../arm-none-eabi/lib/thumb/v7e-m/fpv4-sp/softfp\libc_nano.a(lib_a-strtol.o)
                0x000055d8                _strtol_r
 .text.quorem   0x000055fc      0x118 c:/siliconlabs/simplicitystudio/v4/developer/toolchains/gnu_arm/7.2_2017q4/bin/../lib/gcc/arm-none-eabi/7.2.1/../../../../arm-none-eabi/lib/thumb/v7e-m/fpv4-sp/softfp\libc_nano.a(lib_a-dtoa.o)
 *fill*         0x00005714        0x4 
 .text._dtoa_r  0x00005718      0xb7c c:/siliconlabs/simplicitystudio/v4/developer/toolchains/gnu_arm/7.2_2017q4/bin/../lib/gcc/arm-none-eabi/7.2.1/../../../../arm-none-eabi/lib/thumb/v7e-m/fpv4-sp/softfp\libc_nano.a(lib_a-dtoa.o)
                0x00005718                _dtoa_r
 .text.rshift   0x00006294       0x74 c:/siliconlabs/simplicitystudio/v4/developer/toolchains/gnu_arm/7.2_2017q4/bin/../lib/gcc/arm-none-eabi/7.2.1/../../../../arm-none-eabi/lib/thumb/v7e-m/fpv4-sp/softfp\libc_nano.a(lib_a-gdtoa-gethex.o)
 .text.__hexdig_fun
                0x00006308       0x2a c:/siliconlabs/simplicitystudio/v4/developer/toolchains/gnu_arm/7.2_2017q4/bin/../lib/gcc/arm-none-eabi/7.2.1/../../../../arm-none-eabi/lib/thumb/v7e-m/fpv4-sp/softfp\libc_nano.a(lib_a-gdtoa-gethex.o)
                0x00006308                __hexdig_fun
 .text.__gethex
                0x00006332      0x442 c:/siliconlabs/simplicitystudio/v4/developer/toolchains/gnu_arm/7.2_2017q4/bin/../lib/gcc/arm-none-eabi/7.2.1/../../../../arm-none-eabi/lib/thumb/v7e-m/fpv4-sp/softfp\libc_nano.a(lib_a-gdtoa-gethex.o)
                0x00006332                __gethex
 .text.L_shift  0x00006774       0x24 c:/siliconlabs/simplicitystudio/v4/developer/toolchains/gnu_arm/7.2_2017q4/bin/../lib/gcc/arm-none-eabi/7.2.1/../../../../arm-none-eabi/lib/thumb/v7e-m/fpv4-sp/softfp\libc_nano.a(lib_a-gdtoa-hexnan.o)
 .text.__match  0x00006798       0x28 c:/siliconlabs/simplicitystudio/v4/developer/toolchains/gnu_arm/7.2_2017q4/bin/../lib/gcc/arm-none-eabi/7.2.1/../../../../arm-none-eabi/lib/thumb/v7e-m/fpv4-sp/softfp\libc_nano.a(lib_a-gdtoa-hexnan.o)
                0x00006798                __match
 .text.__hexnan
                0x000067c0      0x120 c:/siliconlabs/simplicitystudio/v4/developer/toolchains/gnu_arm/7.2_2017q4/bin/../lib/gcc/arm-none-eabi/7.2.1/../../../../arm-none-eabi/lib/thumb/v7e-m/fpv4-sp/softfp\libc_nano.a(lib_a-gdtoa-hexnan.o)
                0x000067c0                __hexnan
 .text.__locale_ctype_ptr_l
                0x000068e0        0x6 c:/siliconlabs/simplicitystudio/v4/developer/toolchains/gnu_arm/7.2_2017q4/bin/../lib/gcc/arm-none-eabi/7.2.1/../../../../arm-none-eabi/lib/thumb/v7e-m/fpv4-sp/softfp\libc_nano.a(lib_a-locale.o)
                0x000068e0                __locale_ctype_ptr_l
 .text.__localeconv_l
                0x000068e6        0x4 c:/siliconlabs/simplicitystudio/v4/developer/toolchains/gnu_arm/7.2_2017q4/bin/../lib/gcc/arm-none-eabi/7.2.1/../../../../arm-none-eabi/lib/thumb/v7e-m/fpv4-sp/softfp\libc_nano.a(lib_a-localeconv.o)
                0x000068e6                __localeconv_l
 *fill*         0x000068ea        0x2 
 .text._localeconv_r
                0x000068ec       0x1c c:/siliconlabs/simplicitystudio/v4/developer/toolchains/gnu_arm/7.2_2017q4/bin/../lib/gcc/arm-none-eabi/7.2.1/../../../../arm-none-eabi/lib/thumb/v7e-m/fpv4-sp/softfp\libc_nano.a(lib_a-localeconv.o)
                0x000068ec                _localeconv_r
 .text.malloc   0x00006908       0x10 c:/siliconlabs/simplicitystudio/v4/developer/toolchains/gnu_arm/7.2_2017q4/bin/../lib/gcc/arm-none-eabi/7.2.1/../../../../arm-none-eabi/lib/thumb/v7e-m/fpv4-sp/softfp\libc_nano.a(lib_a-malloc.o)
                0x00006908                malloc
 .text.__ascii_mbtowc
                0x00006918       0x24 c:/siliconlabs/simplicitystudio/v4/developer/toolchains/gnu_arm/7.2_2017q4/bin/../lib/gcc/arm-none-eabi/7.2.1/../../../../arm-none-eabi/lib/thumb/v7e-m/fpv4-sp/softfp\libc_nano.a(lib_a-mbtowc_r.o)
                0x00006918                __ascii_mbtowc
 *fill*         0x0000693c        0x4 
 .text          0x00006940       0xa0 c:/siliconlabs/simplicitystudio/v4/developer/toolchains/gnu_arm/7.2_2017q4/bin/../lib/gcc/arm-none-eabi/7.2.1/../../../../arm-none-eabi/lib/thumb/v7e-m/fpv4-sp/softfp\libc_nano.a(lib_a-memchr.o)
                0x00006940                memchr
 .text._Balloc  0x000069e0       0x68 c:/siliconlabs/simplicitystudio/v4/developer/toolchains/gnu_arm/7.2_2017q4/bin/../lib/gcc/arm-none-eabi/7.2.1/../../../../arm-none-eabi/lib/thumb/v7e-m/fpv4-sp/softfp\libc_nano.a(lib_a-mprec.o)
                0x000069e0                _Balloc
 .text._Bfree   0x00006a48       0x2e c:/siliconlabs/simplicitystudio/v4/developer/toolchains/gnu_arm/7.2_2017q4/bin/../lib/gcc/arm-none-eabi/7.2.1/../../../../arm-none-eabi/lib/thumb/v7e-m/fpv4-sp/softfp\libc_nano.a(lib_a-mprec.o)
                0x00006a48                _Bfree
 .text.__multadd
                0x00006a76       0x76 c:/siliconlabs/simplicitystudio/v4/developer/toolchains/gnu_arm/7.2_2017q4/bin/../lib/gcc/arm-none-eabi/7.2.1/../../../../arm-none-eabi/lib/thumb/v7e-m/fpv4-sp/softfp\libc_nano.a(lib_a-mprec.o)
                0x00006a76                __multadd
 .text.__s2b    0x00006aec       0x7c c:/siliconlabs/simplicitystudio/v4/developer/toolchains/gnu_arm/7.2_2017q4/bin/../lib/gcc/arm-none-eabi/7.2.1/../../../../arm-none-eabi/lib/thumb/v7e-m/fpv4-sp/softfp\libc_nano.a(lib_a-mprec.o)
                0x00006aec                __s2b
 .text.__hi0bits
                0x00006b68       0x3e c:/siliconlabs/simplicitystudio/v4/developer/toolchains/gnu_arm/7.2_2017q4/bin/../lib/gcc/arm-none-eabi/7.2.1/../../../../arm-none-eabi/lib/thumb/v7e-m/fpv4-sp/softfp\libc_nano.a(lib_a-mprec.o)
                0x00006b68                __hi0bits
 .text.__lo0bits
                0x00006ba6       0x5e c:/siliconlabs/simplicitystudio/v4/developer/toolchains/gnu_arm/7.2_2017q4/bin/../lib/gcc/arm-none-eabi/7.2.1/../../../../arm-none-eabi/lib/thumb/v7e-m/fpv4-sp/softfp\libc_nano.a(lib_a-mprec.o)
                0x00006ba6                __lo0bits
 .text.__i2b    0x00006c04       0x12 c:/siliconlabs/simplicitystudio/v4/developer/toolchains/gnu_arm/7.2_2017q4/bin/../lib/gcc/arm-none-eabi/7.2.1/../../../../arm-none-eabi/lib/thumb/v7e-m/fpv4-sp/softfp\libc_nano.a(lib_a-mprec.o)
                0x00006c04                __i2b
 .text.__multiply
                0x00006c16      0x12c c:/siliconlabs/simplicitystudio/v4/developer/toolchains/gnu_arm/7.2_2017q4/bin/../lib/gcc/arm-none-eabi/7.2.1/../../../../arm-none-eabi/lib/thumb/v7e-m/fpv4-sp/softfp\libc_nano.a(lib_a-mprec.o)
                0x00006c16                __multiply
 *fill*         0x00006d42        0x2 
 .text.__pow5mult
                0x00006d44       0x9c c:/siliconlabs/simplicitystudio/v4/developer/toolchains/gnu_arm/7.2_2017q4/bin/../lib/gcc/arm-none-eabi/7.2.1/../../../../arm-none-eabi/lib/thumb/v7e-m/fpv4-sp/softfp\libc_nano.a(lib_a-mprec.o)
                0x00006d44                __pow5mult
 .text.__lshift
                0x00006de0       0xa8 c:/siliconlabs/simplicitystudio/v4/developer/toolchains/gnu_arm/7.2_2017q4/bin/../lib/gcc/arm-none-eabi/7.2.1/../../../../arm-none-eabi/lib/thumb/v7e-m/fpv4-sp/softfp\libc_nano.a(lib_a-mprec.o)
                0x00006de0                __lshift
 .text.__mcmp   0x00006e88       0x34 c:/siliconlabs/simplicitystudio/v4/developer/toolchains/gnu_arm/7.2_2017q4/bin/../lib/gcc/arm-none-eabi/7.2.1/../../../../arm-none-eabi/lib/thumb/v7e-m/fpv4-sp/softfp\libc_nano.a(lib_a-mprec.o)
                0x00006e88                __mcmp
 .text.__mdiff  0x00006ebc       0xba c:/siliconlabs/simplicitystudio/v4/developer/toolchains/gnu_arm/7.2_2017q4/bin/../lib/gcc/arm-none-eabi/7.2.1/../../../../arm-none-eabi/lib/thumb/v7e-m/fpv4-sp/softfp\libc_nano.a(lib_a-mprec.o)
                0x00006ebc                __mdiff
 *fill*         0x00006f76        0x2 
 .text.__ulp    0x00006f78       0x48 c:/siliconlabs/simplicitystudio/v4/developer/toolchains/gnu_arm/7.2_2017q4/bin/../lib/gcc/arm-none-eabi/7.2.1/../../../../arm-none-eabi/lib/thumb/v7e-m/fpv4-sp/softfp\libc_nano.a(lib_a-mprec.o)
                0x00006f78                __ulp
 .text.__b2d    0x00006fc0       0xa4 c:/siliconlabs/simplicitystudio/v4/developer/toolchains/gnu_arm/7.2_2017q4/bin/../lib/gcc/arm-none-eabi/7.2.1/../../../../arm-none-eabi/lib/thumb/v7e-m/fpv4-sp/softfp\libc_nano.a(lib_a-mprec.o)
                0x00006fc0                __b2d
 .text.__d2b    0x00007064       0x9e c:/siliconlabs/simplicitystudio/v4/developer/toolchains/gnu_arm/7.2_2017q4/bin/../lib/gcc/arm-none-eabi/7.2.1/../../../../arm-none-eabi/lib/thumb/v7e-m/fpv4-sp/softfp\libc_nano.a(lib_a-mprec.o)
                0x00007064                __d2b
 .text.__ratio  0x00007102       0x5c c:/siliconlabs/simplicitystudio/v4/developer/toolchains/gnu_arm/7.2_2017q4/bin/../lib/gcc/arm-none-eabi/7.2.1/../../../../arm-none-eabi/lib/thumb/v7e-m/fpv4-sp/softfp\libc_nano.a(lib_a-mprec.o)
                0x00007102                __ratio
 .text.__copybits
                0x0000715e       0x34 c:/siliconlabs/simplicitystudio/v4/developer/toolchains/gnu_arm/7.2_2017q4/bin/../lib/gcc/arm-none-eabi/7.2.1/../../../../arm-none-eabi/lib/thumb/v7e-m/fpv4-sp/softfp\libc_nano.a(lib_a-mprec.o)
                0x0000715e                __copybits
 .text.__any_on
                0x00007192       0x42 c:/siliconlabs/simplicitystudio/v4/developer/toolchains/gnu_arm/7.2_2017q4/bin/../lib/gcc/arm-none-eabi/7.2.1/../../../../arm-none-eabi/lib/thumb/v7e-m/fpv4-sp/softfp\libc_nano.a(lib_a-mprec.o)
                0x00007192                __any_on
 .text._calloc_r
                0x000071d4       0x1c c:/siliconlabs/simplicitystudio/v4/developer/toolchains/gnu_arm/7.2_2017q4/bin/../lib/gcc/arm-none-eabi/7.2.1/../../../../arm-none-eabi/lib/thumb/v7e-m/fpv4-sp/softfp\libc_nano.a(lib_a-nano-callocr.o)
                0x000071d4                _calloc_r
 .text._free_r  0x000071f0       0x9c c:/siliconlabs/simplicitystudio/v4/developer/toolchains/gnu_arm/7.2_2017q4/bin/../lib/gcc/arm-none-eabi/7.2.1/../../../../arm-none-eabi/lib/thumb/v7e-m/fpv4-sp/softfp\libc_nano.a(lib_a-nano-freer.o)
                0x000071f0                _free_r
 .text._malloc_r
                0x0000728c       0xb4 c:/siliconlabs/simplicitystudio/v4/developer/toolchains/gnu_arm/7.2_2017q4/bin/../lib/gcc/arm-none-eabi/7.2.1/../../../../arm-none-eabi/lib/thumb/v7e-m/fpv4-sp/softfp\libc_nano.a(lib_a-nano-mallocr.o)
                0x0000728c                _malloc_r
 .text.__ssputs_r
                0x00007340       0xb4 c:/siliconlabs/simplicitystudio/v4/developer/toolchains/gnu_arm/7.2_2017q4/bin/../lib/gcc/arm-none-eabi/7.2.1/../../../../arm-none-eabi/lib/thumb/v7e-m/fpv4-sp/softfp\libc_nano.a(lib_a-nano-svfprintf.o)
                0x00007340                __ssputs_r
 .text._svfprintf_r
                0x000073f4      0x1ec c:/siliconlabs/simplicitystudio/v4/developer/toolchains/gnu_arm/7.2_2017q4/bin/../lib/gcc/arm-none-eabi/7.2.1/../../../../arm-none-eabi/lib/thumb/v7e-m/fpv4-sp/softfp\libc_nano.a(lib_a-nano-svfprintf.o)
                0x000073f4                _svfiprintf_r
                0x000073f4                _svfprintf_r
 .text._sbrk_r  0x000075e0       0x20 c:/siliconlabs/simplicitystudio/v4/developer/toolchains/gnu_arm/7.2_2017q4/bin/../lib/gcc/arm-none-eabi/7.2.1/../../../../arm-none-eabi/lib/thumb/v7e-m/fpv4-sp/softfp\libc_nano.a(lib_a-sbrkr.o)
                0x000075e0                _sbrk_r
 .text.strncmp  0x00007600       0x24 c:/siliconlabs/simplicitystudio/v4/developer/toolchains/gnu_arm/7.2_2017q4/bin/../lib/gcc/arm-none-eabi/7.2.1/../../../../arm-none-eabi/lib/thumb/v7e-m/fpv4-sp/softfp\libc_nano.a(lib_a-strncmp.o)
                0x00007600                strncmp
 .text.__ascii_wctomb
                0x00007624       0x1a c:/siliconlabs/simplicitystudio/v4/developer/toolchains/gnu_arm/7.2_2017q4/bin/../lib/gcc/arm-none-eabi/7.2.1/../../../../arm-none-eabi/lib/thumb/v7e-m/fpv4-sp/softfp\libc_nano.a(lib_a-wctomb_r.o)
                0x00007624                __ascii_wctomb
 .text.memmove  0x0000763e       0x32 c:/siliconlabs/simplicitystudio/v4/developer/toolchains/gnu_arm/7.2_2017q4/bin/../lib/gcc/arm-none-eabi/7.2.1/../../../../arm-none-eabi/lib/thumb/v7e-m/fpv4-sp/softfp\libc_nano.a(lib_a-memmove.o)
                0x0000763e                memmove
 .text.__malloc_lock
                0x00007670        0x2 c:/siliconlabs/simplicitystudio/v4/developer/toolchains/gnu_arm/7.2_2017q4/bin/../lib/gcc/arm-none-eabi/7.2.1/../../../../arm-none-eabi/lib/thumb/v7e-m/fpv4-sp/softfp\libc_nano.a(lib_a-mlock.o)
                0x00007670                __malloc_lock
 .text.__malloc_unlock
                0x00007672        0x2 c:/siliconlabs/simplicitystudio/v4/developer/toolchains/gnu_arm/7.2_2017q4/bin/../lib/gcc/arm-none-eabi/7.2.1/../../../../arm-none-eabi/lib/thumb/v7e-m/fpv4-sp/softfp\libc_nano.a(lib_a-mlock.o)
                0x00007672                __malloc_unlock
 .text._realloc_r
                0x00007674       0x4c c:/siliconlabs/simplicitystudio/v4/developer/toolchains/gnu_arm/7.2_2017q4/bin/../lib/gcc/arm-none-eabi/7.2.1/../../../../arm-none-eabi/lib/thumb/v7e-m/fpv4-sp/softfp\libc_nano.a(lib_a-nano-reallocr.o)
                0x00007674                _realloc_r
 .text._malloc_usable_size_r
                0x000076c0       0x10 c:/siliconlabs/simplicitystudio/v4/developer/toolchains/gnu_arm/7.2_2017q4/bin/../lib/gcc/arm-none-eabi/7.2.1/../../../../arm-none-eabi/lib/thumb/v7e-m/fpv4-sp/softfp\libc_nano.a(lib_a-nano-msizer.o)
                0x000076c0                _malloc_usable_size_r
 .text._sbrk    0x000076d0       0x1c c:/siliconlabs/simplicitystudio/v4/developer/toolchains/gnu_arm/7.2_2017q4/bin/../lib/gcc/arm-none-eabi/7.2.1/../../../../arm-none-eabi/lib/thumb/v7e-m/fpv4-sp/softfp\libnosys.a(sbrk.o)
                0x000076d0                _sbrk
 .text._exit    0x000076ec        0x4 c:/siliconlabs/simplicitystudio/v4/developer/toolchains/gnu_arm/7.2_2017q4/bin/../lib/gcc/arm-none-eabi/7.2.1/../../../../arm-none-eabi/lib/thumb/v7e-m/fpv4-sp/softfp\libnosys.a(_exit.o)
                0x000076ec                _exit
 .text          0x000076f0      0x110 c:/siliconlabs/simplicitystudio/v4/developer/toolchains/gnu_arm/7.2_2017q4/bin/../lib/gcc/arm-none-eabi/7.2.1/thumb/v7e-m/fpv4-sp/softfp\libgcc.a(_arm_cmpdf2.o)
                0x000076f0                __gtdf2
                0x000076f0                __gedf2
                0x000076f8                __ltdf2
                0x000076f8                __ledf2
                0x00007700                __nedf2
                0x00007700                __eqdf2
                0x00007700                __cmpdf2
                0x0000777c                __aeabi_cdrcmple
                0x0000778c                __aeabi_cdcmpeq
                0x0000778c                __aeabi_cdcmple
                0x0000779c                __aeabi_dcmpeq
                0x000077b0                __aeabi_dcmplt
                0x000077c4                __aeabi_dcmple
                0x000077d8                __aeabi_dcmpge
                0x000077ec                __aeabi_dcmpgt
 .text          0x00007800       0x2c c:/siliconlabs/simplicitystudio/v4/developer/toolchains/gnu_arm/7.2_2017q4/bin/../lib/gcc/arm-none-eabi/7.2.1/thumb/v7e-m/fpv4-sp/softfp\libgcc.a(_arm_unorddf2.o)
                0x00007800                __unorddf2
                0x00007800                __aeabi_dcmpun
 .text          0x0000782c       0x50 c:/siliconlabs/simplicitystudio/v4/developer/toolchains/gnu_arm/7.2_2017q4/bin/../lib/gcc/arm-none-eabi/7.2.1/thumb/v7e-m/fpv4-sp/softfp\libgcc.a(_arm_fixdfsi.o)
                0x0000782c                __aeabi_d2iz
                0x0000782c                __fixdfsi
 .text          0x0000787c       0x40 c:/siliconlabs/simplicitystudio/v4/developer/toolchains/gnu_arm/7.2_2017q4/bin/../lib/gcc/arm-none-eabi/7.2.1/thumb/v7e-m/fpv4-sp/softfp\libgcc.a(_arm_fixunsdfsi.o)
                0x0000787c                __aeabi_d2uiz
                0x0000787c                __fixunsdfsi
 *(.init)
 .init          0x000078bc        0x4 c:/siliconlabs/simplicitystudio/v4/developer/toolchains/gnu_arm/7.2_2017q4/bin/../lib/gcc/arm-none-eabi/7.2.1/thumb/v7e-m/fpv4-sp/softfp/crti.o
                0x000078bc                _init
 .init          0x000078c0        0x8 c:/siliconlabs/simplicitystudio/v4/developer/toolchains/gnu_arm/7.2_2017q4/bin/../lib/gcc/arm-none-eabi/7.2.1/thumb/v7e-m/fpv4-sp/softfp/crtn.o
 *(.fini)
 .fini          0x000078c8        0x4 c:/siliconlabs/simplicitystudio/v4/developer/toolchains/gnu_arm/7.2_2017q4/bin/../lib/gcc/arm-none-eabi/7.2.1/thumb/v7e-m/fpv4-sp/softfp/crti.o
                0x000078c8                _fini
 .fini          0x000078cc        0x8 c:/siliconlabs/simplicitystudio/v4/developer/toolchains/gnu_arm/7.2_2017q4/bin/../lib/gcc/arm-none-eabi/7.2.1/thumb/v7e-m/fpv4-sp/softfp/crtn.o
 *fill*         0x000078d4        0x4 
 .fini.__stub   0x000078d8        0x8 linker stubs
 *crtbegin.o(.ctors)
 *crtbegin?.o(.ctors)
 *(EXCLUDE_FILE(*crtend.o *crtend?.o) .ctors)
 *(SORT_BY_NAME(.ctors.*))
 *(.ctors)
 *crtbegin.o(.dtors)
 *crtbegin?.o(.dtors)
 *(EXCLUDE_FILE(*crtend.o *crtend?.o) .dtors)
 *(SORT_BY_NAME(.dtors.*))
 *(.dtors)
 *(.rodata*)
 .rodata.flashWaitStateControl.str1.4
                0x000078e0       0x12 ./emlib/em_cmu.o
 *fill*         0x000078f2        0x2 
 .rodata.flashWsTable
                0x000078f4       0x28 ./emlib/em_cmu.o
 .rodata.lpGetDevinfoVrefLowHigh.str1.4
                0x0000791c       0x12 ./emlib/em_emu.o
 *fill*         0x0000792e        0x2 
 .rodata.GPIO_DbgLocationSet.str1.4
                0x00007930       0x13 ./emlib/em_gpio.o
 *fill*         0x00007943        0x1 
 .rodata.GPIO_PinModeSet.str1.4
                0x00007944       0x64 ./emlib/em_gpio.o
 .rodata.CSWTCH.17
                0x000079a8        0xc ./emlib/em_i2c.o
 .rodata.CSWTCH.18
                0x000079b4        0xc ./emlib/em_i2c.o
 .rodata.I2C_BusFreqGet.str1.4
                0x000079c0       0x12 ./emlib/em_i2c.o
 *fill*         0x000079d2        0x2 
 .rodata.i2cNSum
                0x000079d4        0x4 ./emlib/em_i2c.o
 .rodata.LETIMER_CompareGet.str1.4
                0x000079d8       0x16 ./emlib/em_letimer.o
 *fill*         0x000079ee        0x2 
 .rodata.LEUART_BaudrateGet.str1.4
                0x000079f0       0x15 ./emlib/em_leuart.o
 *fill*         0x00007a05        0x3 
 .rodata.scheduled_boot_up_cb.str1.4
                0x00007a08        0xd ./src/Source_Files/app.o
 *fill*         0x00007a15        0x3 
 .rodata.scheduled_letimer0_uf_cb.str1.4
                0x00007a18       0x1a ./src/Source_Files/app.o
 *fill*         0x00007a32        0x2 
 .rodata.scheduled_si7021_read_cb.str1.4
                0x00007a34       0x11 ./src/Source_Files/app.o
 *fill*         0x00007a45        0x3 
 .rodata.i2c_rxdatavIRPT.str1.4
                0x00007a48       0x1a ./src/Source_Files/i2c.o
 *fill*         0x00007a62        0x2 
 .rodata.letimer_pwm_open.str1.4
                0x00007a64       0x1e ./src/Source_Files/letimer.o
 *fill*         0x00007a82        0x2 
 .rodata.leuart_open.str1.4
                0x00007a84       0x1d ./src/Source_Files/leuart.o
 *fill*         0x00007aa1        0x3 
 .rodata.sleep_unblock_mode.str1.4
                0x00007aa4       0x25 ./src/Source_Files/sleep_routines.o
 *fill*         0x00007ac9        0x3 
 .rodata        0x00007acc       0x22 ./src/main.o
 *fill*         0x00007aee        0x2 
 .rodata.main.str1.4
                0x00007af0       0x10 ./src/main.o
                                  0xe (size before relaxing)
 .rodata._global_impure_ptr
                0x00007b00        0x4 c:/siliconlabs/simplicitystudio/v4/developer/toolchains/gnu_arm/7.2_2017q4/bin/../lib/gcc/arm-none-eabi/7.2.1/../../../../arm-none-eabi/lib/thumb/v7e-m/fpv4-sp/softfp\libc_nano.a(lib_a-impure.o)
                0x00007b00                _global_impure_ptr
 .rodata._printf_float.str1.1
                0x00007b04       0x12 c:/siliconlabs/simplicitystudio/v4/developer/toolchains/gnu_arm/7.2_2017q4/bin/../lib/gcc/arm-none-eabi/7.2.1/../../../../arm-none-eabi/lib/thumb/v7e-m/fpv4-sp/softfp\libc_nano.a(lib_a-nano-vfprintf_float.o)
 .rodata._printf_i.str1.1
                0x00007b16       0x22 c:/siliconlabs/simplicitystudio/v4/developer/toolchains/gnu_arm/7.2_2017q4/bin/../lib/gcc/arm-none-eabi/7.2.1/../../../../arm-none-eabi/lib/thumb/v7e-m/fpv4-sp/softfp\libc_nano.a(lib_a-nano-vfprintf_i.o)
 .rodata._scanf_float.str1.1
                0x00007b38        0x5 c:/siliconlabs/simplicitystudio/v4/developer/toolchains/gnu_arm/7.2_2017q4/bin/../lib/gcc/arm-none-eabi/7.2.1/../../../../arm-none-eabi/lib/thumb/v7e-m/fpv4-sp/softfp\libc_nano.a(lib_a-nano-vfscanf_float.o)
 .rodata._strtod_l.str1.1
                0x00007b3d        0x5 c:/siliconlabs/simplicitystudio/v4/developer/toolchains/gnu_arm/7.2_2017q4/bin/../lib/gcc/arm-none-eabi/7.2.1/../../../../arm-none-eabi/lib/thumb/v7e-m/fpv4-sp/softfp\libc_nano.a(lib_a-strtod.o)
                                  0xc (size before relaxing)
 *fill*         0x00007b3d        0x3 
 .rodata.fpi.7431
                0x00007b40       0x14 c:/siliconlabs/simplicitystudio/v4/developer/toolchains/gnu_arm/7.2_2017q4/bin/../lib/gcc/arm-none-eabi/7.2.1/../../../../arm-none-eabi/lib/thumb/v7e-m/fpv4-sp/softfp\libc_nano.a(lib_a-strtod.o)
 .rodata.fpinan.7467
                0x00007b54       0x14 c:/siliconlabs/simplicitystudio/v4/developer/toolchains/gnu_arm/7.2_2017q4/bin/../lib/gcc/arm-none-eabi/7.2.1/../../../../arm-none-eabi/lib/thumb/v7e-m/fpv4-sp/softfp\libc_nano.a(lib_a-strtod.o)
 *fill*         0x00007b68        0x0 
 .rodata.tinytens
                0x00007b68       0x28 c:/siliconlabs/simplicitystudio/v4/developer/toolchains/gnu_arm/7.2_2017q4/bin/../lib/gcc/arm-none-eabi/7.2.1/../../../../arm-none-eabi/lib/thumb/v7e-m/fpv4-sp/softfp\libc_nano.a(lib_a-strtod.o)
 .rodata._dtoa_r.str1.1
                0x00007b90        0xd c:/siliconlabs/simplicitystudio/v4/developer/toolchains/gnu_arm/7.2_2017q4/bin/../lib/gcc/arm-none-eabi/7.2.1/../../../../arm-none-eabi/lib/thumb/v7e-m/fpv4-sp/softfp\libc_nano.a(lib_a-dtoa.o)
                                  0xf (size before relaxing)
 .rodata._setlocale_r.str1.1
                0x00007b9d        0x8 c:/siliconlabs/simplicitystudio/v4/developer/toolchains/gnu_arm/7.2_2017q4/bin/../lib/gcc/arm-none-eabi/7.2.1/../../../../arm-none-eabi/lib/thumb/v7e-m/fpv4-sp/softfp\libc_nano.a(lib_a-locale.o)
                                  0x9 (size before relaxing)
 .rodata.str1.1
                0x00007ba5        0x2 c:/siliconlabs/simplicitystudio/v4/developer/toolchains/gnu_arm/7.2_2017q4/bin/../lib/gcc/arm-none-eabi/7.2.1/../../../../arm-none-eabi/lib/thumb/v7e-m/fpv4-sp/softfp\libc_nano.a(lib_a-locale.o)
 *fill*         0x00007ba7        0x1 
 .rodata.__mprec_bigtens
                0x00007ba8       0x28 c:/siliconlabs/simplicitystudio/v4/developer/toolchains/gnu_arm/7.2_2017q4/bin/../lib/gcc/arm-none-eabi/7.2.1/../../../../arm-none-eabi/lib/thumb/v7e-m/fpv4-sp/softfp\libc_nano.a(lib_a-mprec.o)
                0x00007ba8                __mprec_bigtens
 .rodata.__mprec_tens
                0x00007bd0       0xc8 c:/siliconlabs/simplicitystudio/v4/developer/toolchains/gnu_arm/7.2_2017q4/bin/../lib/gcc/arm-none-eabi/7.2.1/../../../../arm-none-eabi/lib/thumb/v7e-m/fpv4-sp/softfp\libc_nano.a(lib_a-mprec.o)
                0x00007bd0                __mprec_tens
 .rodata.p05.7359
                0x00007c98        0xc c:/siliconlabs/simplicitystudio/v4/developer/toolchains/gnu_arm/7.2_2017q4/bin/../lib/gcc/arm-none-eabi/7.2.1/../../../../arm-none-eabi/lib/thumb/v7e-m/fpv4-sp/softfp\libc_nano.a(lib_a-mprec.o)
 .rodata._svfprintf_r.str1.1
                0x00007ca4       0x11 c:/siliconlabs/simplicitystudio/v4/developer/toolchains/gnu_arm/7.2_2017q4/bin/../lib/gcc/arm-none-eabi/7.2.1/../../../../arm-none-eabi/lib/thumb/v7e-m/fpv4-sp/softfp\libc_nano.a(lib_a-nano-svfprintf.o)
 .rodata._ctype_
                0x00007cb5      0x101 c:/siliconlabs/simplicitystudio/v4/developer/toolchains/gnu_arm/7.2_2017q4/bin/../lib/gcc/arm-none-eabi/7.2.1/../../../../arm-none-eabi/lib/thumb/v7e-m/fpv4-sp/softfp\libc_nano.a(lib_a-ctype_.o)
                0x00007cb5                _ctype_
 *(.eh_frame*)
 *fill*         0x00007db6        0x2 
 .eh_frame      0x00007db8        0x0 c:/siliconlabs/simplicitystudio/v4/developer/toolchains/gnu_arm/7.2_2017q4/bin/../lib/gcc/arm-none-eabi/7.2.1/thumb/v7e-m/fpv4-sp/softfp/crtbegin.o
 .eh_frame      0x00007db8        0x4 c:/siliconlabs/simplicitystudio/v4/developer/toolchains/gnu_arm/7.2_2017q4/bin/../lib/gcc/arm-none-eabi/7.2.1/thumb/v7e-m/fpv4-sp/softfp/crtend.o

.glue_7         0x00007dbc        0x0
 .glue_7        0x00007dbc        0x0 linker stubs

.glue_7t        0x00007dbc        0x0
 .glue_7t       0x00007dbc        0x0 linker stubs

.vfp11_veneer   0x00007dbc        0x0
 .vfp11_veneer  0x00007dbc        0x0 linker stubs

.v4_bx          0x00007dbc        0x0
 .v4_bx         0x00007dbc        0x0 linker stubs

.iplt           0x00007dbc        0x0
 .iplt          0x00007dbc        0x0 c:/siliconlabs/simplicitystudio/v4/developer/toolchains/gnu_arm/7.2_2017q4/bin/../lib/gcc/arm-none-eabi/7.2.1/thumb/v7e-m/fpv4-sp/softfp/crtbegin.o

.ARM.extab
 *(.ARM.extab* .gnu.linkonce.armextab.*)
                0x00007dbc                __exidx_start = .

.ARM.exidx      0x00007dbc        0x8
 *(.ARM.exidx* .gnu.linkonce.armexidx.*)
 .ARM.exidx     0x00007dbc        0x8 c:/siliconlabs/simplicitystudio/v4/developer/toolchains/gnu_arm/7.2_2017q4/bin/../lib/gcc/arm-none-eabi/7.2.1/../../../../arm-none-eabi/lib/thumb/v7e-m/fpv4-sp/softfp/crt0.o
                0x00007dc4                __exidx_end = .
                0x00007dc4                __etext = .

.rel.dyn        0x00007dc4        0x0
 .rel.iplt      0x00007dc4        0x0 c:/siliconlabs/simplicitystudio/v4/developer/toolchains/gnu_arm/7.2_2017q4/bin/../lib/gcc/arm-none-eabi/7.2.1/thumb/v7e-m/fpv4-sp/softfp/crtbegin.o

.data           0x20000000      0x200 load address 0x00007dc4
                0x20000000                __data_start__ = .
 *(vtable)
 *(.data*)
 .data.SystemCoreClock
                0x20000000        0x4 ./CMSIS/EFM32PG12B/system_efm32pg12b.o
                0x20000000                SystemCoreClock
 .data.SystemHFXOClock
                0x20000004        0x4 ./CMSIS/EFM32PG12B/system_efm32pg12b.o
 .data.SystemHfrcoFreq
                0x20000008        0x4 ./CMSIS/EFM32PG12B/system_efm32pg12b.o
                0x20000008                SystemHfrcoFreq
 .data.SystemLFXOClock
                0x2000000c        0x4 ./CMSIS/EFM32PG12B/system_efm32pg12b.o
 .data.auxHfrcoFreq
                0x20000010        0x4 ./emlib/em_cmu.o
 .data._impure_ptr
                0x20000014        0x4 c:/siliconlabs/simplicitystudio/v4/developer/toolchains/gnu_arm/7.2_2017q4/bin/../lib/gcc/arm-none-eabi/7.2.1/../../../../arm-none-eabi/lib/thumb/v7e-m/fpv4-sp/softfp\libc_nano.a(lib_a-impure.o)
                0x20000014                _impure_ptr
 .data.impure_data
                0x20000018       0x60 c:/siliconlabs/simplicitystudio/v4/developer/toolchains/gnu_arm/7.2_2017q4/bin/../lib/gcc/arm-none-eabi/7.2.1/../../../../arm-none-eabi/lib/thumb/v7e-m/fpv4-sp/softfp\libc_nano.a(lib_a-impure.o)
 .data.__global_locale
                0x20000078      0x16c c:/siliconlabs/simplicitystudio/v4/developer/toolchains/gnu_arm/7.2_2017q4/bin/../lib/gcc/arm-none-eabi/7.2.1/../../../../arm-none-eabi/lib/thumb/v7e-m/fpv4-sp/softfp\libc_nano.a(lib_a-locale.o)
                0x20000078                __global_locale
                0x200001e4                . = ALIGN (0x4)
                [!provide]                PROVIDE (__ram_func_section_start, .)
 *(.ram)
 .ram           0x200001e4       0x14 ./emlib/em_emu.o
                [!provide]                PROVIDE (__ram_func_section_end, .)
                0x200001f8                . = ALIGN (0x4)
                0x200001f8                PROVIDE (__preinit_array_start, .)
 *(.preinit_array)
                0x200001f8                PROVIDE (__preinit_array_end, .)
                0x200001f8                . = ALIGN (0x4)
                0x200001f8                PROVIDE (__init_array_start, .)
 *(SORT_BY_NAME(.init_array.*))
 *(.init_array)
 .init_array    0x200001f8        0x4 c:/siliconlabs/simplicitystudio/v4/developer/toolchains/gnu_arm/7.2_2017q4/bin/../lib/gcc/arm-none-eabi/7.2.1/thumb/v7e-m/fpv4-sp/softfp/crtbegin.o
                0x200001fc                PROVIDE (__init_array_end, .)
                0x200001fc                . = ALIGN (0x4)
                [!provide]                PROVIDE (__fini_array_start, .)
 *(SORT_BY_NAME(.fini_array.*))
 *(.fini_array)
 .fini_array    0x200001fc        0x4 c:/siliconlabs/simplicitystudio/v4/developer/toolchains/gnu_arm/7.2_2017q4/bin/../lib/gcc/arm-none-eabi/7.2.1/thumb/v7e-m/fpv4-sp/softfp/crtbegin.o
                [!provide]                PROVIDE (__fini_array_end, .)
 *(.jcr*)
                0x20000200                . = ALIGN (0x4)
                0x20000200                __data_end__ = .

.igot.plt       0x20000200        0x0 load address 0x00007fc4
 .igot.plt      0x20000200        0x0 c:/siliconlabs/simplicitystudio/v4/developer/toolchains/gnu_arm/7.2_2017q4/bin/../lib/gcc/arm-none-eabi/7.2.1/thumb/v7e-m/fpv4-sp/softfp/crtbegin.o

.bss            0x20000200       0xf4 load address 0x00007fc4
                0x20000200                . = ALIGN (0x4)
                0x20000200                __bss_start__ = .
 *(.bss*)
 .bss           0x20000200       0x1c c:/siliconlabs/simplicitystudio/v4/developer/toolchains/gnu_arm/7.2_2017q4/bin/../lib/gcc/arm-none-eabi/7.2.1/thumb/v7e-m/fpv4-sp/softfp/crtbegin.o
 .bss.cmuStatus.7817
                0x2000021c        0x4 ./emlib/em_emu.o
 .bss.dcdcEm01LoadCurrent_mA
                0x20000220        0x2 ./emlib/em_emu.o
 .bss.dcdcMaxCurrent_mA
                0x20000222        0x2 ./emlib/em_emu.o
 .bss.dcdcReverseCurrentControl
                0x20000224        0x2 ./emlib/em_emu.o
 .bss.hfClock.7818
                0x20000226        0x1 ./emlib/em_emu.o
 *fill*         0x20000227        0x1 
 .bss.hfrcoCtrl.7820
                0x20000228        0x4 ./emlib/em_emu.o
 .bss.vScaleEM01Config
                0x2000022c        0x1 ./emlib/em_emu.o
 .bss.vScaleStatus.7819
                0x2000022d        0x1 ./emlib/em_emu.o
 *fill*         0x2000022e        0x2 
 .bss.temp_result
                0x20000230        0x4 ./src/Source_Files/SI7021.o
 .bss.i2c_SM    0x20000234       0x24 ./src/Source_Files/i2c.o
 .bss.scheduled_comp0_cb
                0x20000258        0x4 ./src/Source_Files/letimer.o
 .bss.scheduled_comp1_cb
                0x2000025c        0x4 ./src/Source_Files/letimer.o
 .bss.scheduled_uf_cb
                0x20000260        0x4 ./src/Source_Files/letimer.o
 .bss.LE_SM     0x20000264       0x68 ./src/Source_Files/leuart.o
 .bss.event_scheduled
                0x200002cc        0x4 ./src/Source_Files/scheduler.o
 .bss.lowest_energy_mode
                0x200002d0       0x14 ./src/Source_Files/sleep_routines.o
 .bss.__malloc_free_list
                0x200002e4        0x4 c:/siliconlabs/simplicitystudio/v4/developer/toolchains/gnu_arm/7.2_2017q4/bin/../lib/gcc/arm-none-eabi/7.2.1/../../../../arm-none-eabi/lib/thumb/v7e-m/fpv4-sp/softfp\libc_nano.a(lib_a-nano-mallocr.o)
                0x200002e4                __malloc_free_list
 .bss.__malloc_sbrk_start
                0x200002e8        0x4 c:/siliconlabs/simplicitystudio/v4/developer/toolchains/gnu_arm/7.2_2017q4/bin/../lib/gcc/arm-none-eabi/7.2.1/../../../../arm-none-eabi/lib/thumb/v7e-m/fpv4-sp/softfp\libc_nano.a(lib_a-nano-mallocr.o)
                0x200002e8                __malloc_sbrk_start
 .bss.heap_end.5377
                0x200002ec        0x4 c:/siliconlabs/simplicitystudio/v4/developer/toolchains/gnu_arm/7.2_2017q4/bin/../lib/gcc/arm-none-eabi/7.2.1/../../../../arm-none-eabi/lib/thumb/v7e-m/fpv4-sp/softfp\libnosys.a(sbrk.o)
 *(COMMON)
 COMMON         0x200002f0        0x4 c:/siliconlabs/simplicitystudio/v4/developer/toolchains/gnu_arm/7.2_2017q4/bin/../lib/gcc/arm-none-eabi/7.2.1/../../../../arm-none-eabi/lib/thumb/v7e-m/fpv4-sp/softfp\libc_nano.a(lib_a-reent.o)
                0x200002f0                errno
                0x200002f4                . = ALIGN (0x4)
                0x200002f4                __bss_end__ = .

.heap           0x200002f8      0xc00
                0x200002f8                __HeapBase = .
                0x200002f8                __end__ = .
                0x200002f8                end = __end__
                0x200002f8                _end = __end__
 *(.heap*)
 .heap          0x200002f8      0xc00 ./CMSIS/EFM32PG12B/startup_gcc_efm32pg12b.o
                0x20000ef8                __HeapLimit = .

.stack_dummy    0x200002f8      0x400
 *(.stack*)
 .stack         0x200002f8      0x400 ./CMSIS/EFM32PG12B/startup_gcc_efm32pg12b.o
                0x20040000                __StackTop = (ORIGIN (RAM) + LENGTH (RAM))
                0x2003fc00                __StackLimit = (__StackTop - SIZEOF (.stack_dummy))
                0x20040000                PROVIDE (__stack, __StackTop)
                0x00000001                ASSERT ((__StackLimit >= __HeapLimit), region RAM overflowed with stack)
                0x00000001                ASSERT ((LENGTH (FLASH) >= (__etext + SIZEOF (.data))), FLASH memory overflowed !)
OUTPUT(AB_I2C_Lab.axf elf32-littlearm)

.ARM.attributes
                0x00000000       0x2e
 .ARM.attributes
                0x00000000       0x22 c:/siliconlabs/simplicitystudio/v4/developer/toolchains/gnu_arm/7.2_2017q4/bin/../lib/gcc/arm-none-eabi/7.2.1/thumb/v7e-m/fpv4-sp/softfp/crti.o
 .ARM.attributes
                0x00000022       0x32 c:/siliconlabs/simplicitystudio/v4/developer/toolchains/gnu_arm/7.2_2017q4/bin/../lib/gcc/arm-none-eabi/7.2.1/thumb/v7e-m/fpv4-sp/softfp/crtbegin.o
 .ARM.attributes
                0x00000054       0x20 c:/siliconlabs/simplicitystudio/v4/developer/toolchains/gnu_arm/7.2_2017q4/bin/../lib/gcc/arm-none-eabi/7.2.1/../../../../arm-none-eabi/lib/thumb/v7e-m/fpv4-sp/softfp/crt0.o
 .ARM.attributes
                0x00000074       0x1f ./CMSIS/EFM32PG12B/startup_gcc_efm32pg12b.o
 .ARM.attributes
                0x00000093       0x37 ./CMSIS/EFM32PG12B/system_efm32pg12b.o
 .ARM.attributes
                0x000000ca       0x37 ./emlib/em_assert.o
 .ARM.attributes
                0x00000101       0x37 ./emlib/em_cmu.o
 .ARM.attributes
                0x00000138       0x37 ./emlib/em_core.o
 .ARM.attributes
                0x0000016f       0x37 ./emlib/em_emu.o
 .ARM.attributes
                0x000001a6       0x37 ./emlib/em_gpio.o
 .ARM.attributes
                0x000001dd       0x37 ./emlib/em_i2c.o
 .ARM.attributes
                0x00000214       0x37 ./emlib/em_letimer.o
 .ARM.attributes
                0x0000024b       0x37 ./emlib/em_leuart.o
 .ARM.attributes
                0x00000282       0x37 ./src/Source_Files/SI7021.o
 .ARM.attributes
                0x000002b9       0x37 ./src/Source_Files/app.o
 .ARM.attributes
                0x000002f0       0x37 ./src/Source_Files/ble.o
 .ARM.attributes
                0x00000327       0x37 ./src/Source_Files/cmu.o
 .ARM.attributes
                0x0000035e       0x37 ./src/Source_Files/gpio.o
 .ARM.attributes
                0x00000395       0x37 ./src/Source_Files/i2c.o
 .ARM.attributes
                0x000003cc       0x37 ./src/Source_Files/letimer.o
 .ARM.attributes
                0x00000403       0x37 ./src/Source_Files/leuart.o
 .ARM.attributes
                0x0000043a       0x37 ./src/Source_Files/scheduler.o
 .ARM.attributes
                0x00000471       0x37 ./src/Source_Files/sleep_routines.o
 .ARM.attributes
                0x000004a8       0x37 ./src/main.o
 .ARM.attributes
                0x000004df       0x22 c:/siliconlabs/simplicitystudio/v4/developer/toolchains/gnu_arm/7.2_2017q4/bin/../lib/gcc/arm-none-eabi/7.2.1/thumb/v7e-m/fpv4-sp/softfp\libgcc.a(_arm_addsubdf3.o)
 .ARM.attributes
                0x00000501       0x22 c:/siliconlabs/simplicitystudio/v4/developer/toolchains/gnu_arm/7.2_2017q4/bin/../lib/gcc/arm-none-eabi/7.2.1/thumb/v7e-m/fpv4-sp/softfp\libgcc.a(_arm_muldivdf3.o)
 .ARM.attributes
                0x00000523       0x22 c:/siliconlabs/simplicitystudio/v4/developer/toolchains/gnu_arm/7.2_2017q4/bin/../lib/gcc/arm-none-eabi/7.2.1/thumb/v7e-m/fpv4-sp/softfp\libgcc.a(_arm_truncdfsf2.o)
 .ARM.attributes
                0x00000545       0x32 c:/siliconlabs/simplicitystudio/v4/developer/toolchains/gnu_arm/7.2_2017q4/bin/../lib/gcc/arm-none-eabi/7.2.1/../../../../arm-none-eabi/lib/thumb/v7e-m/fpv4-sp/softfp\libc_nano.a(lib_a-exit.o)
 .ARM.attributes
                0x00000577       0x32 c:/siliconlabs/simplicitystudio/v4/developer/toolchains/gnu_arm/7.2_2017q4/bin/../lib/gcc/arm-none-eabi/7.2.1/../../../../arm-none-eabi/lib/thumb/v7e-m/fpv4-sp/softfp\libc_nano.a(lib_a-impure.o)
 .ARM.attributes
                0x000005a9       0x32 c:/siliconlabs/simplicitystudio/v4/developer/toolchains/gnu_arm/7.2_2017q4/bin/../lib/gcc/arm-none-eabi/7.2.1/../../../../arm-none-eabi/lib/thumb/v7e-m/fpv4-sp/softfp\libc_nano.a(lib_a-init.o)
 .ARM.attributes
                0x000005db       0x32 c:/siliconlabs/simplicitystudio/v4/developer/toolchains/gnu_arm/7.2_2017q4/bin/../lib/gcc/arm-none-eabi/7.2.1/../../../../arm-none-eabi/lib/thumb/v7e-m/fpv4-sp/softfp\libc_nano.a(lib_a-memcpy-stub.o)
 .ARM.attributes
                0x0000060d       0x32 c:/siliconlabs/simplicitystudio/v4/developer/toolchains/gnu_arm/7.2_2017q4/bin/../lib/gcc/arm-none-eabi/7.2.1/../../../../arm-none-eabi/lib/thumb/v7e-m/fpv4-sp/softfp\libc_nano.a(lib_a-memset.o)
 .ARM.attributes
                0x0000063f       0x32 c:/siliconlabs/simplicitystudio/v4/developer/toolchains/gnu_arm/7.2_2017q4/bin/../lib/gcc/arm-none-eabi/7.2.1/../../../../arm-none-eabi/lib/thumb/v7e-m/fpv4-sp/softfp\libc_nano.a(lib_a-nano-vfprintf_float.o)
 .ARM.attributes
                0x00000671       0x32 c:/siliconlabs/simplicitystudio/v4/developer/toolchains/gnu_arm/7.2_2017q4/bin/../lib/gcc/arm-none-eabi/7.2.1/../../../../arm-none-eabi/lib/thumb/v7e-m/fpv4-sp/softfp\libc_nano.a(lib_a-nano-vfprintf_i.o)
 .ARM.attributes
                0x000006a3       0x32 c:/siliconlabs/simplicitystudio/v4/developer/toolchains/gnu_arm/7.2_2017q4/bin/../lib/gcc/arm-none-eabi/7.2.1/../../../../arm-none-eabi/lib/thumb/v7e-m/fpv4-sp/softfp\libc_nano.a(lib_a-nano-vfscanf_float.o)
 .ARM.attributes
                0x000006d5       0x32 c:/siliconlabs/simplicitystudio/v4/developer/toolchains/gnu_arm/7.2_2017q4/bin/../lib/gcc/arm-none-eabi/7.2.1/../../../../arm-none-eabi/lib/thumb/v7e-m/fpv4-sp/softfp\libc_nano.a(lib_a-sf_nan.o)
 .ARM.attributes
                0x00000707       0x32 c:/siliconlabs/simplicitystudio/v4/developer/toolchains/gnu_arm/7.2_2017q4/bin/../lib/gcc/arm-none-eabi/7.2.1/../../../../arm-none-eabi/lib/thumb/v7e-m/fpv4-sp/softfp\libc_nano.a(lib_a-sprintf.o)
 .ARM.attributes
                0x00000739       0x32 c:/siliconlabs/simplicitystudio/v4/developer/toolchains/gnu_arm/7.2_2017q4/bin/../lib/gcc/arm-none-eabi/7.2.1/../../../../arm-none-eabi/lib/thumb/v7e-m/fpv4-sp/softfp\libc_nano.a(lib_a-strcpy.o)
 .ARM.attributes
                0x0000076b       0x1b c:/siliconlabs/simplicitystudio/v4/developer/toolchains/gnu_arm/7.2_2017q4/bin/../lib/gcc/arm-none-eabi/7.2.1/../../../../arm-none-eabi/lib/thumb/v7e-m/fpv4-sp/softfp\libc_nano.a(lib_a-strlen.o)
 .ARM.attributes
                0x00000786       0x32 c:/siliconlabs/simplicitystudio/v4/developer/toolchains/gnu_arm/7.2_2017q4/bin/../lib/gcc/arm-none-eabi/7.2.1/../../../../arm-none-eabi/lib/thumb/v7e-m/fpv4-sp/softfp\libc_nano.a(lib_a-strtod.o)
 .ARM.attributes
                0x000007b8       0x32 c:/siliconlabs/simplicitystudio/v4/developer/toolchains/gnu_arm/7.2_2017q4/bin/../lib/gcc/arm-none-eabi/7.2.1/../../../../arm-none-eabi/lib/thumb/v7e-m/fpv4-sp/softfp\libc_nano.a(lib_a-strtol.o)
 .ARM.attributes
                0x000007ea       0x32 c:/siliconlabs/simplicitystudio/v4/developer/toolchains/gnu_arm/7.2_2017q4/bin/../lib/gcc/arm-none-eabi/7.2.1/../../../../arm-none-eabi/lib/thumb/v7e-m/fpv4-sp/softfp\libc_nano.a(lib_a-dtoa.o)
 .ARM.attributes
                0x0000081c       0x32 c:/siliconlabs/simplicitystudio/v4/developer/toolchains/gnu_arm/7.2_2017q4/bin/../lib/gcc/arm-none-eabi/7.2.1/../../../../arm-none-eabi/lib/thumb/v7e-m/fpv4-sp/softfp\libc_nano.a(lib_a-gdtoa-gethex.o)
 .ARM.attributes
                0x0000084e       0x32 c:/siliconlabs/simplicitystudio/v4/developer/toolchains/gnu_arm/7.2_2017q4/bin/../lib/gcc/arm-none-eabi/7.2.1/../../../../arm-none-eabi/lib/thumb/v7e-m/fpv4-sp/softfp\libc_nano.a(lib_a-gdtoa-hexnan.o)
 .ARM.attributes
                0x00000880       0x32 c:/siliconlabs/simplicitystudio/v4/developer/toolchains/gnu_arm/7.2_2017q4/bin/../lib/gcc/arm-none-eabi/7.2.1/../../../../arm-none-eabi/lib/thumb/v7e-m/fpv4-sp/softfp\libc_nano.a(lib_a-locale.o)
 .ARM.attributes
                0x000008b2       0x32 c:/siliconlabs/simplicitystudio/v4/developer/toolchains/gnu_arm/7.2_2017q4/bin/../lib/gcc/arm-none-eabi/7.2.1/../../../../arm-none-eabi/lib/thumb/v7e-m/fpv4-sp/softfp\libc_nano.a(lib_a-localeconv.o)
 .ARM.attributes
                0x000008e4       0x32 c:/siliconlabs/simplicitystudio/v4/developer/toolchains/gnu_arm/7.2_2017q4/bin/../lib/gcc/arm-none-eabi/7.2.1/../../../../arm-none-eabi/lib/thumb/v7e-m/fpv4-sp/softfp\libc_nano.a(lib_a-malloc.o)
 .ARM.attributes
                0x00000916       0x32 c:/siliconlabs/simplicitystudio/v4/developer/toolchains/gnu_arm/7.2_2017q4/bin/../lib/gcc/arm-none-eabi/7.2.1/../../../../arm-none-eabi/lib/thumb/v7e-m/fpv4-sp/softfp\libc_nano.a(lib_a-mbtowc_r.o)
 .ARM.attributes
                0x00000948       0x20 c:/siliconlabs/simplicitystudio/v4/developer/toolchains/gnu_arm/7.2_2017q4/bin/../lib/gcc/arm-none-eabi/7.2.1/../../../../arm-none-eabi/lib/thumb/v7e-m/fpv4-sp/softfp\libc_nano.a(lib_a-memchr.o)
 .ARM.attributes
                0x00000968       0x32 c:/siliconlabs/simplicitystudio/v4/developer/toolchains/gnu_arm/7.2_2017q4/bin/../lib/gcc/arm-none-eabi/7.2.1/../../../../arm-none-eabi/lib/thumb/v7e-m/fpv4-sp/softfp\libc_nano.a(lib_a-mprec.o)
 .ARM.attributes
                0x0000099a       0x32 c:/siliconlabs/simplicitystudio/v4/developer/toolchains/gnu_arm/7.2_2017q4/bin/../lib/gcc/arm-none-eabi/7.2.1/../../../../arm-none-eabi/lib/thumb/v7e-m/fpv4-sp/softfp\libc_nano.a(lib_a-nano-callocr.o)
 .ARM.attributes
                0x000009cc       0x32 c:/siliconlabs/simplicitystudio/v4/developer/toolchains/gnu_arm/7.2_2017q4/bin/../lib/gcc/arm-none-eabi/7.2.1/../../../../arm-none-eabi/lib/thumb/v7e-m/fpv4-sp/softfp\libc_nano.a(lib_a-nano-freer.o)
 .ARM.attributes
                0x000009fe       0x32 c:/siliconlabs/simplicitystudio/v4/developer/toolchains/gnu_arm/7.2_2017q4/bin/../lib/gcc/arm-none-eabi/7.2.1/../../../../arm-none-eabi/lib/thumb/v7e-m/fpv4-sp/softfp\libc_nano.a(lib_a-nano-mallocr.o)
 .ARM.attributes
                0x00000a30       0x32 c:/siliconlabs/simplicitystudio/v4/developer/toolchains/gnu_arm/7.2_2017q4/bin/../lib/gcc/arm-none-eabi/7.2.1/../../../../arm-none-eabi/lib/thumb/v7e-m/fpv4-sp/softfp\libc_nano.a(lib_a-nano-svfprintf.o)
 .ARM.attributes
                0x00000a62       0x32 c:/siliconlabs/simplicitystudio/v4/developer/toolchains/gnu_arm/7.2_2017q4/bin/../lib/gcc/arm-none-eabi/7.2.1/../../../../arm-none-eabi/lib/thumb/v7e-m/fpv4-sp/softfp\libc_nano.a(lib_a-sbrkr.o)
 .ARM.attributes
                0x00000a94       0x32 c:/siliconlabs/simplicitystudio/v4/developer/toolchains/gnu_arm/7.2_2017q4/bin/../lib/gcc/arm-none-eabi/7.2.1/../../../../arm-none-eabi/lib/thumb/v7e-m/fpv4-sp/softfp\libc_nano.a(lib_a-strncmp.o)
 .ARM.attributes
                0x00000ac6       0x32 c:/siliconlabs/simplicitystudio/v4/developer/toolchains/gnu_arm/7.2_2017q4/bin/../lib/gcc/arm-none-eabi/7.2.1/../../../../arm-none-eabi/lib/thumb/v7e-m/fpv4-sp/softfp\libc_nano.a(lib_a-wctomb_r.o)
 .ARM.attributes
                0x00000af8       0x32 c:/siliconlabs/simplicitystudio/v4/developer/toolchains/gnu_arm/7.2_2017q4/bin/../lib/gcc/arm-none-eabi/7.2.1/../../../../arm-none-eabi/lib/thumb/v7e-m/fpv4-sp/softfp\libc_nano.a(lib_a-ctype_.o)
 .ARM.attributes
                0x00000b2a       0x32 c:/siliconlabs/simplicitystudio/v4/developer/toolchains/gnu_arm/7.2_2017q4/bin/../lib/gcc/arm-none-eabi/7.2.1/../../../../arm-none-eabi/lib/thumb/v7e-m/fpv4-sp/softfp\libc_nano.a(lib_a-memmove.o)
 .ARM.attributes
                0x00000b5c       0x32 c:/siliconlabs/simplicitystudio/v4/developer/toolchains/gnu_arm/7.2_2017q4/bin/../lib/gcc/arm-none-eabi/7.2.1/../../../../arm-none-eabi/lib/thumb/v7e-m/fpv4-sp/softfp\libc_nano.a(lib_a-mlock.o)
 .ARM.attributes
                0x00000b8e       0x32 c:/siliconlabs/simplicitystudio/v4/developer/toolchains/gnu_arm/7.2_2017q4/bin/../lib/gcc/arm-none-eabi/7.2.1/../../../../arm-none-eabi/lib/thumb/v7e-m/fpv4-sp/softfp\libc_nano.a(lib_a-nano-reallocr.o)
 .ARM.attributes
                0x00000bc0       0x32 c:/siliconlabs/simplicitystudio/v4/developer/toolchains/gnu_arm/7.2_2017q4/bin/../lib/gcc/arm-none-eabi/7.2.1/../../../../arm-none-eabi/lib/thumb/v7e-m/fpv4-sp/softfp\libc_nano.a(lib_a-reent.o)
 .ARM.attributes
                0x00000bf2       0x32 c:/siliconlabs/simplicitystudio/v4/developer/toolchains/gnu_arm/7.2_2017q4/bin/../lib/gcc/arm-none-eabi/7.2.1/../../../../arm-none-eabi/lib/thumb/v7e-m/fpv4-sp/softfp\libc_nano.a(lib_a-nano-msizer.o)
 .ARM.attributes
                0x00000c24       0x32 c:/siliconlabs/simplicitystudio/v4/developer/toolchains/gnu_arm/7.2_2017q4/bin/../lib/gcc/arm-none-eabi/7.2.1/../../../../arm-none-eabi/lib/thumb/v7e-m/fpv4-sp/softfp\libnosys.a(sbrk.o)
 .ARM.attributes
                0x00000c56       0x32 c:/siliconlabs/simplicitystudio/v4/developer/toolchains/gnu_arm/7.2_2017q4/bin/../lib/gcc/arm-none-eabi/7.2.1/../../../../arm-none-eabi/lib/thumb/v7e-m/fpv4-sp/softfp\libnosys.a(_exit.o)
 .ARM.attributes
                0x00000c88       0x22 c:/siliconlabs/simplicitystudio/v4/developer/toolchains/gnu_arm/7.2_2017q4/bin/../lib/gcc/arm-none-eabi/7.2.1/thumb/v7e-m/fpv4-sp/softfp\libgcc.a(_arm_cmpdf2.o)
 .ARM.attributes
                0x00000caa       0x22 c:/siliconlabs/simplicitystudio/v4/developer/toolchains/gnu_arm/7.2_2017q4/bin/../lib/gcc/arm-none-eabi/7.2.1/thumb/v7e-m/fpv4-sp/softfp\libgcc.a(_arm_unorddf2.o)
 .ARM.attributes
                0x00000ccc       0x22 c:/siliconlabs/simplicitystudio/v4/developer/toolchains/gnu_arm/7.2_2017q4/bin/../lib/gcc/arm-none-eabi/7.2.1/thumb/v7e-m/fpv4-sp/softfp\libgcc.a(_arm_fixdfsi.o)
 .ARM.attributes
                0x00000cee       0x22 c:/siliconlabs/simplicitystudio/v4/developer/toolchains/gnu_arm/7.2_2017q4/bin/../lib/gcc/arm-none-eabi/7.2.1/thumb/v7e-m/fpv4-sp/softfp\libgcc.a(_arm_fixunsdfsi.o)
 .ARM.attributes
                0x00000d10       0x32 c:/siliconlabs/simplicitystudio/v4/developer/toolchains/gnu_arm/7.2_2017q4/bin/../lib/gcc/arm-none-eabi/7.2.1/thumb/v7e-m/fpv4-sp/softfp/crtend.o
 .ARM.attributes
                0x00000d42       0x22 c:/siliconlabs/simplicitystudio/v4/developer/toolchains/gnu_arm/7.2_2017q4/bin/../lib/gcc/arm-none-eabi/7.2.1/thumb/v7e-m/fpv4-sp/softfp/crtn.o

.comment        0x00000000       0x7e
 .comment       0x00000000       0x7e ./CMSIS/EFM32PG12B/system_efm32pg12b.o
                                 0x7f (size before relaxing)
 .comment       0x0000007e       0x7f ./emlib/em_assert.o
 .comment       0x0000007e       0x7f ./emlib/em_cmu.o
 .comment       0x0000007e       0x7f ./emlib/em_core.o
 .comment       0x0000007e       0x7f ./emlib/em_emu.o
 .comment       0x0000007e       0x7f ./emlib/em_gpio.o
 .comment       0x0000007e       0x7f ./emlib/em_i2c.o
 .comment       0x0000007e       0x7f ./emlib/em_letimer.o
 .comment       0x0000007e       0x7f ./emlib/em_leuart.o
 .comment       0x0000007e       0x7f ./src/Source_Files/SI7021.o
 .comment       0x0000007e       0x7f ./src/Source_Files/app.o
 .comment       0x0000007e       0x7f ./src/Source_Files/ble.o
 .comment       0x0000007e       0x7f ./src/Source_Files/cmu.o
 .comment       0x0000007e       0x7f ./src/Source_Files/gpio.o
 .comment       0x0000007e       0x7f ./src/Source_Files/i2c.o
 .comment       0x0000007e       0x7f ./src/Source_Files/letimer.o
 .comment       0x0000007e       0x7f ./src/Source_Files/leuart.o
 .comment       0x0000007e       0x7f ./src/Source_Files/scheduler.o
 .comment       0x0000007e       0x7f ./src/Source_Files/sleep_routines.o
 .comment       0x0000007e       0x7f ./src/main.o

.debug_line     0x00000000     0xe0ae
 .debug_line    0x00000000       0x78 ./CMSIS/EFM32PG12B/startup_gcc_efm32pg12b.o
 .debug_line    0x00000078      0x8c6 ./CMSIS/EFM32PG12B/system_efm32pg12b.o
 .debug_line    0x0000093e      0x12a ./emlib/em_assert.o
 .debug_line    0x00000a68     0x1ae5 ./emlib/em_cmu.o
 .debug_line    0x0000254d      0xae7 ./emlib/em_core.o
 .debug_line    0x00003034     0x141e ./emlib/em_emu.o
 .debug_line    0x00004452      0xb82 ./emlib/em_gpio.o
 .debug_line    0x00004fd4      0xc56 ./emlib/em_i2c.o
 .debug_line    0x00005c2a      0xa9a ./emlib/em_letimer.o
 .debug_line    0x000066c4      0xa85 ./emlib/em_leuart.o
 .debug_line    0x00007149      0x95a ./src/Source_Files/SI7021.o
 .debug_line    0x00007aa3      0xb33 ./src/Source_Files/app.o
 .debug_line    0x000085d6      0xacb ./src/Source_Files/ble.o
 .debug_line    0x000090a1      0x8d1 ./src/Source_Files/cmu.o
 .debug_line    0x00009972      0x8e9 ./src/Source_Files/gpio.o
 .debug_line    0x0000a25b      0xb07 ./src/Source_Files/i2c.o
 .debug_line    0x0000ad62      0xa22 ./src/Source_Files/letimer.o
 .debug_line    0x0000b784      0xb97 ./src/Source_Files/leuart.o
 .debug_line    0x0000c31b      0x920 ./src/Source_Files/scheduler.o
 .debug_line    0x0000cc3b      0x975 ./src/Source_Files/sleep_routines.o
 .debug_line    0x0000d5b0      0xafe ./src/main.o

.debug_info     0x00000000    0x15d37
 .debug_info    0x00000000       0x26 ./CMSIS/EFM32PG12B/startup_gcc_efm32pg12b.o
 .debug_info    0x00000026      0x9b5 ./CMSIS/EFM32PG12B/system_efm32pg12b.o
 .debug_info    0x000009db       0x7b ./emlib/em_assert.o
 .debug_info    0x00000a56     0x47e6 ./emlib/em_cmu.o
 .debug_info    0x0000523c      0xe9b ./emlib/em_core.o
 .debug_info    0x000060d7     0x361b ./emlib/em_emu.o
 .debug_info    0x000096f2     0x10ed ./emlib/em_gpio.o
 .debug_info    0x0000a7df      0xf81 ./emlib/em_i2c.o
 .debug_info    0x0000b760      0x8b2 ./emlib/em_letimer.o
 .debug_info    0x0000c012      0xcee ./emlib/em_leuart.o
 .debug_info    0x0000cd00      0x438 ./src/Source_Files/SI7021.o
 .debug_info    0x0000d138     0x147b ./src/Source_Files/app.o
 .debug_info    0x0000e5b3     0x1402 ./src/Source_Files/ble.o
 .debug_info    0x0000f9b5      0x452 ./src/Source_Files/cmu.o
 .debug_info    0x0000fe07      0x55d ./src/Source_Files/gpio.o
 .debug_info    0x00010364      0xf6e ./src/Source_Files/i2c.o
 .debug_info    0x000112d2      0xb6d ./src/Source_Files/letimer.o
 .debug_info    0x00011e3f     0x18a8 ./src/Source_Files/leuart.o
 .debug_info    0x000136e7      0x233 ./src/Source_Files/scheduler.o
 .debug_info    0x0001391a      0x51c ./src/Source_Files/sleep_routines.o
 .debug_info    0x00013e36     0x1f01 ./src/main.o

.debug_abbrev   0x00000000     0x379d
 .debug_abbrev  0x00000000       0x14 ./CMSIS/EFM32PG12B/startup_gcc_efm32pg12b.o
 .debug_abbrev  0x00000014      0x24e ./CMSIS/EFM32PG12B/system_efm32pg12b.o
 .debug_abbrev  0x00000262       0x68 ./emlib/em_assert.o
 .debug_abbrev  0x000002ca      0x51a ./emlib/em_cmu.o
 .debug_abbrev  0x000007e4      0x36f ./emlib/em_core.o
 .debug_abbrev  0x00000b53      0x524 ./emlib/em_emu.o
 .debug_abbrev  0x00001077      0x2e0 ./emlib/em_gpio.o
 .debug_abbrev  0x00001357      0x3e2 ./emlib/em_i2c.o
 .debug_abbrev  0x00001739      0x353 ./emlib/em_letimer.o
 .debug_abbrev  0x00001a8c      0x3a8 ./emlib/em_leuart.o
 .debug_abbrev  0x00001e34      0x17a ./src/Source_Files/SI7021.o
 .debug_abbrev  0x00001fae      0x31a ./src/Source_Files/app.o
 .debug_abbrev  0x000022c8      0x299 ./src/Source_Files/ble.o
 .debug_abbrev  0x00002561      0x12a ./src/Source_Files/cmu.o
 .debug_abbrev  0x0000268b      0x12a ./src/Source_Files/gpio.o
 .debug_abbrev  0x000027b5      0x351 ./src/Source_Files/i2c.o
 .debug_abbrev  0x00002b06      0x259 ./src/Source_Files/letimer.o
 .debug_abbrev  0x00002d5f      0x41e ./src/Source_Files/leuart.o
 .debug_abbrev  0x0000317d      0x14f ./src/Source_Files/scheduler.o
 .debug_abbrev  0x000032cc      0x210 ./src/Source_Files/sleep_routines.o
 .debug_abbrev  0x000034dc      0x2c1 ./src/main.o

.debug_aranges  0x00000000      0x7d0
 .debug_aranges
                0x00000000       0x20 ./CMSIS/EFM32PG12B/startup_gcc_efm32pg12b.o
 .debug_aranges
                0x00000020       0x68 ./CMSIS/EFM32PG12B/system_efm32pg12b.o
 .debug_aranges
                0x00000088       0x20 ./emlib/em_assert.o
 .debug_aranges
                0x000000a8      0x128 ./emlib/em_cmu.o
 .debug_aranges
                0x000001d0       0xb8 ./emlib/em_core.o
 .debug_aranges
                0x00000288      0x148 ./emlib/em_emu.o
 .debug_aranges
                0x000003d0       0x48 ./emlib/em_gpio.o
 .debug_aranges
                0x00000418       0x50 ./emlib/em_i2c.o
 .debug_aranges
                0x00000468       0x78 ./emlib/em_letimer.o
 .debug_aranges
                0x000004e0       0x80 ./emlib/em_leuart.o
 .debug_aranges
                0x00000560       0x30 ./src/Source_Files/SI7021.o
 .debug_aranges
                0x00000590       0x50 ./src/Source_Files/app.o
 .debug_aranges
                0x000005e0       0x30 ./src/Source_Files/ble.o
 .debug_aranges
                0x00000610       0x20 ./src/Source_Files/cmu.o
 .debug_aranges
                0x00000630       0x20 ./src/Source_Files/gpio.o
 .debug_aranges
                0x00000650       0x58 ./src/Source_Files/i2c.o
 .debug_aranges
                0x000006a8       0x30 ./src/Source_Files/letimer.o
 .debug_aranges
                0x000006d8       0x60 ./src/Source_Files/leuart.o
 .debug_aranges
                0x00000738       0x38 ./src/Source_Files/scheduler.o
 .debug_aranges
                0x00000770       0x40 ./src/Source_Files/sleep_routines.o
 .debug_aranges
                0x000007b0       0x20 ./src/main.o

.debug_str      0x00000000   0x15964e
 .debug_str     0x00000000       0x80 ./CMSIS/EFM32PG12B/startup_gcc_efm32pg12b.o
 .debug_str     0x00000080   0x14e257 ./CMSIS/EFM32PG12B/system_efm32pg12b.o
                             0x14f172 (size before relaxing)
 .debug_str     0x0014e2d7       0xb8 ./emlib/em_assert.o
                               0x2dc2 (size before relaxing)
 .debug_str     0x0014e38f     0x4e8d ./emlib/em_cmu.o
                             0x1540c8 (size before relaxing)
 .debug_str     0x0015321c      0xc1c ./emlib/em_core.o
                             0x14fc90 (size before relaxing)
 .debug_str     0x00153e38     0x1387 ./emlib/em_emu.o
                             0x154b1c (size before relaxing)
 .debug_str     0x001551bf      0x470 ./emlib/em_gpio.o
                             0x14fbe7 (size before relaxing)
 .debug_str     0x0015562f      0x51d ./emlib/em_i2c.o
                             0x15290a (size before relaxing)
 .debug_str     0x00155b4c      0x359 ./emlib/em_letimer.o
                             0x150864 (size before relaxing)
 .debug_str     0x00155ea5      0x2fe ./emlib/em_leuart.o
                             0x150b53 (size before relaxing)
 .debug_str     0x001561a3      0x2c5 ./src/Source_Files/SI7021.o
                             0x15137f (size before relaxing)
 .debug_str     0x00156468     0x2b63 ./src/Source_Files/app.o
                             0x155966 (size before relaxing)
 .debug_str     0x00158fcb      0x1e9 ./src/Source_Files/ble.o
                             0x1549cb (size before relaxing)
 .debug_str     0x001591b4       0x1a ./src/Source_Files/cmu.o
                             0x1508e5 (size before relaxing)
 .debug_str     0x001591ce       0x1b ./src/Source_Files/gpio.o
                             0x150df8 (size before relaxing)
 .debug_str     0x001591e9      0x1aa ./src/Source_Files/i2c.o
                             0x1519df (size before relaxing)
 .debug_str     0x00159393       0xab ./src/Source_Files/letimer.o
                             0x151917 (size before relaxing)
 .debug_str     0x0015943e      0x12a ./src/Source_Files/leuart.o
                             0x155207 (size before relaxing)
 .debug_str     0x00159568       0x30 ./src/Source_Files/scheduler.o
                             0x14fa74 (size before relaxing)
 .debug_str     0x00159598       0x6b ./src/Source_Files/sleep_routines.o
                             0x14fb53 (size before relaxing)
 .debug_str     0x00159603       0x4b ./src/main.o
                             0x1565d4 (size before relaxing)

.debug_loc      0x00000000     0xac95
 .debug_loc     0x00000000       0xfc ./CMSIS/EFM32PG12B/system_efm32pg12b.o
 .debug_loc     0x000000fc     0x438a ./emlib/em_cmu.o
 .debug_loc     0x00004486      0x76f ./emlib/em_core.o
 .debug_loc     0x00004bf5     0x2134 ./emlib/em_emu.o
 .debug_loc     0x00006d29      0xf89 ./emlib/em_gpio.o
 .debug_loc     0x00007cb2      0xd20 ./emlib/em_i2c.o
 .debug_loc     0x000089d2      0x61e ./emlib/em_letimer.o
 .debug_loc     0x00008ff0      0x6d3 ./emlib/em_leuart.o
 .debug_loc     0x000096c3      0x15f ./src/Source_Files/SI7021.o
 .debug_loc     0x00009822      0x29a ./src/Source_Files/app.o
 .debug_loc     0x00009abc      0x4a8 ./src/Source_Files/ble.o
 .debug_loc     0x00009f64       0x2c ./src/Source_Files/cmu.o
 .debug_loc     0x00009f90       0x2c ./src/Source_Files/gpio.o
 .debug_loc     0x00009fbc      0x4f4 ./src/Source_Files/i2c.o
 .debug_loc     0x0000a4b0      0x217 ./src/Source_Files/letimer.o
 .debug_loc     0x0000a6c7      0x335 ./src/Source_Files/leuart.o
 .debug_loc     0x0000a9fc       0xd6 ./src/Source_Files/scheduler.o
 .debug_loc     0x0000aad2      0x16d ./src/Source_Files/sleep_routines.o
 .debug_loc     0x0000ac3f       0x56 ./src/main.o

.debug_ranges   0x00000000     0x19b0
 .debug_ranges  0x00000000       0x58 ./CMSIS/EFM32PG12B/system_efm32pg12b.o
 .debug_ranges  0x00000058       0x10 ./emlib/em_assert.o
 .debug_ranges  0x00000068      0x9c0 ./emlib/em_cmu.o
 .debug_ranges  0x00000a28       0xd8 ./emlib/em_core.o
 .debug_ranges  0x00000b00      0x5d0 ./emlib/em_emu.o
 .debug_ranges  0x000010d0      0x368 ./emlib/em_gpio.o
 .debug_ranges  0x00001438      0x130 ./emlib/em_i2c.o
 .debug_ranges  0x00001568       0x98 ./emlib/em_letimer.o
 .debug_ranges  0x00001600      0x118 ./emlib/em_leuart.o
 .debug_ranges  0x00001718       0x20 ./src/Source_Files/SI7021.o
 .debug_ranges  0x00001738       0x40 ./src/Source_Files/app.o
 .debug_ranges  0x00001778       0x20 ./src/Source_Files/ble.o
 .debug_ranges  0x00001798       0x10 ./src/Source_Files/cmu.o
 .debug_ranges  0x000017a8       0x10 ./src/Source_Files/gpio.o
 .debug_ranges  0x000017b8       0x78 ./src/Source_Files/i2c.o
 .debug_ranges  0x00001830       0x20 ./src/Source_Files/letimer.o
 .debug_ranges  0x00001850       0xc0 ./src/Source_Files/leuart.o
 .debug_ranges  0x00001910       0x28 ./src/Source_Files/scheduler.o
 .debug_ranges  0x00001938       0x30 ./src/Source_Files/sleep_routines.o
 .debug_ranges  0x00001968       0x48 ./src/main.o

.debug_macro    0x00000000    0x3492c
 .debug_macro   0x00000000      0x282 ./CMSIS/EFM32PG12B/system_efm32pg12b.o
 .debug_macro   0x00000282      0xa4e ./CMSIS/EFM32PG12B/system_efm32pg12b.o
 .debug_macro   0x00000cd0       0x22 ./CMSIS/EFM32PG12B/system_efm32pg12b.o
 .debug_macro   0x00000cf2       0x4f ./CMSIS/EFM32PG12B/system_efm32pg12b.o
 .debug_macro   0x00000d41       0x51 ./CMSIS/EFM32PG12B/system_efm32pg12b.o
 .debug_macro   0x00000d92       0xef ./CMSIS/EFM32PG12B/system_efm32pg12b.o
 .debug_macro   0x00000e81       0x6a ./CMSIS/EFM32PG12B/system_efm32pg12b.o
 .debug_macro   0x00000eeb      0x1df ./CMSIS/EFM32PG12B/system_efm32pg12b.o
 .debug_macro   0x000010ca      0x4b1 ./CMSIS/EFM32PG12B/system_efm32pg12b.o
 .debug_macro   0x0000157b       0x1c ./CMSIS/EFM32PG12B/system_efm32pg12b.o
 .debug_macro   0x00001597       0x22 ./CMSIS/EFM32PG12B/system_efm32pg12b.o
 .debug_macro   0x000015b9       0xdf ./CMSIS/EFM32PG12B/system_efm32pg12b.o
 .debug_macro   0x00001698      0xff5 ./CMSIS/EFM32PG12B/system_efm32pg12b.o
 .debug_macro   0x0000268d       0xe2 ./CMSIS/EFM32PG12B/system_efm32pg12b.o
 .debug_macro   0x0000276f      0xe1c ./CMSIS/EFM32PG12B/system_efm32pg12b.o
 .debug_macro   0x0000358b     0x2275 ./CMSIS/EFM32PG12B/system_efm32pg12b.o
 .debug_macro   0x00005800      0x329 ./CMSIS/EFM32PG12B/system_efm32pg12b.o
 .debug_macro   0x00005b29     0x3119 ./CMSIS/EFM32PG12B/system_efm32pg12b.o
 .debug_macro   0x00008c42     0x1bba ./CMSIS/EFM32PG12B/system_efm32pg12b.o
 .debug_macro   0x0000a7fc     0x2674 ./CMSIS/EFM32PG12B/system_efm32pg12b.o
 .debug_macro   0x0000ce70     0x1b19 ./CMSIS/EFM32PG12B/system_efm32pg12b.o
 .debug_macro   0x0000e989      0xe2b ./CMSIS/EFM32PG12B/system_efm32pg12b.o
 .debug_macro   0x0000f7b4      0x344 ./CMSIS/EFM32PG12B/system_efm32pg12b.o
 .debug_macro   0x0000faf8      0x29d ./CMSIS/EFM32PG12B/system_efm32pg12b.o
 .debug_macro   0x0000fd95     0x2763 ./CMSIS/EFM32PG12B/system_efm32pg12b.o
 .debug_macro   0x000124f8     0x31cc ./CMSIS/EFM32PG12B/system_efm32pg12b.o
 .debug_macro   0x000156c4     0x136b ./CMSIS/EFM32PG12B/system_efm32pg12b.o
 .debug_macro   0x00016a2f      0xde2 ./CMSIS/EFM32PG12B/system_efm32pg12b.o
 .debug_macro   0x00017811      0x249 ./CMSIS/EFM32PG12B/system_efm32pg12b.o
 .debug_macro   0x00017a5a     0x1042 ./CMSIS/EFM32PG12B/system_efm32pg12b.o
 .debug_macro   0x00018a9c     0x1605 ./CMSIS/EFM32PG12B/system_efm32pg12b.o
 .debug_macro   0x0001a0a1     0x3cb7 ./CMSIS/EFM32PG12B/system_efm32pg12b.o
 .debug_macro   0x0001dd58     0x23fc ./CMSIS/EFM32PG12B/system_efm32pg12b.o
 .debug_macro   0x00020154      0x70c ./CMSIS/EFM32PG12B/system_efm32pg12b.o
 .debug_macro   0x00020860     0x26ef ./CMSIS/EFM32PG12B/system_efm32pg12b.o
 .debug_macro   0x00022f4f     0x1700 ./CMSIS/EFM32PG12B/system_efm32pg12b.o
 .debug_macro   0x0002464f     0x2efb ./CMSIS/EFM32PG12B/system_efm32pg12b.o
 .debug_macro   0x0002754a      0xfaf ./CMSIS/EFM32PG12B/system_efm32pg12b.o
 .debug_macro   0x000284f9      0x6c3 ./CMSIS/EFM32PG12B/system_efm32pg12b.o
 .debug_macro   0x00028bbc     0x1021 ./CMSIS/EFM32PG12B/system_efm32pg12b.o
 .debug_macro   0x00029bdd      0x888 ./CMSIS/EFM32PG12B/system_efm32pg12b.o
 .debug_macro   0x0002a465      0x4ff ./CMSIS/EFM32PG12B/system_efm32pg12b.o
 .debug_macro   0x0002a964     0x1be1 ./CMSIS/EFM32PG12B/system_efm32pg12b.o
 .debug_macro   0x0002c545       0x40 ./CMSIS/EFM32PG12B/system_efm32pg12b.o
 .debug_macro   0x0002c585      0x2ce ./CMSIS/EFM32PG12B/system_efm32pg12b.o
 .debug_macro   0x0002c853      0x381 ./CMSIS/EFM32PG12B/system_efm32pg12b.o
 .debug_macro   0x0002cbd4      0x190 ./CMSIS/EFM32PG12B/system_efm32pg12b.o
 .debug_macro   0x0002cd64     0x27bf ./CMSIS/EFM32PG12B/system_efm32pg12b.o
 .debug_macro   0x0002f523      0x303 ./CMSIS/EFM32PG12B/system_efm32pg12b.o
 .debug_macro   0x0002f826      0x303 ./CMSIS/EFM32PG12B/system_efm32pg12b.o
 .debug_macro   0x0002fb29       0x23 ./emlib/em_assert.o
 .debug_macro   0x0002fb4c      0x3a9 ./emlib/em_cmu.o
 .debug_macro   0x0002fef5       0x58 ./emlib/em_cmu.o
 .debug_macro   0x0002ff4d      0x34d ./emlib/em_cmu.o
 .debug_macro   0x0003029a       0x25 ./emlib/em_cmu.o
 .debug_macro   0x000302bf       0xee ./emlib/em_cmu.o
 .debug_macro   0x000303ad       0x87 ./emlib/em_cmu.o
 .debug_macro   0x00030434      0x2ae ./emlib/em_core.o
 .debug_macro   0x000306e2       0xba ./emlib/em_core.o
 .debug_macro   0x0003079c      0x3c3 ./emlib/em_emu.o
 .debug_macro   0x00030b5f       0x52 ./emlib/em_emu.o
 .debug_macro   0x00030bb1       0x55 ./emlib/em_emu.o
 .debug_macro   0x00030c06      0x353 ./emlib/em_emu.o
 .debug_macro   0x00030f59       0xd9 ./emlib/em_emu.o
 .debug_macro   0x00031032       0x81 ./emlib/em_emu.o
 .debug_macro   0x000310b3       0xc0 ./emlib/em_emu.o
 .debug_macro   0x00031173      0x295 ./emlib/em_gpio.o
 .debug_macro   0x00031408      0x31e ./emlib/em_i2c.o
 .debug_macro   0x00031726       0x3f ./emlib/em_i2c.o
 .debug_macro   0x00031765      0x2c1 ./emlib/em_letimer.o
 .debug_macro   0x00031a26      0x2b5 ./emlib/em_leuart.o
 .debug_macro   0x00031cdb      0x2fb ./src/Source_Files/SI7021.o
 .debug_macro   0x00031fd6       0x45 ./src/Source_Files/SI7021.o
 .debug_macro   0x0003201b       0x2e ./src/Source_Files/SI7021.o
 .debug_macro   0x00032049       0x2e ./src/Source_Files/SI7021.o
 .debug_macro   0x00032077       0x58 ./src/Source_Files/SI7021.o
 .debug_macro   0x000320cf      0x46a ./src/Source_Files/app.o
 .debug_macro   0x00032539       0xd6 ./src/Source_Files/app.o
 .debug_macro   0x0003260f       0x10 ./src/Source_Files/app.o
 .debug_macro   0x0003261f       0x16 ./src/Source_Files/app.o
 .debug_macro   0x00032635       0x10 ./src/Source_Files/app.o
 .debug_macro   0x00032645       0x34 ./src/Source_Files/app.o
 .debug_macro   0x00032679       0x10 ./src/Source_Files/app.o
 .debug_macro   0x00032689       0x1c ./src/Source_Files/app.o
 .debug_macro   0x000326a5       0x52 ./src/Source_Files/app.o
 .debug_macro   0x000326f7       0x7f ./src/Source_Files/app.o
 .debug_macro   0x00032776       0x40 ./src/Source_Files/app.o
 .debug_macro   0x000327b6       0x16 ./src/Source_Files/app.o
 .debug_macro   0x000327cc       0x97 ./src/Source_Files/app.o
 .debug_macro   0x00032863       0xf6 ./src/Source_Files/app.o
 .debug_macro   0x00032959       0x10 ./src/Source_Files/app.o
 .debug_macro   0x00032969       0x10 ./src/Source_Files/app.o
 .debug_macro   0x00032979       0xb6 ./src/Source_Files/app.o
 .debug_macro   0x00032a2f       0x16 ./src/Source_Files/app.o
 .debug_macro   0x00032a45      0x129 ./src/Source_Files/app.o
 .debug_macro   0x00032b6e      0x3ce ./src/Source_Files/ble.o
 .debug_macro   0x00032f3c      0x2a9 ./src/Source_Files/cmu.o
 .debug_macro   0x000331e5      0x2b6 ./src/Source_Files/gpio.o
 .debug_macro   0x0003349b      0x301 ./src/Source_Files/i2c.o
 .debug_macro   0x0003379c      0x2fc ./src/Source_Files/letimer.o
 .debug_macro   0x00033a98      0x406 ./src/Source_Files/leuart.o
 .debug_macro   0x00033e9e       0x57 ./src/Source_Files/leuart.o
 .debug_macro   0x00033ef5       0x1c ./src/Source_Files/leuart.o
 .debug_macro   0x00033f11      0x2c5 ./src/Source_Files/scheduler.o
 .debug_macro   0x000341d6      0x2c4 ./src/Source_Files/sleep_routines.o
 .debug_macro   0x0003449a      0x492 ./src/main.o

.debug_frame    0x00000000     0x23fc
 .debug_frame   0x00000000       0xc8 ./CMSIS/EFM32PG12B/system_efm32pg12b.o
 .debug_frame   0x000000c8       0x20 ./emlib/em_assert.o