Archive member included to satisfy reference by file (symbol)

c:/siliconlabs/simplicitystudio/v4/developer/toolchains/gnu_arm/7.2_2017q4/bin/../lib/gcc/arm-none-eabi/7.2.1/thumb/v7e-m/fpv4-sp/softfp\libgcc.a(_aeabi_uldivmod.o)
                              ./emlib/em_usart.o (__aeabi_uldivmod)
c:/siliconlabs/simplicitystudio/v4/developer/toolchains/gnu_arm/7.2_2017q4/bin/../lib/gcc/arm-none-eabi/7.2.1/thumb/v7e-m/fpv4-sp/softfp\libgcc.a(_udivmoddi4.o)
                              c:/siliconlabs/simplicitystudio/v4/developer/toolchains/gnu_arm/7.2_2017q4/bin/../lib/gcc/arm-none-eabi/7.2.1/thumb/v7e-m/fpv4-sp/softfp\libgcc.a(_aeabi_uldivmod.o) (__udivmoddi4)
c:/siliconlabs/simplicitystudio/v4/developer/toolchains/gnu_arm/7.2_2017q4/bin/../lib/gcc/arm-none-eabi/7.2.1/thumb/v7e-m/fpv4-sp/softfp\libgcc.a(_dvmd_tls.o)
                              c:/siliconlabs/simplicitystudio/v4/developer/toolchains/gnu_arm/7.2_2017q4/bin/../lib/gcc/arm-none-eabi/7.2.1/thumb/v7e-m/fpv4-sp/softfp\libgcc.a(_aeabi_uldivmod.o) (__aeabi_ldiv0)
c:/siliconlabs/simplicitystudio/v4/developer/toolchains/gnu_arm/7.2_2017q4/bin/../lib/gcc/arm-none-eabi/7.2.1/../../../../arm-none-eabi/lib/thumb/v7e-m/fpv4-sp/softfp\libc_nano.a(lib_a-exit.o)
                              c:/siliconlabs/simplicitystudio/v4/developer/toolchains/gnu_arm/7.2_2017q4/bin/../lib/gcc/arm-none-eabi/7.2.1/../../../../arm-none-eabi/lib/thumb/v7e-m/fpv4-sp/softfp/crt0.o (exit)
c:/siliconlabs/simplicitystudio/v4/developer/toolchains/gnu_arm/7.2_2017q4/bin/../lib/gcc/arm-none-eabi/7.2.1/../../../../arm-none-eabi/lib/thumb/v7e-m/fpv4-sp/softfp\libc_nano.a(lib_a-impure.o)
                              c:/siliconlabs/simplicitystudio/v4/developer/toolchains/gnu_arm/7.2_2017q4/bin/../lib/gcc/arm-none-eabi/7.2.1/../../../../arm-none-eabi/lib/thumb/v7e-m/fpv4-sp/softfp\libc_nano.a(lib_a-exit.o) (_global_impure_ptr)
c:/siliconlabs/simplicitystudio/v4/developer/toolchains/gnu_arm/7.2_2017q4/bin/../lib/gcc/arm-none-eabi/7.2.1/../../../../arm-none-eabi/lib/thumb/v7e-m/fpv4-sp/softfp\libc_nano.a(lib_a-init.o)
                              c:/siliconlabs/simplicitystudio/v4/developer/toolchains/gnu_arm/7.2_2017q4/bin/../lib/gcc/arm-none-eabi/7.2.1/../../../../arm-none-eabi/lib/thumb/v7e-m/fpv4-sp/softfp/crt0.o (__libc_init_array)
c:/siliconlabs/simplicitystudio/v4/developer/toolchains/gnu_arm/7.2_2017q4/bin/../lib/gcc/arm-none-eabi/7.2.1/../../../../arm-none-eabi/lib/thumb/v7e-m/fpv4-sp/softfp\libc_nano.a(lib_a-memcpy-stub.o)
                              ./emlib/em_crypto.o (memcpy)
c:/siliconlabs/simplicitystudio/v4/developer/toolchains/gnu_arm/7.2_2017q4/bin/../lib/gcc/arm-none-eabi/7.2.1/../../../../arm-none-eabi/lib/thumb/v7e-m/fpv4-sp/softfp\libc_nano.a(lib_a-memset.o)
                              c:/siliconlabs/simplicitystudio/v4/developer/toolchains/gnu_arm/7.2_2017q4/bin/../lib/gcc/arm-none-eabi/7.2.1/../../../../arm-none-eabi/lib/thumb/v7e-m/fpv4-sp/softfp/crt0.o (memset)
c:/siliconlabs/simplicitystudio/v4/developer/toolchains/gnu_arm/7.2_2017q4/bin/../lib/gcc/arm-none-eabi/7.2.1/../../../../arm-none-eabi/lib/thumb/v7e-m/fpv4-sp/softfp\libnosys.a(_exit.o)
                              c:/siliconlabs/simplicitystudio/v4/developer/toolchains/gnu_arm/7.2_2017q4/bin/../lib/gcc/arm-none-eabi/7.2.1/../../../../arm-none-eabi/lib/thumb/v7e-m/fpv4-sp/softfp\libc_nano.a(lib_a-exit.o) (_exit)

Discarded input sections

 .text          0x00000000        0x0 c:/siliconlabs/simplicitystudio/v4/developer/toolchains/gnu_arm/7.2_2017q4/bin/../lib/gcc/arm-none-eabi/7.2.1/thumb/v7e-m/fpv4-sp/softfp/crti.o
 .data          0x00000000        0x0 c:/siliconlabs/simplicitystudio/v4/developer/toolchains/gnu_arm/7.2_2017q4/bin/../lib/gcc/arm-none-eabi/7.2.1/thumb/v7e-m/fpv4-sp/softfp/crti.o
 .bss           0x00000000        0x0 c:/siliconlabs/simplicitystudio/v4/developer/toolchains/gnu_arm/7.2_2017q4/bin/../lib/gcc/arm-none-eabi/7.2.1/thumb/v7e-m/fpv4-sp/softfp/crti.o
 .data          0x00000000        0x4 c:/siliconlabs/simplicitystudio/v4/developer/toolchains/gnu_arm/7.2_2017q4/bin/../lib/gcc/arm-none-eabi/7.2.1/thumb/v7e-m/fpv4-sp/softfp/crtbegin.o
 .data          0x00000000        0x0 c:/siliconlabs/simplicitystudio/v4/developer/toolchains/gnu_arm/7.2_2017q4/bin/../lib/gcc/arm-none-eabi/7.2.1/../../../../arm-none-eabi/lib/thumb/v7e-m/fpv4-sp/softfp/crt0.o
 .bss           0x00000000        0x0 c:/siliconlabs/simplicitystudio/v4/developer/toolchains/gnu_arm/7.2_2017q4/bin/../lib/gcc/arm-none-eabi/7.2.1/../../../../arm-none-eabi/lib/thumb/v7e-m/fpv4-sp/softfp/crt0.o
 .ARM.extab     0x00000000        0x0 c:/siliconlabs/simplicitystudio/v4/developer/toolchains/gnu_arm/7.2_2017q4/bin/../lib/gcc/arm-none-eabi/7.2.1/../../../../arm-none-eabi/lib/thumb/v7e-m/fpv4-sp/softfp/crt0.o
 .data          0x00000000        0x0 ./CMSIS/EFM32PG12B/startup_gcc_efm32pg12b.o
 .bss           0x00000000        0x0 ./CMSIS/EFM32PG12B/startup_gcc_efm32pg12b.o
[...]
Memory Configuration

Name             Origin             Length             Attributes
FLASH            0x00000000         0x00100000         xr
RAM              0x20000000         0x00040000         xrw
*default*        0x00000000         0xffffffff

Linker script and memory map

LOAD c:/siliconlabs/simplicitystudio/v4/developer/toolchains/gnu_arm/7.2_2017q4/bin/../lib/gcc/arm-none-eabi/7.2.1/thumb/v7e-m/fpv4-sp/softfp/crti.o
LOAD c:/siliconlabs/simplicitystudio/v4/developer/toolchains/gnu_arm/7.2_2017q4/bin/../lib/gcc/arm-none-eabi/7.2.1/thumb/v7e-m/fpv4-sp/softfp/crtbegin.o
LOAD c:/siliconlabs/simplicitystudio/v4/developer/toolchains/gnu_arm/7.2_2017q4/bin/../lib/gcc/arm-none-eabi/7.2.1/../../../../arm-none-eabi/lib/thumb/v7e-m/fpv4-sp/softfp/crt0.o
LOAD ./CMSIS/EFM32PG12B/startup_gcc_efm32pg12b.o
LOAD ./CMSIS/EFM32PG12B/system_efm32pg12b.o
LOAD ./emlib/em_acmp.o
LOAD ./emlib/em_adc.o
LOAD ./emlib/em_aes.o
LOAD ./emlib/em_assert.o
LOAD ./emlib/em_burtc.o
LOAD ./emlib/em_can.o
LOAD ./emlib/em_cmu.o
LOAD ./emlib/em_core.o
LOAD ./emlib/em_cryotimer.o
LOAD ./emlib/em_crypto.o
LOAD ./emlib/em_csen.o
LOAD ./emlib/em_dac.o
LOAD ./emlib/em_dbg.o
LOAD ./emlib/em_dma.o
LOAD ./emlib/em_ebi.o
LOAD ./emlib/em_emu.o
LOAD ./emlib/em_eusart.o
LOAD ./emlib/em_gpcrc.o
LOAD ./emlib/em_gpio.o
LOAD ./emlib/em_i2c.o
LOAD ./emlib/em_iadc.o
LOAD ./emlib/em_idac.o
LOAD ./emlib/em_int.o
LOAD ./emlib/em_lcd.o
LOAD ./emlib/em_ldma.o
LOAD ./emlib/em_lesense.o
LOAD ./emlib/em_letimer.o
LOAD ./emlib/em_leuart.o
LOAD ./emlib/em_mpu.o
LOAD ./emlib/em_msc.o
LOAD ./emlib/em_opamp.o
LOAD ./emlib/em_pcnt.o
LOAD ./emlib/em_pdm.o
LOAD ./emlib/em_prs.o
LOAD ./emlib/em_qspi.o
LOAD ./emlib/em_rmu.o
LOAD ./emlib/em_rtc.o
LOAD ./emlib/em_rtcc.o
LOAD ./emlib/em_se.o
LOAD ./emlib/em_system.o
LOAD ./emlib/em_timer.o
LOAD ./emlib/em_usart.o
LOAD ./emlib/em_vcmp.o
LOAD ./emlib/em_vdac.o
LOAD ./emlib/em_wdog.o
LOAD ./src/Source_Files/app.o
LOAD ./src/Source_Files/cmu.o
LOAD ./src/Source_Files/gpio.o
LOAD ./src/Source_Files/letimer.o
LOAD ./src/main.o
START GROUP
LOAD c:/siliconlabs/simplicitystudio/v4/developer/toolchains/gnu_arm/7.2_2017q4/bin/../lib/gcc/arm-none-eabi/7.2.1/thumb/v7e-m/fpv4-sp/softfp\libgcc.a
LOAD c:/siliconlabs/simplicitystudio/v4/developer/toolchains/gnu_arm/7.2_2017q4/bin/../lib/gcc/arm-none-eabi/7.2.1/../../../../arm-none-eabi/lib/thumb/v7e-m/fpv4-sp/softfp\libc_nano.a
LOAD c:/siliconlabs/simplicitystudio/v4/developer/toolchains/gnu_arm/7.2_2017q4/bin/../lib/gcc/arm-none-eabi/7.2.1/../../../../arm-none-eabi/lib/thumb/v7e-m/fpv4-sp/softfp\libnosys.a
END GROUP
START GROUP
LOAD c:/siliconlabs/simplicitystudio/v4/developer/toolchains/gnu_arm/7.2_2017q4/bin/../lib/gcc/arm-none-eabi/7.2.1/thumb/v7e-m/fpv4-sp/softfp\libgcc.a
LOAD c:/siliconlabs/simplicitystudio/v4/developer/toolchains/gnu_arm/7.2_2017q4/bin/../lib/gcc/arm-none-eabi/7.2.1/../../../../arm-none-eabi/lib/thumb/v7e-m/fpv4-sp/softfp\libg_nano.a
LOAD c:/siliconlabs/simplicitystudio/v4/developer/toolchains/gnu_arm/7.2_2017q4/bin/../lib/gcc/arm-none-eabi/7.2.1/../../../../arm-none-eabi/lib/thumb/v7e-m/fpv4-sp/softfp\libc_nano.a
END GROUP
START GROUP
LOAD c:/siliconlabs/simplicitystudio/v4/developer/toolchains/gnu_arm/7.2_2017q4/bin/../lib/gcc/arm-none-eabi/7.2.1/thumb/v7e-m/fpv4-sp/softfp\libgcc.a
LOAD c:/siliconlabs/simplicitystudio/v4/developer/toolchains/gnu_arm/7.2_2017q4/bin/../lib/gcc/arm-none-eabi/7.2.1/../../../../arm-none-eabi/lib/thumb/v7e-m/fpv4-sp/softfp\libc_nano.a
END GROUP
LOAD c:/siliconlabs/simplicitystudio/v4/developer/toolchains/gnu_arm/7.2_2017q4/bin/../lib/gcc/arm-none-eabi/7.2.1/thumb/v7e-m/fpv4-sp/softfp/crtend.o
LOAD c:/siliconlabs/simplicitystudio/v4/developer/toolchains/gnu_arm/7.2_2017q4/bin/../lib/gcc/arm-none-eabi/7.2.1/thumb/v7e-m/fpv4-sp/softfp/crtn.o

.text           0x00000000     0x2df0
 *(.vectors)
 .vectors       0x00000000      0x10c ./CMSIS/EFM32PG12B/startup_gcc_efm32pg12b.o
                0x00000000                __Vectors
                0x0000010c                __Vectors_End = .
                0x0000010c                __Vectors_Size = (__Vectors_End - __Vectors)
                0x0000010c                __end__ = .
 *(.text*)
 .text          0x0000010c       0x40 c:/siliconlabs/simplicitystudio/v4/developer/toolchains/gnu_arm/7.2_2017q4/bin/../lib/gcc/arm-none-eabi/7.2.1/thumb/v7e-m/fpv4-sp/softfp/crtbegin.o
 .text          0x0000014c       0x74 c:/siliconlabs/simplicitystudio/v4/developer/toolchains/gnu_arm/7.2_2017q4/bin/../lib/gcc/arm-none-eabi/7.2.1/../../../../arm-none-eabi/lib/thumb/v7e-m/fpv4-sp/softfp/crt0.o
                0x0000014c                _start
                0x0000014c                _mainCRTStartup
 .text          0x000001c0       0x30 ./CMSIS/EFM32PG12B/startup_gcc_efm32pg12b.o
                0x000001c0                Reset_Handler
                0x000001ec                USART0_TX_IRQHandler
                0x000001ec                I2C0_IRQHandler
                0x000001ec                HardFault_Handler
                0x000001ec                SysTick_Handler
                0x000001ec                USART1_RX_IRQHandler
                0x000001ec                PendSV_Handler
                0x000001ec                NMI_Handler
                0x000001ec                I2C1_IRQHandler
                0x000001ec                WTIMER0_IRQHandler
                0x000001ec                CRYPTO0_IRQHandler
                0x000001ec                WDOG0_IRQHandler
                0x000001ec                USART1_TX_IRQHandler
                0x000001ec                SMU_IRQHandler
                0x000001ec                MSC_IRQHandler
                0x000001ec                ADC0_IRQHandler
                0x000001ec                UsageFault_Handler
                0x000001ec                WDOG1_IRQHandler
                0x000001ec                LEUART0_IRQHandler
                0x000001ec                FPUEH_IRQHandler
                0x000001ec                WTIMER1_IRQHandler
                0x000001ec                GPIO_EVEN_IRQHandler
                0x000001ec                VDAC0_IRQHandler
                0x000001ec                LDMA_IRQHandler
                0x000001ec                CSEN_IRQHandler
                0x000001ec                CRYPTO1_IRQHandler
                0x000001ec                TIMER0_IRQHandler
                0x000001ec                DebugMon_Handler
                0x000001ec                PCNT2_IRQHandler
                0x000001ec                LETIMER0_IRQHandler
                0x000001ec                TIMER1_IRQHandler
                0x000001ec                TRNG0_IRQHandler
                0x000001ec                USART2_RX_IRQHandler
                0x000001ec                Default_Handler
                0x000001ec                EMU_IRQHandler
                0x000001ec                CRYOTIMER_IRQHandler
                0x000001ec                PCNT0_IRQHandler
                0x000001ec                sl_app_properties
                0x000001ec                PCNT1_IRQHandler
                0x000001ec                ACMP0_IRQHandler
                0x000001ec                USART0_RX_IRQHandler
                0x000001ec                MemManage_Handler
                0x000001ec                SVC_Handler
                0x000001ec                USART3_RX_IRQHandler
                0x000001ec                RTCC_IRQHandler
                0x000001ec                CMU_IRQHandler
                0x000001ec                LESENSE_IRQHandler
                0x000001ec                GPIO_ODD_IRQHandler
                0x000001ec                USART3_TX_IRQHandler
                0x000001ec                BusFault_Handler
                0x000001ec                USART2_TX_IRQHandler
                0x000001ec                IDAC0_IRQHandler
 .text.SystemCoreClockGet
                0x000001f0       0x40 ./CMSIS/EFM32PG12B/system_efm32pg12b.o
                0x000001f0                SystemCoreClockGet
 .text.SystemMaxCoreClockGet
                0x00000230       0x14 ./CMSIS/EFM32PG12B/system_efm32pg12b.o
                0x00000230                SystemMaxCoreClockGet
 .text.SystemHFClockGet
                0x00000244       0x88 ./CMSIS/EFM32PG12B/system_efm32pg12b.o
                0x00000244                SystemHFClockGet
 .text.SystemHFXOClockGet
                0x000002cc       0x18 ./CMSIS/EFM32PG12B/system_efm32pg12b.o
                0x000002cc                SystemHFXOClockGet
 .text.SystemInit
                0x000002e4       0x2c ./CMSIS/EFM32PG12B/system_efm32pg12b.o
                0x000002e4                SystemInit
 .text.assertEFM
                0x00000310        0xc ./emlib/em_assert.o
                0x00000310                assertEFM
 .text.BUS_RegBitWrite
                0x0000031c       0x2e ./emlib/em_cmu.o
 .text.BUS_RegBitRead
                0x0000034a       0x2a ./emlib/em_cmu.o
 .text.EMU_LDOStatusGet
                0x00000374       0x24 ./emlib/em_cmu.o
 .text.EMU_VScaleWait
                0x00000398       0x30 ./emlib/em_cmu.o
 .text.EMU_VScaleGet
                0x000003c8       0x1c ./emlib/em_cmu.o
 .text.setHfLeConfig
                0x000003e4       0x64 ./emlib/em_cmu.o
 .text.flashWaitStateControl
                0x00000448       0x98 ./emlib/em_cmu.o
 .text.flashWaitStateMax
                0x000004e0       0x44 ./emlib/em_cmu.o
 .text.CMU_UpdateWaitStates
                0x00000524       0x40 ./emlib/em_cmu.o
                0x00000524                CMU_UpdateWaitStates
 .text.getRegIshUpperVal
                0x00000564       0x36 ./emlib/em_cmu.o
 *fill*         0x0000059a        0x2 
 .text.getHfxoTuningMode
                0x0000059c       0x1c ./emlib/em_cmu.o
 .text.setHfxoTuningMode
                0x000005b8       0x2c ./emlib/em_cmu.o
 .text.syncReg  0x000005e4       0x38 ./emlib/em_cmu.o
 .text.hfperClkSafePrescaler
                0x0000061c        0xe ./emlib/em_cmu.o
 .text.hfperClkOptimizedPrescaler
                0x0000062a        0xe ./emlib/em_cmu.o
 .text.CMU_ClockEnable
                0x00000638       0xd8 ./emlib/em_cmu.o
                0x00000638                CMU_ClockEnable
 .text.CMU_ClockSelectGet
                0x00000710      0x1c8 ./emlib/em_cmu.o
                0x00000710                CMU_ClockSelectGet
 .text.CMU_ClockSelectSet
                0x000008d8      0x348 ./emlib/em_cmu.o
                0x000008d8                CMU_ClockSelectSet
 .text.CMU_HFRCODevinfoGet
                0x00000c20       0xdc ./emlib/em_cmu.o
 .text.CMU_HFRCOBandGet
                0x00000cfc       0x18 ./emlib/em_cmu.o
                0x00000cfc                CMU_HFRCOBandGet
 .text.CMU_HFRCOBandSet
                0x00000d14      0x178 ./emlib/em_cmu.o
                0x00000d14                CMU_HFRCOBandSet
 .text.CMU_HFXOInit
                0x00000e8c      0x104 ./emlib/em_cmu.o
                0x00000e8c                CMU_HFXOInit
 .text.CMU_OscillatorEnable
                0x00000f90      0x1bc ./emlib/em_cmu.o
                0x00000f90                CMU_OscillatorEnable
 .text.CMU_OscillatorTuningGet
                0x0000114c       0x7c ./emlib/em_cmu.o
                0x0000114c                CMU_OscillatorTuningGet
 .text.CMU_OscillatorTuningSet
                0x000011c8      0x154 ./emlib/em_cmu.o
                0x000011c8                CMU_OscillatorTuningSet
 .text.CMU_OscillatorTuningWait
                0x0000131c       0xb4 ./emlib/em_cmu.o
                0x0000131c                CMU_OscillatorTuningWait
 .text.CMU_OscillatorTuningOptimize
                0x000013d0       0x64 ./emlib/em_cmu.o
                0x000013d0                CMU_OscillatorTuningOptimize
 .text.BUS_RegBitWrite
                0x00001434       0x2e ./emlib/em_emu.o
 .text.BUS_RegBitRead
                0x00001462       0x2a ./emlib/em_emu.o
 .text.EMU_LDOStatusGet
                0x0000148c       0x24 ./emlib/em_emu.o
 .text.EMU_VScaleWait
                0x000014b0       0x30 ./emlib/em_emu.o
 .text.EMU_VScaleGet
                0x000014e0       0x1c ./emlib/em_emu.o
 .text.EMU_IntClear
                0x000014fc       0x20 ./emlib/em_emu.o
 .text.EMU_IntGet
                0x0000151c       0x18 ./emlib/em_emu.o
 .text.EMU_PowerLock
                0x00001534       0x18 ./emlib/em_emu.o
 .text.EMU_PowerUnlock
                0x0000154c       0x1c ./emlib/em_emu.o
 .text.vScaleEM01Cmd
                0x00001568       0x22 ./emlib/em_emu.o
 *fill*         0x0000158a        0x2 
 .text.EMU_VScaleEM01ByClock
                0x0000158c       0x84 ./emlib/em_emu.o
                0x0000158c                EMU_VScaleEM01ByClock
 .text.EMU_VScaleEM01
                0x00001610       0xb4 ./emlib/em_emu.o
                0x00001610                EMU_VScaleEM01
 .text.EMU_EM23Init
                0x000016c4       0x50 ./emlib/em_emu.o
                0x000016c4                EMU_EM23Init
 .text.dcdcConstCalibrationLoad
                0x00001714       0x10 ./emlib/em_emu.o
 .text.dcdcValidatedConfigSet
                0x00001724       0x40 ./emlib/em_emu.o
 .text.currentLimitersUpdate
                0x00001764      0x124 ./emlib/em_emu.o
 .text.userCurrentLimitsSet
                0x00001888       0x30 ./emlib/em_emu.o
 .text.compCtrlSet
                0x000018b8       0x4c ./emlib/em_emu.o
 .text.lpCmpHystCalibrationLoad
                0x00001904       0xec ./emlib/em_emu.o
 .text.lpGetDevinfoVrefLowHigh
                0x000019f0      0x164 ./emlib/em_emu.o
 .text.EMU_DCDCModeSet
                0x00001b54      0x10c ./emlib/em_emu.o
                0x00001b54                EMU_DCDCModeSet
 .text.EMU_DCDCInit
                0x00001c60      0x1c8 ./emlib/em_emu.o
                0x00001c60                EMU_DCDCInit
 .text.EMU_DCDCOutputVoltageSet
                0x00001e28      0x2d8 ./emlib/em_emu.o
                0x00001e28                EMU_DCDCOutputVoltageSet
 .text.EMU_DCDCOptimizeSlice
                0x00002100       0xe8 ./emlib/em_emu.o
                0x00002100                EMU_DCDCOptimizeSlice
 .text.EMU_DCDCLnRcoBandSet
                0x000021e8       0x64 ./emlib/em_emu.o
                0x000021e8                EMU_DCDCLnRcoBandSet
 .text.BUS_RegMaskedSet
                0x0000224c       0x24 ./emlib/em_gpio.o
 .text.BUS_RegMaskedClear
                0x00002270       0x24 ./emlib/em_gpio.o
 .text.BUS_RegMaskedWrite
                0x00002294       0x24 ./emlib/em_gpio.o
 .text.GPIO_PinOutClear
                0x000022b8       0xd0 ./emlib/em_gpio.o
 .text.GPIO_PinOutSet
                0x00002388       0xd0 ./emlib/em_gpio.o
 .text.GPIO_DriveStrengthSet
                0x00002458       0x8c ./emlib/em_gpio.o
                0x00002458                GPIO_DriveStrengthSet
 .text.GPIO_PinModeSet
                0x000024e4      0x18c ./emlib/em_gpio.o
                0x000024e4                GPIO_PinModeSet
 .text.regSync  0x00002670       0x24 ./emlib/em_letimer.o
 .text.LETIMER_Enable
                0x00002694       0x4c ./emlib/em_letimer.o
                0x00002694                LETIMER_Enable
 .text.LETIMER_Init
                0x000026e0      0x110 ./emlib/em_letimer.o
                0x000026e0                LETIMER_Init
 .text.app_peripheral_setup
                0x000027f0       0x28 ./src/Source_Files/app.o
                0x000027f0                app_peripheral_setup
 .text.app_letimer_pwm_open
                0x00002818       0x50 ./src/Source_Files/app.o
 .text.cmu_open
                0x00002868       0x40 ./src/Source_Files/cmu.o
                0x00002868                cmu_open
 .text.gpio_open
                0x000028a8       0x3c ./src/Source_Files/gpio.o
                0x000028a8                gpio_open
 .text.letimer_pwm_open
                0x000028e4      0x114 ./src/Source_Files/letimer.o
                0x000028e4                letimer_pwm_open
 .text.letimer_start
                0x000029f8       0x1e ./src/Source_Files/letimer.o
                0x000029f8                letimer_start
 *fill*         0x00002a16        0x2 
 .text.SYSTEM_GetProdRev
                0x00002a18       0x1c ./src/main.o
 .text.CHIP_Init
                0x00002a34       0x84 ./src/main.o
 .text.EMU_EnterEM1
                0x00002ab8       0x20 ./src/main.o
 .text.main     0x00002ad8       0x84 ./src/main.o
                0x00002ad8                main
 .text.exit     0x00002b5c       0x28 c:/siliconlabs/simplicitystudio/v4/developer/toolchains/gnu_arm/7.2_2017q4/bin/../lib/gcc/arm-none-eabi/7.2.1/../../../../arm-none-eabi/lib/thumb/v7e-m/fpv4-sp/softfp\libc_nano.a(lib_a-exit.o)
                0x00002b5c                exit
 .text.__libc_init_array
                0x00002b84       0x48 c:/siliconlabs/simplicitystudio/v4/developer/toolchains/gnu_arm/7.2_2017q4/bin/../lib/gcc/arm-none-eabi/7.2.1/../../../../arm-none-eabi/lib/thumb/v7e-m/fpv4-sp/softfp\libc_nano.a(lib_a-init.o)
                0x00002b84                __libc_init_array
 .text.memset   0x00002bcc       0x10 c:/siliconlabs/simplicitystudio/v4/developer/toolchains/gnu_arm/7.2_2017q4/bin/../lib/gcc/arm-none-eabi/7.2.1/../../../../arm-none-eabi/lib/thumb/v7e-m/fpv4-sp/softfp\libc_nano.a(lib_a-memset.o)
                0x00002bcc                memset
 .text._exit    0x00002bdc        0x4 c:/siliconlabs/simplicitystudio/v4/developer/toolchains/gnu_arm/7.2_2017q4/bin/../lib/gcc/arm-none-eabi/7.2.1/../../../../arm-none-eabi/lib/thumb/v7e-m/fpv4-sp/softfp\libnosys.a(_exit.o)
                0x00002bdc                _exit
 *(.init)
 .init          0x00002be0        0x4 c:/siliconlabs/simplicitystudio/v4/developer/toolchains/gnu_arm/7.2_2017q4/bin/../lib/gcc/arm-none-eabi/7.2.1/thumb/v7e-m/fpv4-sp/softfp/crti.o
                0x00002be0                _init
 .init          0x00002be4        0x8 c:/siliconlabs/simplicitystudio/v4/developer/toolchains/gnu_arm/7.2_2017q4/bin/../lib/gcc/arm-none-eabi/7.2.1/thumb/v7e-m/fpv4-sp/softfp/crtn.o
 *(.fini)
 .fini          0x00002bec        0x4 c:/siliconlabs/simplicitystudio/v4/developer/toolchains/gnu_arm/7.2_2017q4/bin/../lib/gcc/arm-none-eabi/7.2.1/thumb/v7e-m/fpv4-sp/softfp/crti.o
                0x00002bec                _fini
 .fini          0x00002bf0        0x8 c:/siliconlabs/simplicitystudio/v4/developer/toolchains/gnu_arm/7.2_2017q4/bin/../lib/gcc/arm-none-eabi/7.2.1/thumb/v7e-m/fpv4-sp/softfp/crtn.o
 *crtbegin.o(.ctors)
 *crtbegin?.o(.ctors)
 *(EXCLUDE_FILE(*crtend.o *crtend?.o) .ctors)
 *(SORT_BY_NAME(.ctors.*))
 *(.ctors)
 *crtbegin.o(.dtors)
 *crtbegin?.o(.dtors)
 *(EXCLUDE_FILE(*crtend.o *crtend?.o) .dtors)
 *(SORT_BY_NAME(.dtors.*))
 *(.dtors)
 *(.rodata*)
 .rodata        0x00002bf8       0xde ./emlib/em_cmu.o
 *fill*         0x00002cd6        0x2 
 .rodata.flashWsTable
                0x00002cd8       0x28 ./emlib/em_cmu.o
 .rodata        0x00002d00       0x12 ./emlib/em_emu.o
 *fill*         0x00002d12        0x2 
 .rodata        0x00002d14       0x77 ./emlib/em_gpio.o
 *fill*         0x00002d8b        0x1 
 .rodata        0x00002d8c       0x16 ./emlib/em_letimer.o
 *fill*         0x00002da2        0x2 
 .rodata        0x00002da4       0x1e ./src/Source_Files/letimer.o
 *fill*         0x00002dc2        0x2 
 .rodata        0x00002dc4       0x22 ./src/main.o
 *fill*         0x00002de6        0x2 
 .rodata._global_impure_ptr
                0x00002de8        0x4 c:/siliconlabs/simplicitystudio/v4/developer/toolchains/gnu_arm/7.2_2017q4/bin/../lib/gcc/arm-none-eabi/7.2.1/../../../../arm-none-eabi/lib/thumb/v7e-m/fpv4-sp/softfp\libc_nano.a(lib_a-impure.o)
                0x00002de8                _global_impure_ptr
 *(.eh_frame*)
 .eh_frame      0x00002dec        0x0 c:/siliconlabs/simplicitystudio/v4/developer/toolchains/gnu_arm/7.2_2017q4/bin/../lib/gcc/arm-none-eabi/7.2.1/thumb/v7e-m/fpv4-sp/softfp/crtbegin.o
 .eh_frame      0x00002dec        0x4 c:/siliconlabs/simplicitystudio/v4/developer/toolchains/gnu_arm/7.2_2017q4/bin/../lib/gcc/arm-none-eabi/7.2.1/thumb/v7e-m/fpv4-sp/softfp/crtend.o

.glue_7         0x00002df0        0x0
 .glue_7        0x00002df0        0x0 linker stubs

.glue_7t        0x00002df0        0x0
 .glue_7t       0x00002df0        0x0 linker stubs

.vfp11_veneer   0x00002df0        0x0
 .vfp11_veneer  0x00002df0        0x0 linker stubs

.v4_bx          0x00002df0        0x0
 .v4_bx         0x00002df0        0x0 linker stubs

.iplt           0x00002df0        0x0
 .iplt          0x00002df0        0x0 c:/siliconlabs/simplicitystudio/v4/developer/toolchains/gnu_arm/7.2_2017q4/bin/../lib/gcc/arm-none-eabi/7.2.1/thumb/v7e-m/fpv4-sp/softfp/crtbegin.o

.ARM.extab
 *(.ARM.extab* .gnu.linkonce.armextab.*)
                0x00002df0                __exidx_start = .

.ARM.exidx      0x00002df0        0x8
 *(.ARM.exidx* .gnu.linkonce.armexidx.*)
 .ARM.exidx     0x00002df0        0x8 c:/siliconlabs/simplicitystudio/v4/developer/toolchains/gnu_arm/7.2_2017q4/bin/../lib/gcc/arm-none-eabi/7.2.1/../../../../arm-none-eabi/lib/thumb/v7e-m/fpv4-sp/softfp/crt0.o
                0x00002df8                __exidx_end = .
                0x00002df8                __etext = .

.rel.dyn        0x00002df8        0x0
 .rel.iplt      0x00002df8        0x0 c:/siliconlabs/simplicitystudio/v4/developer/toolchains/gnu_arm/7.2_2017q4/bin/../lib/gcc/arm-none-eabi/7.2.1/thumb/v7e-m/fpv4-sp/softfp/crtbegin.o

.data           0x20000000       0x78 load address 0x00002df8
                0x20000000                __data_start__ = .
 *(vtable)
 *(.data*)
 .data.SystemHFXOClock
                0x20000000        0x4 ./CMSIS/EFM32PG12B/system_efm32pg12b.o
 .data.SystemLFXOClock
                0x20000004        0x4 ./CMSIS/EFM32PG12B/system_efm32pg12b.o
 .data.SystemCoreClock
                0x20000008        0x4 ./CMSIS/EFM32PG12B/system_efm32pg12b.o
                0x20000008                SystemCoreClock
 .data.SystemHfrcoFreq
                0x2000000c        0x4 ./CMSIS/EFM32PG12B/system_efm32pg12b.o
                0x2000000c                SystemHfrcoFreq
 .data.impure_data
                0x20000010       0x60 c:/siliconlabs/simplicitystudio/v4/developer/toolchains/gnu_arm/7.2_2017q4/bin/../lib/gcc/arm-none-eabi/7.2.1/../../../../arm-none-eabi/lib/thumb/v7e-m/fpv4-sp/softfp\libc_nano.a(lib_a-impure.o)
                0x20000070                . = ALIGN (0x4)
                [!provide]                PROVIDE (__ram_func_section_start, .)
 *(.ram)
                [!provide]                PROVIDE (__ram_func_section_end, .)
                0x20000070                . = ALIGN (0x4)
                0x20000070                PROVIDE (__preinit_array_start, .)
 *(.preinit_array)
                0x20000070                PROVIDE (__preinit_array_end, .)
                0x20000070                . = ALIGN (0x4)
                0x20000070                PROVIDE (__init_array_start, .)
 *(SORT_BY_NAME(.init_array.*))
 *(.init_array)
 .init_array    0x20000070        0x4 c:/siliconlabs/simplicitystudio/v4/developer/toolchains/gnu_arm/7.2_2017q4/bin/../lib/gcc/arm-none-eabi/7.2.1/thumb/v7e-m/fpv4-sp/softfp/crtbegin.o
                0x20000074                PROVIDE (__init_array_end, .)
                0x20000074                . = ALIGN (0x4)
                [!provide]                PROVIDE (__fini_array_start, .)
 *(SORT_BY_NAME(.fini_array.*))
 *(.fini_array)
 .fini_array    0x20000074        0x4 c:/siliconlabs/simplicitystudio/v4/developer/toolchains/gnu_arm/7.2_2017q4/bin/../lib/gcc/arm-none-eabi/7.2.1/thumb/v7e-m/fpv4-sp/softfp/crtbegin.o
                [!provide]                PROVIDE (__fini_array_end, .)
 *(.jcr*)
                0x20000078                . = ALIGN (0x4)
                0x20000078                __data_end__ = .

.igot.plt       0x20000078        0x0 load address 0x00002e70
 .igot.plt      0x20000078        0x0 c:/siliconlabs/simplicitystudio/v4/developer/toolchains/gnu_arm/7.2_2017q4/bin/../lib/gcc/arm-none-eabi/7.2.1/thumb/v7e-m/fpv4-sp/softfp/crtbegin.o

.bss            0x20000078       0x28 load address 0x00002e70
                0x20000078                . = ALIGN (0x4)
                0x20000078                __bss_start__ = .
 *(.bss*)
 .bss           0x20000078       0x1c c:/siliconlabs/simplicitystudio/v4/developer/toolchains/gnu_arm/7.2_2017q4/bin/../lib/gcc/arm-none-eabi/7.2.1/thumb/v7e-m/fpv4-sp/softfp/crtbegin.o
 .bss.dcdcMaxCurrent_mA
                0x20000094        0x2 ./emlib/em_emu.o
 .bss.dcdcEm01LoadCurrent_mA
                0x20000096        0x2 ./emlib/em_emu.o
 .bss.dcdcReverseCurrentControl
                0x20000098        0x2 ./emlib/em_emu.o
 *fill*         0x2000009a        0x2 
 .bss.vScaleEM01Config
                0x2000009c        0x1 ./emlib/em_emu.o
 *(COMMON)
                0x200000a0                . = ALIGN (0x4)
 *fill*         0x2000009d        0x3 
                0x200000a0                __bss_end__ = .

.heap           0x200000a0      0xc00
                0x200000a0                __HeapBase = .
                0x200000a0                __end__ = .
                0x200000a0                end = __end__
                0x200000a0                _end = __end__
 *(.heap*)
 .heap          0x200000a0      0xc00 ./CMSIS/EFM32PG12B/startup_gcc_efm32pg12b.o
                0x20000ca0                __HeapLimit = .

.stack_dummy    0x200000a0      0x400
 *(.stack*)
 .stack         0x200000a0      0x400 ./CMSIS/EFM32PG12B/startup_gcc_efm32pg12b.o
                0x20040000                __StackTop = (ORIGIN (RAM) + LENGTH (RAM))
                0x2003fc00                __StackLimit = (__StackTop - SIZEOF (.stack_dummy))
                0x20040000                PROVIDE (__stack, __StackTop)
                0x00000001                ASSERT ((__StackLimit >= __HeapLimit), region RAM overflowed with stack)
                0x00000001                ASSERT ((LENGTH (FLASH) >= (__etext + SIZEOF (.data))), FLASH memory overflowed !)
OUTPUT(AB_Student_PWM_F20.axf elf32-littlearm)

.ARM.attributes
                0x00000000       0x2e
 .ARM.attributes
                0x00000000       0x22 c:/siliconlabs/simplicitystudio/v4/developer/toolchains/gnu_arm/7.2_2017q4/bin/../lib/gcc/arm-none-eabi/7.2.1/thumb/v7e-m/fpv4-sp/softfp/crti.o
 .ARM.attributes
                0x00000022       0x32 c:/siliconlabs/simplicitystudio/v4/developer/toolchains/gnu_arm/7.2_2017q4/bin/../lib/gcc/arm-none-eabi/7.2.1/thumb/v7e-m/fpv4-sp/softfp/crtbegin.o
 .ARM.attributes
                0x00000054       0x20 c:/siliconlabs/simplicitystudio/v4/developer/toolchains/gnu_arm/7.2_2017q4/bin/../lib/gcc/arm-none-eabi/7.2.1/../../../../arm-none-eabi/lib/thumb/v7e-m/fpv4-sp/softfp/crt0.o
 .ARM.attributes
                0x00000074       0x1f ./CMSIS/EFM32PG12B/startup_gcc_efm32pg12b.o
 .ARM.attributes
                0x00000093       0x37 ./CMSIS/EFM32PG12B/system_efm32pg12b.o
 .ARM.attributes
                0x000000ca       0x37 ./emlib/em_assert.o
 .ARM.attributes
                0x00000101       0x37 ./emlib/em_cmu.o
 .ARM.attributes
                0x00000138       0x37 ./emlib/em_emu.o
 .ARM.attributes
                0x0000016f       0x37 ./emlib/em_gpio.o
 .ARM.attributes
                0x000001a6       0x37 ./emlib/em_letimer.o
 .ARM.attributes
                0x000001dd       0x37 ./src/Source_Files/app.o
 .ARM.attributes
                0x00000214       0x37 ./src/Source_Files/cmu.o
 .ARM.attributes
                0x0000024b       0x37 ./src/Source_Files/gpio.o
 .ARM.attributes
                0x00000282       0x37 ./src/Source_Files/letimer.o
 .ARM.attributes
                0x000002b9       0x37 ./src/main.o
 .ARM.attributes
                0x000002f0       0x32 c:/siliconlabs/simplicitystudio/v4/developer/toolchains/gnu_arm/7.2_2017q4/bin/../lib/gcc/arm-none-eabi/7.2.1/../../../../arm-none-eabi/lib/thumb/v7e-m/fpv4-sp/softfp\libc_nano.a(lib_a-exit.o)
 .ARM.attributes
                0x00000322       0x32 c:/siliconlabs/simplicitystudio/v4/developer/toolchains/gnu_arm/7.2_2017q4/bin/../lib/gcc/arm-none-eabi/7.2.1/../../../../arm-none-eabi/lib/thumb/v7e-m/fpv4-sp/softfp\libc_nano.a(lib_a-impure.o)
 .ARM.attributes
                0x00000354       0x32 c:/siliconlabs/simplicitystudio/v4/developer/toolchains/gnu_arm/7.2_2017q4/bin/../lib/gcc/arm-none-eabi/7.2.1/../../../../arm-none-eabi/lib/thumb/v7e-m/fpv4-sp/softfp\libc_nano.a(lib_a-init.o)
 .ARM.attributes
                0x00000386       0x32 c:/siliconlabs/simplicitystudio/v4/developer/toolchains/gnu_arm/7.2_2017q4/bin/../lib/gcc/arm-none-eabi/7.2.1/../../../../arm-none-eabi/lib/thumb/v7e-m/fpv4-sp/softfp\libc_nano.a(lib_a-memset.o)
 .ARM.attributes
                0x000003b8       0x32 c:/siliconlabs/simplicitystudio/v4/developer/toolchains/gnu_arm/7.2_2017q4/bin/../lib/gcc/arm-none-eabi/7.2.1/../../../../arm-none-eabi/lib/thumb/v7e-m/fpv4-sp/softfp\libnosys.a(_exit.o)
 .ARM.attributes
                0x000003ea       0x32 c:/siliconlabs/simplicitystudio/v4/developer/toolchains/gnu_arm/7.2_2017q4/bin/../lib/gcc/arm-none-eabi/7.2.1/thumb/v7e-m/fpv4-sp/softfp/crtend.o
 .ARM.attributes
                0x0000041c       0x22 c:/siliconlabs/simplicitystudio/v4/developer/toolchains/gnu_arm/7.2_2017q4/bin/../lib/gcc/arm-none-eabi/7.2.1/thumb/v7e-m/fpv4-sp/softfp/crtn.o

.comment        0x00000000       0x7e
 .comment       0x00000000       0x7e ./CMSIS/EFM32PG12B/system_efm32pg12b.o
                                 0x7f (size before relaxing)
 .comment       0x0000007e       0x7f ./emlib/em_assert.o
 .comment       0x0000007e       0x7f ./emlib/em_cmu.o
 .comment       0x0000007e       0x7f ./emlib/em_emu.o
 .comment       0x0000007e       0x7f ./emlib/em_gpio.o
 .comment       0x0000007e       0x7f ./emlib/em_letimer.o
 .comment       0x0000007e       0x7f ./src/Source_Files/app.o
 .comment       0x0000007e       0x7f ./src/Source_Files/cmu.o
 .comment       0x0000007e       0x7f ./src/Source_Files/gpio.o
 .comment       0x0000007e       0x7f ./src/Source_Files/letimer.o
 .comment       0x0000007e       0x7f ./src/main.o

.debug_line     0x00000000     0x78a7
 .debug_line    0x00000000       0x78 ./CMSIS/EFM32PG12B/startup_gcc_efm32pg12b.o
 .debug_line    0x00000078      0x8a6 ./CMSIS/EFM32PG12B/system_efm32pg12b.o
 .debug_line    0x0000091e      0x12f ./emlib/em_assert.o
 .debug_line    0x00000a4d     0x1469 ./emlib/em_cmu.o
 .debug_line    0x00001eb6     0x144c ./emlib/em_emu.o
 .debug_line    0x00003302      0xc7c ./emlib/em_gpio.o
 .debug_line    0x00003f7e      0xa55 ./emlib/em_letimer.o
 .debug_line    0x000049d3      0x940 ./src/Source_Files/app.o
 .debug_line    0x00005313      0x8e7 ./src/Source_Files/cmu.o
 .debug_line    0x00005bfa      0x8f9 ./src/Source_Files/gpio.o
 .debug_line    0x000064f3      0x94b ./src/Source_Files/letimer.o
 .debug_line    0x00006e3e      0xa69 ./src/main.o

.debug_info     0x00000000     0x9507
 .debug_info    0x00000000       0x26 ./CMSIS/EFM32PG12B/startup_gcc_efm32pg12b.o
 .debug_info    0x00000026      0x93f ./CMSIS/EFM32PG12B/system_efm32pg12b.o
 .debug_info    0x00000965       0x7e ./emlib/em_assert.o
 .debug_info    0x000009e3     0x24b2 ./emlib/em_cmu.o
 .debug_info    0x00002e95     0x25b5 ./emlib/em_emu.o
 .debug_info    0x0000544a      0xad0 ./emlib/em_gpio.o
 .debug_info    0x00005f1a      0x6ef ./emlib/em_letimer.o
 .debug_info    0x00006609      0x372 ./src/Source_Files/app.o
 .debug_info    0x0000697b      0x37c ./src/Source_Files/cmu.o
 .debug_info    0x00006cf7      0x3c1 ./src/Source_Files/gpio.o
 .debug_info    0x000070b8      0x65e ./src/Source_Files/letimer.o
 .debug_info    0x00007716     0x1df1 ./src/main.o

.debug_abbrev   0x00000000     0x1478
 .debug_abbrev  0x00000000       0x14 ./CMSIS/EFM32PG12B/startup_gcc_efm32pg12b.o
 .debug_abbrev  0x00000014      0x1ed ./CMSIS/EFM32PG12B/system_efm32pg12b.o
 .debug_abbrev  0x00000201       0x68 ./emlib/em_assert.o
 .debug_abbrev  0x00000269      0x354 ./emlib/em_cmu.o
 .debug_abbrev  0x000005bd      0x375 ./emlib/em_emu.o
 .debug_abbrev  0x00000932      0x233 ./emlib/em_gpio.o
 .debug_abbrev  0x00000b65      0x268 ./emlib/em_letimer.o
 .debug_abbrev  0x00000dcd      0x12d ./src/Source_Files/app.o
 .debug_abbrev  0x00000efa       0xef ./src/Source_Files/cmu.o
 .debug_abbrev  0x00000fe9       0xef ./src/Source_Files/gpio.o
 .debug_abbrev  0x000010d8      0x154 ./src/Source_Files/letimer.o
 .debug_abbrev  0x0000122c      0x24c ./src/main.o

.debug_aranges  0x00000000      0x628
 .debug_aranges
                0x00000000       0x20 ./CMSIS/EFM32PG12B/startup_gcc_efm32pg12b.o
 .debug_aranges
                0x00000020       0x68 ./CMSIS/EFM32PG12B/system_efm32pg12b.o
 .debug_aranges
                0x00000088       0x20 ./emlib/em_assert.o
 .debug_aranges
                0x000000a8      0x1c8 ./emlib/em_cmu.o
 .debug_aranges
                0x00000270      0x1e0 ./emlib/em_emu.o
 .debug_aranges
                0x00000450       0x88 ./emlib/em_gpio.o
 .debug_aranges
                0x000004d8       0x88 ./emlib/em_letimer.o
 .debug_aranges
                0x00000560       0x28 ./src/Source_Files/app.o
 .debug_aranges
                0x00000588       0x20 ./src/Source_Files/cmu.o
 .debug_aranges
                0x000005a8       0x20 ./src/Source_Files/gpio.o
 .debug_aranges
                0x000005c8       0x28 ./src/Source_Files/letimer.o
 .debug_aranges
                0x000005f0       0x38 ./src/main.o

.debug_str      0x00000000   0x157677
 .debug_str     0x00000000       0x98 ./CMSIS/EFM32PG12B/startup_gcc_efm32pg12b.o
 .debug_str     0x00000098   0x14e258 ./CMSIS/EFM32PG12B/system_efm32pg12b.o
                             0x14f18b (size before relaxing)
 .debug_str     0x0014e2f0       0xb8 ./emlib/em_assert.o
                               0x2ddb (size before relaxing)
 .debug_str     0x0014e3a8     0x4e83 ./emlib/em_cmu.o
                             0x154038 (size before relaxing)
 .debug_str     0x0015322b     0x19bd ./emlib/em_emu.o
                             0x154aa7 (size before relaxing)
 .debug_str     0x00154be8      0x4c1 ./emlib/em_gpio.o
                             0x14fbf6 (size before relaxing)
 .debug_str     0x001550a9      0x359 ./emlib/em_letimer.o
                             0x150873 (size before relaxing)
 .debug_str     0x00155402      0x2db ./src/Source_Files/app.o
                             0x15088a (size before relaxing)
 .debug_str     0x001556dd       0x23 ./src/Source_Files/cmu.o
                             0x1508c6 (size before relaxing)
 .debug_str     0x00155700       0x25 ./src/Source_Files/gpio.o
                             0x150b9b (size before relaxing)
 .debug_str     0x00155725       0x6f ./src/Source_Files/letimer.o
                             0x150a96 (size before relaxing)
 .debug_str     0x00155794     0x1ee3 ./src/main.o
                             0x155283 (size before relaxing)

.debug_loc      0x00000000     0x303a
 .debug_loc     0x00000000      0x2e4 ./CMSIS/EFM32PG12B/system_efm32pg12b.o
 .debug_loc     0x000002e4       0x38 ./emlib/em_assert.o
 .debug_loc     0x0000031c     0x10a4 ./emlib/em_cmu.o
 .debug_loc     0x000013c0     0x10b2 ./emlib/em_emu.o
 .debug_loc     0x00002472      0x49c ./emlib/em_gpio.o
 .debug_loc     0x0000290e      0x4a8 ./emlib/em_letimer.o
 .debug_loc     0x00002db6       0x7c ./src/Source_Files/app.o
 .debug_loc     0x00002e32       0x2c ./src/Source_Files/cmu.o
 .debug_loc     0x00002e5e       0x2c ./src/Source_Files/gpio.o
 .debug_loc     0x00002e8a       0xa0 ./src/Source_Files/letimer.o
 .debug_loc     0x00002f2a      0x110 ./src/main.o

.debug_ranges   0x00000000      0x558
 .debug_ranges  0x00000000       0x58 ./CMSIS/EFM32PG12B/system_efm32pg12b.o
 .debug_ranges  0x00000058       0x10 ./emlib/em_assert.o
 .debug_ranges  0x00000068      0x1b8 ./emlib/em_cmu.o
 .debug_ranges  0x00000220      0x1d0 ./emlib/em_emu.o
 .debug_ranges  0x000003f0       0x78 ./emlib/em_gpio.o
 .debug_ranges  0x00000468       0x78 ./emlib/em_letimer.o
 .debug_ranges  0x000004e0       0x18 ./src/Source_Files/app.o
 .debug_ranges  0x000004f8       0x10 ./src/Source_Files/cmu.o
 .debug_ranges  0x00000508       0x10 ./src/Source_Files/gpio.o
 .debug_ranges  0x00000518       0x18 ./src/Source_Files/letimer.o
 .debug_ranges  0x00000530       0x28 ./src/main.o

.debug_macro    0x00000000    0x326b0
 .debug_macro   0x00000000      0x282 ./CMSIS/EFM32PG12B/system_efm32pg12b.o
 .debug_macro   0x00000282      0xa4e ./CMSIS/EFM32PG12B/system_efm32pg12b.o
 .debug_macro   0x00000cd0       0x22 ./CMSIS/EFM32PG12B/system_efm32pg12b.o
 .debug_macro   0x00000cf2       0x4f ./CMSIS/EFM32PG12B/system_efm32pg12b.o
 .debug_macro   0x00000d41       0x51 ./CMSIS/EFM32PG12B/system_efm32pg12b.o
 .debug_macro   0x00000d92       0xef ./CMSIS/EFM32PG12B/system_efm32pg12b.o
 .debug_macro   0x00000e81       0x6a ./CMSIS/EFM32PG12B/system_efm32pg12b.o
 .debug_macro   0x00000eeb      0x1df ./CMSIS/EFM32PG12B/system_efm32pg12b.o
 .debug_macro   0x000010ca      0x4b1 ./CMSIS/EFM32PG12B/system_efm32pg12b.o
 .debug_macro   0x0000157b       0x1c ./CMSIS/EFM32PG12B/system_efm32pg12b.o
 .debug_macro   0x00001597       0x22 ./CMSIS/EFM32PG12B/system_efm32pg12b.o
 .debug_macro   0x000015b9       0xdf ./CMSIS/EFM32PG12B/system_efm32pg12b.o
 .debug_macro   0x00001698      0xff5 ./CMSIS/EFM32PG12B/system_efm32pg12b.o
 .debug_macro   0x0000268d       0xe2 ./CMSIS/EFM32PG12B/system_efm32pg12b.o
 .debug_macro   0x0000276f      0xe1c ./CMSIS/EFM32PG12B/system_efm32pg12b.o
 .debug_macro   0x0000358b     0x2275 ./CMSIS/EFM32PG12B/system_efm32pg12b.o
 .debug_macro   0x00005800      0x329 ./CMSIS/EFM32PG12B/system_efm32pg12b.o
 .debug_macro   0x00005b29     0x3119 ./CMSIS/EFM32PG12B/system_efm32pg12b.o
 .debug_macro   0x00008c42     0x1bba ./CMSIS/EFM32PG12B/system_efm32pg12b.o
 .debug_macro   0x0000a7fc     0x2674 ./CMSIS/EFM32PG12B/system_efm32pg12b.o
 .debug_macro   0x0000ce70     0x1b19 ./CMSIS/EFM32PG12B/system_efm32pg12b.o
 .debug_macro   0x0000e989      0xe2b ./CMSIS/EFM32PG12B/system_efm32pg12b.o
 .debug_macro   0x0000f7b4      0x344 ./CMSIS/EFM32PG12B/system_efm32pg12b.o
 .debug_macro   0x0000faf8      0x29d ./CMSIS/EFM32PG12B/system_efm32pg12b.o
 .debug_macro   0x0000fd95     0x2763 ./CMSIS/EFM32PG12B/system_efm32pg12b.o
 .debug_macro   0x000124f8     0x31cc ./CMSIS/EFM32PG12B/system_efm32pg12b.o
 .debug_macro   0x000156c4     0x136b ./CMSIS/EFM32PG12B/system_efm32pg12b.o
 .debug_macro   0x00016a2f      0xde2 ./CMSIS/EFM32PG12B/system_efm32pg12b.o
 .debug_macro   0x00017811      0x249 ./CMSIS/EFM32PG12B/system_efm32pg12b.o
 .debug_macro   0x00017a5a     0x1042 ./CMSIS/EFM32PG12B/system_efm32pg12b.o
 .debug_macro   0x00018a9c     0x1605 ./CMSIS/EFM32PG12B/system_efm32pg12b.o
 .debug_macro   0x0001a0a1     0x3cb7 ./CMSIS/EFM32PG12B/system_efm32pg12b.o
 .debug_macro   0x0001dd58     0x23fc ./CMSIS/EFM32PG12B/system_efm32pg12b.o
 .debug_macro   0x00020154      0x70c ./CMSIS/EFM32PG12B/system_efm32pg12b.o
 .debug_macro   0x00020860     0x26ef ./CMSIS/EFM32PG12B/system_efm32pg12b.o
 .debug_macro   0x00022f4f     0x1700 ./CMSIS/EFM32PG12B/system_efm32pg12b.o
 .debug_macro   0x0002464f     0x2efb ./CMSIS/EFM32PG12B/system_efm32pg12b.o
 .debug_macro   0x0002754a      0xfaf ./CMSIS/EFM32PG12B/system_efm32pg12b.o
 .debug_macro   0x000284f9      0x6c3 ./CMSIS/EFM32PG12B/system_efm32pg12b.o
 .debug_macro   0x00028bbc     0x1021 ./CMSIS/EFM32PG12B/system_efm32pg12b.o
 .debug_macro   0x00029bdd      0x888 ./CMSIS/EFM32PG12B/system_efm32pg12b.o
 .debug_macro   0x0002a465      0x4ff ./CMSIS/EFM32PG12B/system_efm32pg12b.o
 .debug_macro   0x0002a964     0x1be1 ./CMSIS/EFM32PG12B/system_efm32pg12b.o
 .debug_macro   0x0002c545       0x40 ./CMSIS/EFM32PG12B/system_efm32pg12b.o
 .debug_macro   0x0002c585      0x2ce ./CMSIS/EFM32PG12B/system_efm32pg12b.o
 .debug_macro   0x0002c853      0x381 ./CMSIS/EFM32PG12B/system_efm32pg12b.o
 .debug_macro   0x0002cbd4      0x190 ./CMSIS/EFM32PG12B/system_efm32pg12b.o
 .debug_macro   0x0002cd64     0x27bf ./CMSIS/EFM32PG12B/system_efm32pg12b.o
 .debug_macro   0x0002f523      0x303 ./CMSIS/EFM32PG12B/system_efm32pg12b.o
 .debug_macro   0x0002f826      0x303 ./CMSIS/EFM32PG12B/system_efm32pg12b.o
 .debug_macro   0x0002fb29       0x23 ./emlib/em_assert.o
 .debug_macro   0x0002fb4c      0x3a9 ./emlib/em_cmu.o
 .debug_macro   0x0002fef5       0x58 ./emlib/em_cmu.o
 .debug_macro   0x0002ff4d      0x34d ./emlib/em_cmu.o
 .debug_macro   0x0003029a       0x25 ./emlib/em_cmu.o
 .debug_macro   0x000302bf       0xee ./emlib/em_cmu.o
 .debug_macro   0x000303ad       0x87 ./emlib/em_cmu.o
 .debug_macro   0x00030434      0x3c3 ./emlib/em_emu.o
 .debug_macro   0x000307f7       0x52 ./emlib/em_emu.o
 .debug_macro   0x00030849       0x55 ./emlib/em_emu.o
 .debug_macro   0x0003089e      0x353 ./emlib/em_emu.o
 .debug_macro   0x00030bf1       0xd9 ./emlib/em_emu.o
 .debug_macro   0x00030cca       0x81 ./emlib/em_emu.o
 .debug_macro   0x00030d4b       0xc0 ./emlib/em_emu.o
 .debug_macro   0x00030e0b      0x295 ./emlib/em_gpio.o
 .debug_macro   0x000310a0      0x2c1 ./emlib/em_letimer.o
 .debug_macro   0x00031361      0x2e8 ./src/Source_Files/app.o
 .debug_macro   0x00031649       0x5e ./src/Source_Files/app.o
 .debug_macro   0x000316a7       0x10 ./src/Source_Files/app.o
 .debug_macro   0x000316b7       0x10 ./src/Source_Files/app.o
 .debug_macro   0x000316c7      0x2a9 ./src/Source_Files/cmu.o
 .debug_macro   0x00031970      0x2b6 ./src/Source_Files/gpio.o
 .debug_macro   0x00031c26      0x2c9 ./src/Source_Files/letimer.o
 .debug_macro   0x00031eef      0x409 ./src/main.o
 .debug_macro   0x000322f8       0x16 ./src/main.o
 .debug_macro   0x0003230e       0x97 ./src/main.o
 .debug_macro   0x000323a5       0xf6 ./src/main.o
 .debug_macro   0x0003249b       0x10 ./src/main.o
 .debug_macro   0x000324ab       0x10 ./src/main.o
 .debug_macro   0x000324bb       0xb6 ./src/main.o
 .debug_macro   0x00032571       0x16 ./src/main.o
 .debug_macro   0x00032587      0x129 ./src/main.o

.debug_frame    0x00000000     0x1790
 .debug_frame   0x00000000      0x164 ./CMSIS/EFM32PG12B/system_efm32pg12b.o
 .debug_frame   0x00000164       0x2c ./emlib/em_assert.o
 .debug_frame   0x00000190      0x7b8 ./emlib/em_cmu.o
 .debug_frame   0x00000948      0x7e0 ./emlib/em_emu.o
 .debug_frame   0x00001128      0x21c ./emlib/em_gpio.o
 .debug_frame   0x00001344      0x220 ./emlib/em_letimer.o
 .debug_frame   0x00001564       0x50 ./src/Source_Files/app.o
 .debug_frame   0x000015b4       0x2c ./src/Source_Files/cmu.o
 .debug_frame   0x000015e0       0x2c ./src/Source_Files/gpio.o
 .debug_frame   0x0000160c       0x58 ./src/Source_Files/letimer.o
 .debug_frame   0x00001664       0x98 ./src/main.o
 .debug_frame   0x000016fc       0x28 c:/siliconlabs/simplicitystudio/v4/developer/toolchains/gnu_arm/7.2_2017q4/bin/../lib/gcc/arm-none-eabi/7.2.1/../../../../arm-none-eabi/lib/thumb/v7e-m/fpv4-sp/softfp\libc_nano.a(lib_a-exit.o)
 .debug_frame   0x00001724       0x2c c:/siliconlabs/simplicitystudio/v4/developer/toolchains/gnu_arm/7.2_2017q4/bin/../lib/gcc/arm-none-eabi/7.2.1/../../../../arm-none-eabi/lib/thumb/v7e-m/fpv4-sp/softfp\libc_nano.a(lib_a-init.o)
 .debug_frame   0x00001750       0x20 c:/siliconlabs/simplicitystudio/v4/developer/toolchains/gnu_arm/7.2_2017q4/bin/../lib/gcc/arm-none-eabi/7.2.1/../../../../arm-none-eabi/lib/thumb/v7e-m/fpv4-sp/softfp\libc_nano.a(lib_a-memset.o)
 .debug_frame   0x00001770       0x20 c:/siliconlabs/simplicitystudio/v4/developer/toolchains/gnu_arm/7.2_2017q4/bin/../lib/gcc/arm-none-eabi/7.2.1/../../../../arm-none-eabi/lib/thumb/v7e-m/fpv4-sp/softfp\libnosys.a(_exit.o)
